<?xml version="1.0" encoding="utf-8"?>
<test-run id="2" testcasecount="777" result="Skipped:Ignored" total="777" passed="776" failed="0" inconclusive="0" skipped="1" asserts="0" engine-version="3.5.0.0" clr-version="4.0.30319.42000" start-time="2026-07-03 16:39:53Z" end-time="2026-07-03 16:40:00Z" duration="7.2583404">
  <test-suite type="TestSuite" id="1000" name="Now-UI-Unity" fullname="Now-UI-Unity" runstate="Runnable" testcasecount="777" result="Skipped" label="Ignored" start-time="2026-07-03 16:39:53Z" end-time="2026-07-03 16:40:00Z" duration="7.258340" total="777" passed="776" failed="0" inconclusive="0" skipped="1" asserts="0">
    <properties>
      <property name="platform" value="EditMode" />
    </properties>
    <reason>
      <message><![CDATA[One or more child tests were ignored]]></message>
    </reason>
    <test-suite type="Assembly" id="1822" name="Tests.dll" fullname="C:/wkspaces/unity/Now-UI/Library/ScriptAssemblies/Tests.dll" runstate="Runnable" testcasecount="777" result="Skipped" label="Ignored" start-time="2026-07-03 16:39:53Z" end-time="2026-07-03 16:40:00Z" duration="7.253424" total="777" passed="776" failed="0" inconclusive="0" skipped="1" asserts="0">
      <properties>
        <property name="_PID" value="34512" />
        <property name="_APPDOMAIN" value="Unity Child Domain" />
        <property name="platform" value="EditMode" />
        <property name="EditorOnly" value="True" />
      </properties>
      <reason>
        <message><![CDATA[One or more child tests were ignored]]></message>
      </reason>
      <test-suite type="TestFixture" id="1001" name="NowCodeEditorTests" fullname="NowCodeEditorTests" classname="NowCodeEditorTests" runstate="Runnable" testcasecount="32" result="Passed" start-time="2026-07-03 16:39:53Z" end-time="2026-07-03 16:39:55Z" duration="1.297575" total="32" passed="32" failed="0" inconclusive="0" skipped="0" asserts="0">
        <properties />
        <test-case id="1015" name="BackspaceInsideEmptyPairDeletesBoth" fullname="NowCodeEditorTests.BackspaceInsideEmptyPairDeletesBoth" methodname="BackspaceInsideEmptyPairDeletesBoth" classname="NowCodeEditorTests" runstate="Runnable" seed="195889260" result="Passed" start-time="2026-07-03 16:39:53Z" end-time="2026-07-03 16:39:54Z" duration="0.379287" asserts="0">
          <properties>
            <property name="retryIteration" value="0" />
            <property name="repeatIteration" value="0" />
          </properties>
        </test-case>
        <test-case id="1027" name="CopyWithoutSelectionCopiesTheWholeLine" fullname="NowCodeEditorTests.CopyWithoutSelectionCopiesTheWholeLine" methodname="CopyWithoutSelectionCopiesTheWholeLine" classname="NowCodeEditorTests" runstate="Runnable" seed="1574775668" result="Passed" start-time="2026-07-03 16:39:54Z" end-time="2026-07-03 16:39:54Z" duration="0.241692" asserts="0">
          <properties>
            <property name="retryIteration" value="0" />
            <property name="repeatIteration" value="0" />
          </properties>
        </test-case>
        <test-case id="1026" name="CtrlDDuplicatesTheCurrentLine" fullname="NowCodeEditorTests.CtrlDDuplicatesTheCurrentLine" methodname="CtrlDDuplicatesTheCurrentLine" classname="NowCodeEditorTests" runstate="Runnable" seed="1320269057" result="Passed" start-time="2026-07-03 16:39:54Z" end-time="2026-07-03 16:39:54Z" duration="0.067230" asserts="0">
          <properties>
            <property name="retryIteration" value="0" />
            <property name="repeatIteration" value="0" />
          </properties>
        </test-case>
        <test-case id="1028" name="CutWithoutSelectionRemovesTheWholeLine" fullname="NowCodeEditorTests.CutWithoutSelectionRemovesTheWholeLine" methodname="CutWithoutSelectionRemovesTheWholeLine" classname="NowCodeEditorTests" runstate="Runnable" seed="1231713006" result="Passed" start-time="2026-07-03 16:39:54Z" end-time="2026-07-03 16:39:54Z" duration="0.040969" asserts="0">
          <properties>
            <property name="retryIteration" value="0" />
            <property name="repeatIteration" value="0" />
          </properties>
        </test-case>
        <test-case id="1023" name="DoubleClickDragExtendsByWholeWords" fullname="NowCodeEditorTests.DoubleClickDragExtendsByWholeWords" methodname="DoubleClickDragExtendsByWholeWords" classname="NowCodeEditorTests" runstate="Runnable" seed="2049292725" result="Passed" start-time="2026-07-03 16:39:54Z" end-time="2026-07-03 16:39:54Z" duration="0.068117" asserts="0">
          <properties>
            <property name="retryIteration" value="0" />
            <property name="repeatIteration" value="0" />
          </properties>
        </test-case>
        <test-case id="1016" name="EnterBetweenBracesExpandsWithIndent" fullname="NowCodeEditorTests.EnterBetweenBracesExpandsWithIndent" methodname="EnterBetweenBracesExpandsWithIndent" classname="NowCodeEditorTests" runstate="Runnable" seed="1388557062" result="Passed" start-time="2026-07-03 16:39:54Z" end-time="2026-07-03 16:39:54Z" duration="0.064771" asserts="0">
          <properties>
            <property name="retryIteration" value="0" />
            <property name="repeatIteration" value="0" />
          </properties>
        </test-case>
        <test-case id="1021" name="EnterBetweenMarkupTagsExpandsWithIndent" fullname="NowCodeEditorTests.EnterBetweenMarkupTagsExpandsWithIndent" methodname="EnterBetweenMarkupTagsExpandsWithIndent" classname="NowCodeEditorTests" runstate="Runnable" seed="1586331656" result="Passed" start-time="2026-07-03 16:39:54Z" end-time="2026-07-03 16:39:54Z" duration="0.041813" asserts="0">
          <properties>
            <property name="retryIteration" value="0" />
            <property name="repeatIteration" value="0" />
          </properties>
        </test-case>
        <test-case id="1032" name="FocusedWheelScrollCanHideCaretUntilCaretNavigation" fullname="NowCodeEditorTests.FocusedWheelScrollCanHideCaretUntilCaretNavigation" methodname="FocusedWheelScrollCanHideCaretUntilCaretNavigation" classname="NowCodeEditorTests" runstate="Runnable" seed="1210938299" result="Passed" start-time="2026-07-03 16:39:54Z" end-time="2026-07-03 16:39:54Z" duration="0.305030" asserts="0">
          <properties>
            <property name="retryIteration" value="0" />
            <property name="repeatIteration" value="0" />
          </properties>
        </test-case>
        <test-case id="1029" name="HeldEnterRepeatsAfterAReleaseButNotWithinTheDelay" fullname="NowCodeEditorTests.HeldEnterRepeatsAfterAReleaseButNotWithinTheDelay" methodname="HeldEnterRepeatsAfterAReleaseButNotWithinTheDelay" classname="NowCodeEditorTests" runstate="Runnable" seed="1199341157" result="Passed" start-time="2026-07-03 16:39:54Z" end-time="2026-07-03 16:39:54Z" duration="0.000842" asserts="0">
          <properties>
            <property name="retryIteration" value="0" />
            <property name="repeatIteration" value="0" />
          </properties>
        </test-case>
        <test-case id="1002" name="JsonTokenizerClassifiesPropertiesStringsNumbersAndKeywords" fullname="NowCodeEditorTests.JsonTokenizerClassifiesPropertiesStringsNumbersAndKeywords" methodname="JsonTokenizerClassifiesPropertiesStringsNumbersAndKeywords" classname="NowCodeEditorTests" runstate="Runnable" seed="1666179224" result="Passed" start-time="2026-07-03 16:39:54Z" end-time="2026-07-03 16:39:54Z" duration="0.000685" asserts="0">
          <properties>
            <property name="retryIteration" value="0" />
            <property name="repeatIteration" value="0" />
          </properties>
        </test-case>
        <test-case id="1003" name="JsonValidatorAcceptsValidDocuments" fullname="NowCodeEditorTests.JsonValidatorAcceptsValidDocuments" methodname="JsonValidatorAcceptsValidDocuments" classname="NowCodeEditorTests" runstate="Runnable" seed="402283554" result="Passed" start-time="2026-07-03 16:39:54Z" end-time="2026-07-03 16:39:54Z" duration="0.000440" asserts="0">
          <properties>
            <property name="retryIteration" value="0" />
            <property name="repeatIteration" value="0" />
          </properties>
        </test-case>
        <test-case id="1005" name="JsonValidatorFlagsTrailingCommasUnterminatedStringsAndComments" fullname="NowCodeEditorTests.JsonValidatorFlagsTrailingCommasUnterminatedStringsAndComments" methodname="JsonValidatorFlagsTrailingCommasUnterminatedStringsAndComments" classname="NowCodeEditorTests" runstate="Runnable" seed="795495708" result="Passed" start-time="2026-07-03 16:39:54Z" end-time="2026-07-03 16:39:54Z" duration="0.000596" asserts="0">
          <properties>
            <property name="retryIteration" value="0" />
            <property name="repeatIteration" value="0" />
          </properties>
        </test-case>
        <test-case id="1004" name="JsonValidatorPositionsMissingCommaErrors" fullname="NowCodeEditorTests.JsonValidatorPositionsMissingCommaErrors" methodname="JsonValidatorPositionsMissingCommaErrors" classname="NowCodeEditorTests" runstate="Runnable" seed="2105218306" result="Passed" start-time="2026-07-03 16:39:54Z" end-time="2026-07-03 16:39:54Z" duration="0.000173" asserts="0">
          <properties>
            <property name="retryIteration" value="0" />
            <property name="repeatIteration" value="0" />
          </properties>
        </test-case>
        <test-case id="1007" name="LanguageRegistryFindsMarkdownAndMarkupAliases" fullname="NowCodeEditorTests.LanguageRegistryFindsMarkdownAndMarkupAliases" methodname="LanguageRegistryFindsMarkdownAndMarkupAliases" classname="NowCodeEditorTests" runstate="Runnable" seed="1357560267" result="Passed" start-time="2026-07-03 16:39:54Z" end-time="2026-07-03 16:39:54Z" duration="0.000825" asserts="0">
          <properties>
            <property name="retryIteration" value="0" />
            <property name="repeatIteration" value="0" />
          </properties>
        </test-case>
        <test-case id="1009" name="MarkdownFencesDelegateToMarkupAliases" fullname="NowCodeEditorTests.MarkdownFencesDelegateToMarkupAliases" methodname="MarkdownFencesDelegateToMarkupAliases" classname="NowCodeEditorTests" runstate="Runnable" seed="947023572" result="Passed" start-time="2026-07-03 16:39:54Z" end-time="2026-07-03 16:39:54Z" duration="0.000841" asserts="0">
          <properties>
            <property name="retryIteration" value="0" />
            <property name="repeatIteration" value="0" />
          </properties>
        </test-case>
        <test-case id="1008" name="MarkdownFencesDelegateToTheEmbeddedLanguage" fullname="NowCodeEditorTests.MarkdownFencesDelegateToTheEmbeddedLanguage" methodname="MarkdownFencesDelegateToTheEmbeddedLanguage" classname="NowCodeEditorTests" runstate="Runnable" seed="93066005" result="Passed" start-time="2026-07-03 16:39:54Z" end-time="2026-07-03 16:39:54Z" duration="0.000366" asserts="0">
          <properties>
            <property name="retryIteration" value="0" />
            <property name="repeatIteration" value="0" />
          </properties>
        </test-case>
        <test-case id="1006" name="MarkdownTokenizerHighlightsStructure" fullname="NowCodeEditorTests.MarkdownTokenizerHighlightsStructure" methodname="MarkdownTokenizerHighlightsStructure" classname="NowCodeEditorTests" runstate="Runnable" seed="1948972497" result="Passed" start-time="2026-07-03 16:39:54Z" end-time="2026-07-03 16:39:54Z" duration="0.000542" asserts="0">
          <properties>
            <property name="retryIteration" value="0" />
            <property name="repeatIteration" value="0" />
          </properties>
        </test-case>
        <test-case id="1010" name="MarkdownValidatorWarnsOnUnclosedFence" fullname="NowCodeEditorTests.MarkdownValidatorWarnsOnUnclosedFence" methodname="MarkdownValidatorWarnsOnUnclosedFence" classname="NowCodeEditorTests" runstate="Runnable" seed="1732684009" result="Passed" start-time="2026-07-03 16:39:54Z" end-time="2026-07-03 16:39:54Z" duration="0.000350" asserts="0">
          <properties>
            <property name="retryIteration" value="0" />
            <property name="repeatIteration" value="0" />
          </properties>
        </test-case>
        <test-case id="1020" name="MarkupSlashCompletesNearestOpenTag" fullname="NowCodeEditorTests.MarkupSlashCompletesNearestOpenTag" methodname="MarkupSlashCompletesNearestOpenTag" classname="NowCodeEditorTests" runstate="Runnable" seed="2124679247" result="Passed" start-time="2026-07-03 16:39:54Z" end-time="2026-07-03 16:39:55Z" duration="0.037192" asserts="0">
          <properties>
            <property name="retryIteration" value="0" />
            <property name="repeatIteration" value="0" />
          </properties>
        </test-case>
        <test-case id="1018" name="MarkupSlashSelfClosesBeforeGeneratedAngle" fullname="NowCodeEditorTests.MarkupSlashSelfClosesBeforeGeneratedAngle" methodname="MarkupSlashSelfClosesBeforeGeneratedAngle" classname="NowCodeEditorTests" runstate="Runnable" seed="994107493" result="Passed" start-time="2026-07-03 16:39:55Z" end-time="2026-07-03 16:39:55Z" duration="0.000441" asserts="0">
          <properties>
            <property name="retryIteration" value="0" />
            <property name="repeatIteration" value="0" />
          </properties>
        </test-case>
        <test-case id="1011" name="MarkupTokenizerHighlightsTagsAttributesStringsCommentsAndEntities" fullname="NowCodeEditorTests.MarkupTokenizerHighlightsTagsAttributesStringsCommentsAndEntities" methodname="MarkupTokenizerHighlightsTagsAttributesStringsCommentsAndEntities" classname="NowCodeEditorTests" runstate="Runnable" seed="1220319597" result="Passed" start-time="2026-07-03 16:39:55Z" end-time="2026-07-03 16:39:55Z" duration="0.000486" asserts="0">
          <properties>
            <property name="retryIteration" value="0" />
            <property name="repeatIteration" value="0" />
          </properties>
        </test-case>
        <test-case id="1017" name="MarkupTypingAngleCompletesClosingTag" fullname="NowCodeEditorTests.MarkupTypingAngleCompletesClosingTag" methodname="MarkupTypingAngleCompletesClosingTag" classname="NowCodeEditorTests" runstate="Runnable" seed="592816656" result="Passed" start-time="2026-07-03 16:39:55Z" end-time="2026-07-03 16:39:55Z" duration="0.000272" asserts="0">
          <properties>
            <property name="retryIteration" value="0" />
            <property name="repeatIteration" value="0" />
          </properties>
        </test-case>
        <test-case id="1012" name="MarkupValidatorReportsMismatchedAndUnclosedTags" fullname="NowCodeEditorTests.MarkupValidatorReportsMismatchedAndUnclosedTags" methodname="MarkupValidatorReportsMismatchedAndUnclosedTags" classname="NowCodeEditorTests" runstate="Runnable" seed="754893310" result="Passed" start-time="2026-07-03 16:39:55Z" end-time="2026-07-03 16:39:55Z" duration="0.000317" asserts="0">
          <properties>
            <property name="retryIteration" value="0" />
            <property name="repeatIteration" value="0" />
          </properties>
        </test-case>
        <test-case id="1019" name="MarkupVoidTagsDoNotGetClosingTags" fullname="NowCodeEditorTests.MarkupVoidTagsDoNotGetClosingTags" methodname="MarkupVoidTagsDoNotGetClosingTags" classname="NowCodeEditorTests" runstate="Runnable" seed="1739488605" result="Passed" start-time="2026-07-03 16:39:55Z" end-time="2026-07-03 16:39:55Z" duration="0.000305" asserts="0">
          <properties>
            <property name="retryIteration" value="0" />
            <property name="repeatIteration" value="0" />
          </properties>
        </test-case>
        <test-case id="1022" name="QuoteWrapsTheSelection" fullname="NowCodeEditorTests.QuoteWrapsTheSelection" methodname="QuoteWrapsTheSelection" classname="NowCodeEditorTests" runstate="Runnable" seed="571877990" result="Passed" start-time="2026-07-03 16:39:55Z" end-time="2026-07-03 16:39:55Z" duration="0.000324" asserts="0">
          <properties>
            <property name="retryIteration" value="0" />
            <property name="repeatIteration" value="0" />
          </properties>
        </test-case>
        <test-case id="1030" name="ResultReportsValidity" fullname="NowCodeEditorTests.ResultReportsValidity" methodname="ResultReportsValidity" classname="NowCodeEditorTests" runstate="Runnable" seed="1730938622" result="Passed" start-time="2026-07-03 16:39:55Z" end-time="2026-07-03 16:39:55Z" duration="0.020609" asserts="0">
          <properties>
            <property name="retryIteration" value="0" />
            <property name="repeatIteration" value="0" />
          </properties>
        </test-case>
        <test-case id="1024" name="TabIndentsAndShiftTabDedents" fullname="NowCodeEditorTests.TabIndentsAndShiftTabDedents" methodname="TabIndentsAndShiftTabDedents" classname="NowCodeEditorTests" runstate="Runnable" seed="1829238172" result="Passed" start-time="2026-07-03 16:39:55Z" end-time="2026-07-03 16:39:55Z" duration="0.000947" asserts="0">
          <properties>
            <property name="retryIteration" value="0" />
            <property name="repeatIteration" value="0" />
          </properties>
        </test-case>
        <test-case id="1014" name="TypingClosingBraceSkipsOverTheAutoClosedOne" fullname="NowCodeEditorTests.TypingClosingBraceSkipsOverTheAutoClosedOne" methodname="TypingClosingBraceSkipsOverTheAutoClosedOne" classname="NowCodeEditorTests" runstate="Runnable" seed="123305332" result="Passed" start-time="2026-07-03 16:39:55Z" end-time="2026-07-03 16:39:55Z" duration="0.000283" asserts="0">
          <properties>
            <property name="retryIteration" value="0" />
            <property name="repeatIteration" value="0" />
          </properties>
        </test-case>
        <test-case id="1013" name="TypingOpenBraceAutoClosesWithCaretBetween" fullname="NowCodeEditorTests.TypingOpenBraceAutoClosesWithCaretBetween" methodname="TypingOpenBraceAutoClosesWithCaretBetween" classname="NowCodeEditorTests" runstate="Runnable" seed="1272901994" result="Passed" start-time="2026-07-03 16:39:55Z" end-time="2026-07-03 16:39:55Z" duration="0.000281" asserts="0">
          <properties>
            <property name="retryIteration" value="0" />
            <property name="repeatIteration" value="0" />
          </properties>
        </test-case>
        <test-case id="1031" name="TypingUnfocusedChangesNothing" fullname="NowCodeEditorTests.TypingUnfocusedChangesNothing" methodname="TypingUnfocusedChangesNothing" classname="NowCodeEditorTests" runstate="Runnable" seed="1777855414" result="Passed" start-time="2026-07-03 16:39:55Z" end-time="2026-07-03 16:39:55Z" duration="0.000263" asserts="0">
          <properties>
            <property name="retryIteration" value="0" />
            <property name="repeatIteration" value="0" />
          </properties>
        </test-case>
        <test-case id="1025" name="UndoAndRedoRoundTrip" fullname="NowCodeEditorTests.UndoAndRedoRoundTrip" methodname="UndoAndRedoRoundTrip" classname="NowCodeEditorTests" runstate="Runnable" seed="545148979" result="Passed" start-time="2026-07-03 16:39:55Z" end-time="2026-07-03 16:39:55Z" duration="0.000831" asserts="0">
          <properties>
            <property name="retryIteration" value="0" />
            <property name="repeatIteration" value="0" />
          </properties>
        </test-case>
        <test-case id="1033" name="WheelAtEditorEdgeFallsThroughToParentScrollView" fullname="NowCodeEditorTests.WheelAtEditorEdgeFallsThroughToParentScrollView" methodname="WheelAtEditorEdgeFallsThroughToParentScrollView" classname="NowCodeEditorTests" runstate="Runnable" seed="970127323" result="Passed" start-time="2026-07-03 16:39:55Z" end-time="2026-07-03 16:39:55Z" duration="0.009336" asserts="0">
          <properties>
            <property name="retryIteration" value="0" />
            <property name="repeatIteration" value="0" />
          </properties>
        </test-case>
      </test-suite>
      <test-suite type="TestFixture" id="1034" name="NowControlsAdvancedTests" fullname="NowControlsAdvancedTests" classname="NowControlsAdvancedTests" runstate="Runnable" testcasecount="54" result="Passed" start-time="2026-07-03 16:39:55Z" end-time="2026-07-03 16:39:55Z" duration="0.235894" total="54" passed="54" failed="0" inconclusive="0" skipped="0" asserts="0">
        <properties />
        <test-case id="1036" name="BuiltInControlsRouteVisualsThroughThemeRenderer" fullname="NowControlsAdvancedTests.BuiltInControlsRouteVisualsThroughThemeRenderer" methodname="BuiltInControlsRouteVisualsThroughThemeRenderer" classname="NowControlsAdvancedTests" runstate="Runnable" seed="1661069036" result="Passed" start-time="2026-07-03 16:39:55Z" end-time="2026-07-03 16:39:55Z" duration="0.028229" asserts="0">
          <properties>
            <property name="retryIteration" value="0" />
            <property name="repeatIteration" value="0" />
          </properties>
        </test-case>
        <test-case id="1040" name="ContextMenuClickDeliversByLabelWhenItemsShift" fullname="NowControlsAdvancedTests.ContextMenuClickDeliversByLabelWhenItemsShift" methodname="ContextMenuClickDeliversByLabelWhenItemsShift" classname="NowControlsAdvancedTests" runstate="Runnable" seed="1982988751" result="Passed" start-time="2026-07-03 16:39:55Z" end-time="2026-07-03 16:39:55Z" duration="0.043218" asserts="0">
          <properties>
            <property name="retryIteration" value="0" />
            <property name="repeatIteration" value="0" />
          </properties>
        </test-case>
        <test-case id="1037" name="ContextMenuFitsInsideInputSurface" fullname="NowControlsAdvancedTests.ContextMenuFitsInsideInputSurface" methodname="ContextMenuFitsInsideInputSurface" classname="NowControlsAdvancedTests" runstate="Runnable" seed="930414620" result="Passed" start-time="2026-07-03 16:39:55Z" end-time="2026-07-03 16:39:55Z" duration="0.001285" asserts="0">
          <properties>
            <property name="retryIteration" value="0" />
            <property name="repeatIteration" value="0" />
          </properties>
        </test-case>
        <test-case id="1042" name="ContextMenuHoverSwitchesBetweenSiblingSubmenus" fullname="NowControlsAdvancedTests.ContextMenuHoverSwitchesBetweenSiblingSubmenus" methodname="ContextMenuHoverSwitchesBetweenSiblingSubmenus" classname="NowControlsAdvancedTests" runstate="Runnable" seed="2020527792" result="Passed" start-time="2026-07-03 16:39:55Z" end-time="2026-07-03 16:39:55Z" duration="0.006902" asserts="0">
          <properties>
            <property name="retryIteration" value="0" />
            <property name="repeatIteration" value="0" />
          </properties>
        </test-case>
        <test-case id="1043" name="ContextMenuKeepsSubmenuOpenWhenAimingThroughSiblingSubmenuRow" fullname="NowControlsAdvancedTests.ContextMenuKeepsSubmenuOpenWhenAimingThroughSiblingSubmenuRow" methodname="ContextMenuKeepsSubmenuOpenWhenAimingThroughSiblingSubmenuRow" classname="NowControlsAdvancedTests" runstate="Runnable" seed="1340741590" result="Passed" start-time="2026-07-03 16:39:55Z" end-time="2026-07-03 16:39:55Z" duration="0.046502" asserts="0">
          <properties>
            <property name="retryIteration" value="0" />
            <property name="repeatIteration" value="0" />
          </properties>
        </test-case>
        <test-case id="1053" name="ContextMenuKeyboardDivesIntoAndOutOfSubmenus" fullname="NowControlsAdvancedTests.ContextMenuKeyboardDivesIntoAndOutOfSubmenus" methodname="ContextMenuKeyboardDivesIntoAndOutOfSubmenus" classname="NowControlsAdvancedTests" runstate="Runnable" seed="1085724585" result="Passed" start-time="2026-07-03 16:39:55Z" end-time="2026-07-03 16:39:55Z" duration="0.023079" asserts="0">
          <properties>
            <property name="retryIteration" value="0" />
            <property name="repeatIteration" value="0" />
          </properties>
        </test-case>
        <test-case id="1052" name="ContextMenuKeyboardNavigatesAndActivatesItems" fullname="NowControlsAdvancedTests.ContextMenuKeyboardNavigatesAndActivatesItems" methodname="ContextMenuKeyboardNavigatesAndActivatesItems" classname="NowControlsAdvancedTests" runstate="Runnable" seed="1197125639" result="Passed" start-time="2026-07-03 16:39:55Z" end-time="2026-07-03 16:39:55Z" duration="0.000722" asserts="0">
          <properties>
            <property name="retryIteration" value="0" />
            <property name="repeatIteration" value="0" />
          </properties>
        </test-case>
        <test-case id="1045" name="ContextMenuNestedSubmenuPingPongsBackRightWhenLeftCannotFit" fullname="NowControlsAdvancedTests.ContextMenuNestedSubmenuPingPongsBackRightWhenLeftCannotFit" methodname="ContextMenuNestedSubmenuPingPongsBackRightWhenLeftCannotFit" classname="NowControlsAdvancedTests" runstate="Runnable" seed="638043665" result="Passed" start-time="2026-07-03 16:39:55Z" end-time="2026-07-03 16:39:55Z" duration="0.024344" asserts="0">
          <properties>
            <property name="retryIteration" value="0" />
            <property name="repeatIteration" value="0" />
          </properties>
        </test-case>
        <test-case id="1047" name="ContextMenuOpenedInsideOverlayWinsOverThePopupBeneath" fullname="NowControlsAdvancedTests.ContextMenuOpenedInsideOverlayWinsOverThePopupBeneath" methodname="ContextMenuOpenedInsideOverlayWinsOverThePopupBeneath" classname="NowControlsAdvancedTests" runstate="Runnable" seed="1835655474" result="Passed" start-time="2026-07-03 16:39:55Z" end-time="2026-07-03 16:39:55Z" duration="0.004844" asserts="0">
          <properties>
            <property name="retryIteration" value="0" />
            <property name="repeatIteration" value="0" />
          </properties>
        </test-case>
        <test-case id="1039" name="ContextMenuSubmenuDeliversNestedItemClick" fullname="NowControlsAdvancedTests.ContextMenuSubmenuDeliversNestedItemClick" methodname="ContextMenuSubmenuDeliversNestedItemClick" classname="NowControlsAdvancedTests" runstate="Runnable" seed="690783033" result="Passed" start-time="2026-07-03 16:39:55Z" end-time="2026-07-03 16:39:55Z" duration="0.000747" asserts="0">
          <properties>
            <property name="retryIteration" value="0" />
            <property name="repeatIteration" value="0" />
          </properties>
        </test-case>
        <test-case id="1044" name="ContextMenuSubmenuFlipsLeftNearRightEdge" fullname="NowControlsAdvancedTests.ContextMenuSubmenuFlipsLeftNearRightEdge" methodname="ContextMenuSubmenuFlipsLeftNearRightEdge" classname="NowControlsAdvancedTests" runstate="Runnable" seed="1064495218" result="Passed" start-time="2026-07-03 16:39:55Z" end-time="2026-07-03 16:39:55Z" duration="0.001091" asserts="0">
          <properties>
            <property name="retryIteration" value="0" />
            <property name="repeatIteration" value="0" />
          </properties>
        </test-case>
        <test-case id="1041" name="ContextMenuSubmenuSurvivesDiagonalHoverThroughSiblingRows" fullname="NowControlsAdvancedTests.ContextMenuSubmenuSurvivesDiagonalHoverThroughSiblingRows" methodname="ContextMenuSubmenuSurvivesDiagonalHoverThroughSiblingRows" classname="NowControlsAdvancedTests" runstate="Runnable" seed="1693175877" result="Passed" start-time="2026-07-03 16:39:55Z" end-time="2026-07-03 16:39:55Z" duration="0.000990" asserts="0">
          <properties>
            <property name="retryIteration" value="0" />
            <property name="repeatIteration" value="0" />
          </properties>
        </test-case>
        <test-case id="1087" name="DropdownOpensAndAppliesPendingSelection" fullname="NowControlsAdvancedTests.DropdownOpensAndAppliesPendingSelection" methodname="DropdownOpensAndAppliesPendingSelection" classname="NowControlsAdvancedTests" runstate="Runnable" seed="1866159304" result="Passed" start-time="2026-07-03 16:39:55Z" end-time="2026-07-03 16:39:55Z" duration="0.002733" asserts="0">
          <properties>
            <property name="retryIteration" value="0" />
            <property name="repeatIteration" value="0" />
          </properties>
        </test-case>
        <test-case id="1051" name="DropdownPopupClosesOnASecondaryPressOutside" fullname="NowControlsAdvancedTests.DropdownPopupClosesOnASecondaryPressOutside" methodname="DropdownPopupClosesOnASecondaryPressOutside" classname="NowControlsAdvancedTests" runstate="Runnable" seed="1055300035" result="Passed" start-time="2026-07-03 16:39:55Z" end-time="2026-07-03 16:39:55Z" duration="0.000537" asserts="0">
          <properties>
            <property name="retryIteration" value="0" />
            <property name="repeatIteration" value="0" />
          </properties>
        </test-case>
        <test-case id="1057" name="DropdownPopupFitsInsideInputSurfaceByDefault" fullname="NowControlsAdvancedTests.DropdownPopupFitsInsideInputSurfaceByDefault" methodname="DropdownPopupFitsInsideInputSurfaceByDefault" classname="NowControlsAdvancedTests" runstate="Runnable" seed="2060425822" result="Passed" start-time="2026-07-03 16:39:55Z" end-time="2026-07-03 16:39:55Z" duration="0.000874" asserts="0">
          <properties>
            <property name="retryIteration" value="0" />
            <property name="repeatIteration" value="0" />
          </properties>
        </test-case>
        <test-case id="1088" name="DropdownPopupSelectsItemInsideTransform" fullname="NowControlsAdvancedTests.DropdownPopupSelectsItemInsideTransform" methodname="DropdownPopupSelectsItemInsideTransform" classname="NowControlsAdvancedTests" runstate="Runnable" seed="1620689363" result="Passed" start-time="2026-07-03 16:39:55Z" end-time="2026-07-03 16:39:55Z" duration="0.001734" asserts="0">
          <properties>
            <property name="retryIteration" value="0" />
            <property name="repeatIteration" value="0" />
          </properties>
        </test-case>
        <test-case id="1069" name="NestedTransformsComposeForInput" fullname="NowControlsAdvancedTests.NestedTransformsComposeForInput" methodname="NestedTransformsComposeForInput" classname="NowControlsAdvancedTests" runstate="Runnable" seed="1014843247" result="Passed" start-time="2026-07-03 16:39:55Z" end-time="2026-07-03 16:39:55Z" duration="0.000396" asserts="0">
          <properties>
            <property name="retryIteration" value="0" />
            <property name="repeatIteration" value="0" />
          </properties>
        </test-case>
        <test-case id="1071" name="OverlayBlocksPointerUnderneathNextFrame" fullname="NowControlsAdvancedTests.OverlayBlocksPointerUnderneathNextFrame" methodname="OverlayBlocksPointerUnderneathNextFrame" classname="NowControlsAdvancedTests" runstate="Runnable" seed="200531871" result="Passed" start-time="2026-07-03 16:39:55Z" end-time="2026-07-03 16:39:55Z" duration="0.000346" asserts="0">
          <properties>
            <property name="retryIteration" value="0" />
            <property name="repeatIteration" value="0" />
          </properties>
        </test-case>
        <test-case id="1073" name="OverlayConcretePopupHitTestIgnoresModalScreenBlock" fullname="NowControlsAdvancedTests.OverlayConcretePopupHitTestIgnoresModalScreenBlock" methodname="OverlayConcretePopupHitTestIgnoresModalScreenBlock" classname="NowControlsAdvancedTests" runstate="Runnable" seed="187465126" result="Passed" start-time="2026-07-03 16:39:55Z" end-time="2026-07-03 16:39:55Z" duration="0.000401" asserts="0">
          <properties>
            <property name="retryIteration" value="0" />
            <property name="repeatIteration" value="0" />
          </properties>
        </test-case>
        <test-case id="1070" name="OverlayDeferredDrawRestoresCapturedTransform" fullname="NowControlsAdvancedTests.OverlayDeferredDrawRestoresCapturedTransform" methodname="OverlayDeferredDrawRestoresCapturedTransform" classname="NowControlsAdvancedTests" runstate="Runnable" seed="1431962812" result="Passed" start-time="2026-07-03 16:39:55Z" end-time="2026-07-03 16:39:55Z" duration="0.001241" asserts="0">
          <properties>
            <property name="retryIteration" value="0" />
            <property name="repeatIteration" value="0" />
          </properties>
        </test-case>
        <test-case id="1068" name="OverlayDeferredDrawRunsAtFlush" fullname="NowControlsAdvancedTests.OverlayDeferredDrawRunsAtFlush" methodname="OverlayDeferredDrawRunsAtFlush" classname="NowControlsAdvancedTests" runstate="Runnable" seed="1610214686" result="Passed" start-time="2026-07-03 16:39:55Z" end-time="2026-07-03 16:39:55Z" duration="0.000525" asserts="0">
          <properties>
            <property name="retryIteration" value="0" />
            <property name="repeatIteration" value="0" />
          </properties>
        </test-case>
        <test-case id="1056" name="OverlayFitToViewAccountsForCurrentTransform" fullname="NowControlsAdvancedTests.OverlayFitToViewAccountsForCurrentTransform" methodname="OverlayFitToViewAccountsForCurrentTransform" classname="NowControlsAdvancedTests" runstate="Runnable" seed="737893496" result="Passed" start-time="2026-07-03 16:39:55Z" end-time="2026-07-03 16:39:55Z" duration="0.000445" asserts="0">
          <properties>
            <property name="retryIteration" value="0" />
            <property name="repeatIteration" value="0" />
          </properties>
        </test-case>
        <test-case id="1046" name="OverlayPointerBlocksAreScopedToTheirHost" fullname="NowControlsAdvancedTests.OverlayPointerBlocksAreScopedToTheirHost" methodname="OverlayPointerBlocksAreScopedToTheirHost" classname="NowControlsAdvancedTests" runstate="Runnable" seed="99799601" result="Passed" start-time="2026-07-03 16:39:55Z" end-time="2026-07-03 16:39:55Z" duration="0.001283" asserts="0">
          <properties>
            <property name="retryIteration" value="0" />
            <property name="repeatIteration" value="0" />
          </properties>
        </test-case>
        <test-case id="1072" name="OverlayTracksNestedPopupTree" fullname="NowControlsAdvancedTests.OverlayTracksNestedPopupTree" methodname="OverlayTracksNestedPopupTree" classname="NowControlsAdvancedTests" runstate="Runnable" seed="1025197356" result="Passed" start-time="2026-07-03 16:39:55Z" end-time="2026-07-03 16:39:55Z" duration="0.000412" asserts="0">
          <properties>
            <property name="retryIteration" value="0" />
            <property name="repeatIteration" value="0" />
          </properties>
        </test-case>
        <test-case id="1067" name="RaycastPressGateLatchesAtPressTime" fullname="NowControlsAdvancedTests.RaycastPressGateLatchesAtPressTime" methodname="RaycastPressGateLatchesAtPressTime" classname="NowControlsAdvancedTests" runstate="Runnable" seed="2051627960" result="Passed" start-time="2026-07-03 16:39:55Z" end-time="2026-07-03 16:39:55Z" duration="0.000206" asserts="0">
          <properties>
            <property name="retryIteration" value="0" />
            <property name="repeatIteration" value="0" />
          </properties>
        </test-case>
        <test-case id="1050" name="RightClickDoesNotLeakThroughAnOpenOverlay" fullname="NowControlsAdvancedTests.RightClickDoesNotLeakThroughAnOpenOverlay" methodname="RightClickDoesNotLeakThroughAnOpenOverlay" classname="NowControlsAdvancedTests" runstate="Runnable" seed="2143607256" result="Passed" start-time="2026-07-03 16:39:55Z" end-time="2026-07-03 16:39:55Z" duration="0.000544" asserts="0">
          <properties>
            <property name="retryIteration" value="0" />
            <property name="repeatIteration" value="0" />
          </properties>
        </test-case>
        <test-case id="1049" name="ScrollingOutsideAContextMenuClosesIt" fullname="NowControlsAdvancedTests.ScrollingOutsideAContextMenuClosesIt" methodname="ScrollingOutsideAContextMenuClosesIt" classname="NowControlsAdvancedTests" runstate="Runnable" seed="2044663117" result="Passed" start-time="2026-07-03 16:39:55Z" end-time="2026-07-03 16:39:55Z" duration="0.000852" asserts="0">
          <properties>
            <property name="retryIteration" value="0" />
            <property name="repeatIteration" value="0" />
          </properties>
        </test-case>
        <test-case id="1074" name="ScrollViewClampsAndStoresScroll" fullname="NowControlsAdvancedTests.ScrollViewClampsAndStoresScroll" methodname="ScrollViewClampsAndStoresScroll" classname="NowControlsAdvancedTests" runstate="Runnable" seed="1968605297" result="Passed" start-time="2026-07-03 16:39:55Z" end-time="2026-07-03 16:39:55Z" duration="0.000646" asserts="0">
          <properties>
            <property name="retryIteration" value="0" />
            <property name="repeatIteration" value="0" />
          </properties>
        </test-case>
        <test-case id="1081" name="ScrollViewDragScrollIgnoresPointerAwayFromEdges" fullname="NowControlsAdvancedTests.ScrollViewDragScrollIgnoresPointerAwayFromEdges" methodname="ScrollViewDragScrollIgnoresPointerAwayFromEdges" classname="NowControlsAdvancedTests" runstate="Runnable" seed="578061360" result="Passed" start-time="2026-07-03 16:39:55Z" end-time="2026-07-03 16:39:55Z" duration="0.002131" asserts="0">
          <properties>
            <property name="retryIteration" value="0" />
            <property name="repeatIteration" value="0" />
          </properties>
        </test-case>
        <test-case id="1080" name="ScrollViewDragScrollsWhenPointerNearsViewportEdge" fullname="NowControlsAdvancedTests.ScrollViewDragScrollsWhenPointerNearsViewportEdge" methodname="ScrollViewDragScrollsWhenPointerNearsViewportEdge" classname="NowControlsAdvancedTests" runstate="Runnable" seed="1596558083" result="Passed" start-time="2026-07-03 16:39:55Z" end-time="2026-07-03 16:39:55Z" duration="0.000375" asserts="0">
          <properties>
            <property name="retryIteration" value="0" />
            <property name="repeatIteration" value="0" />
          </properties>
        </test-case>
        <test-case id="1075" name="ScrollViewDrawsHorizontalScrollbarForWideContent" fullname="NowControlsAdvancedTests.ScrollViewDrawsHorizontalScrollbarForWideContent" methodname="ScrollViewDrawsHorizontalScrollbarForWideContent" classname="NowControlsAdvancedTests" runstate="Runnable" seed="340396474" result="Passed" start-time="2026-07-03 16:39:55Z" end-time="2026-07-03 16:39:55Z" duration="0.000781" asserts="0">
          <properties>
            <property name="retryIteration" value="0" />
            <property name="repeatIteration" value="0" />
          </properties>
        </test-case>
        <test-case id="1079" name="ScrollViewHorizontalWheelUpdatesScrollPosition" fullname="NowControlsAdvancedTests.ScrollViewHorizontalWheelUpdatesScrollPosition" methodname="ScrollViewHorizontalWheelUpdatesScrollPosition" classname="NowControlsAdvancedTests" runstate="Runnable" seed="434084512" result="Passed" start-time="2026-07-03 16:39:55Z" end-time="2026-07-03 16:39:55Z" duration="0.000373" asserts="0">
          <properties>
            <property name="retryIteration" value="0" />
            <property name="repeatIteration" value="0" />
          </properties>
        </test-case>
        <test-case id="1082" name="ScrollViewMiddleClickPansUntilNextPress" fullname="NowControlsAdvancedTests.ScrollViewMiddleClickPansUntilNextPress" methodname="ScrollViewMiddleClickPansUntilNextPress" classname="NowControlsAdvancedTests" runstate="Runnable" seed="313852129" result="Passed" start-time="2026-07-03 16:39:55Z" end-time="2026-07-03 16:39:55Z" duration="0.000838" asserts="0">
          <properties>
            <property name="retryIteration" value="0" />
            <property name="repeatIteration" value="0" />
          </properties>
        </test-case>
        <test-case id="1083" name="ScrollViewMiddleDragPansAndStopsOnRelease" fullname="NowControlsAdvancedTests.ScrollViewMiddleDragPansAndStopsOnRelease" methodname="ScrollViewMiddleDragPansAndStopsOnRelease" classname="NowControlsAdvancedTests" runstate="Runnable" seed="422463677" result="Passed" start-time="2026-07-03 16:39:55Z" end-time="2026-07-03 16:39:55Z" duration="0.000378" asserts="0">
          <properties>
            <property name="retryIteration" value="0" />
            <property name="repeatIteration" value="0" />
          </properties>
        </test-case>
        <test-case id="1085" name="ScrollViewScrollsFocusedCulledControlIntoView" fullname="NowControlsAdvancedTests.ScrollViewScrollsFocusedCulledControlIntoView" methodname="ScrollViewScrollsFocusedCulledControlIntoView" classname="NowControlsAdvancedTests" runstate="Runnable" seed="2012088311" result="Passed" start-time="2026-07-03 16:39:55Z" end-time="2026-07-03 16:39:55Z" duration="0.009943" asserts="0">
          <properties>
            <property name="retryIteration" value="0" />
            <property name="repeatIteration" value="0" />
          </properties>
        </test-case>
        <test-case id="1077" name="ScrollViewVerticalOverflowDoesNotFlashHorizontalBar" fullname="NowControlsAdvancedTests.ScrollViewVerticalOverflowDoesNotFlashHorizontalBar" methodname="ScrollViewVerticalOverflowDoesNotFlashHorizontalBar" classname="NowControlsAdvancedTests" runstate="Runnable" seed="1745493333" result="Passed" start-time="2026-07-03 16:39:55Z" end-time="2026-07-03 16:39:55Z" duration="0.000910" asserts="0">
          <properties>
            <property name="retryIteration" value="0" />
            <property name="repeatIteration" value="0" />
          </properties>
        </test-case>
        <test-case id="1076" name="ScrollViewVerticalScrollbarCanForceHorizontalScrollbar" fullname="NowControlsAdvancedTests.ScrollViewVerticalScrollbarCanForceHorizontalScrollbar" methodname="ScrollViewVerticalScrollbarCanForceHorizontalScrollbar" classname="NowControlsAdvancedTests" runstate="Runnable" seed="419283436" result="Passed" start-time="2026-07-03 16:39:55Z" end-time="2026-07-03 16:39:55Z" duration="0.000792" asserts="0">
          <properties>
            <property name="retryIteration" value="0" />
            <property name="repeatIteration" value="0" />
          </properties>
        </test-case>
        <test-case id="1078" name="ScrollViewViewportGrowthHidesVerticalBarImmediately" fullname="NowControlsAdvancedTests.ScrollViewViewportGrowthHidesVerticalBarImmediately" methodname="ScrollViewViewportGrowthHidesVerticalBarImmediately" classname="NowControlsAdvancedTests" runstate="Runnable" seed="478611257" result="Passed" start-time="2026-07-03 16:39:55Z" end-time="2026-07-03 16:39:55Z" duration="0.000259" asserts="0">
          <properties>
            <property name="retryIteration" value="0" />
            <property name="repeatIteration" value="0" />
          </properties>
        </test-case>
        <test-case id="1084" name="ScrollViewWheelAtEdgeFallsThroughToParent" fullname="NowControlsAdvancedTests.ScrollViewWheelAtEdgeFallsThroughToParent" methodname="ScrollViewWheelAtEdgeFallsThroughToParent" classname="NowControlsAdvancedTests" runstate="Runnable" seed="712961244" result="Passed" start-time="2026-07-03 16:39:55Z" end-time="2026-07-03 16:39:55Z" duration="0.000501" asserts="0">
          <properties>
            <property name="retryIteration" value="0" />
            <property name="repeatIteration" value="0" />
          </properties>
        </test-case>
        <test-case id="1086" name="ScrollViewWheelCanMoveFocusedControlOutOfView" fullname="NowControlsAdvancedTests.ScrollViewWheelCanMoveFocusedControlOutOfView" methodname="ScrollViewWheelCanMoveFocusedControlOutOfView" classname="NowControlsAdvancedTests" runstate="Runnable" seed="815340738" result="Passed" start-time="2026-07-03 16:39:55Z" end-time="2026-07-03 16:39:55Z" duration="0.000611" asserts="0">
          <properties>
            <property name="retryIteration" value="0" />
            <property name="repeatIteration" value="0" />
          </properties>
        </test-case>
        <test-case id="1055" name="SubmenuAtTheBottomOfAScrolledMenuOpensAndDelivers" fullname="NowControlsAdvancedTests.SubmenuAtTheBottomOfAScrolledMenuOpensAndDelivers" methodname="SubmenuAtTheBottomOfAScrolledMenuOpensAndDelivers" classname="NowControlsAdvancedTests" runstate="Runnable" seed="1262898410" result="Passed" start-time="2026-07-03 16:39:55Z" end-time="2026-07-03 16:39:55Z" duration="0.003416" asserts="0">
          <properties>
            <property name="retryIteration" value="0" />
            <property name="repeatIteration" value="0" />
          </properties>
        </test-case>
        <test-case id="1054" name="SubmenuOverlappingItsParentOwnsThePointer" fullname="NowControlsAdvancedTests.SubmenuOverlappingItsParentOwnsThePointer" methodname="SubmenuOverlappingItsParentOwnsThePointer" classname="NowControlsAdvancedTests" runstate="Runnable" seed="2029080407" result="Passed" start-time="2026-07-03 16:39:55Z" end-time="2026-07-03 16:39:55Z" duration="0.002664" asserts="0">
          <properties>
            <property name="retryIteration" value="0" />
            <property name="repeatIteration" value="0" />
          </properties>
        </test-case>
        <test-case id="1048" name="TallContextMenuClampsToViewAndScrollsToReachEveryItem" fullname="NowControlsAdvancedTests.TallContextMenuClampsToViewAndScrollsToReachEveryItem" methodname="TallContextMenuClampsToViewAndScrollsToReachEveryItem" classname="NowControlsAdvancedTests" runstate="Runnable" seed="1789296766" result="Passed" start-time="2026-07-03 16:39:55Z" end-time="2026-07-03 16:39:55Z" duration="0.001535" asserts="0">
          <properties>
            <property name="retryIteration" value="0" />
            <property name="repeatIteration" value="0" />
          </properties>
        </test-case>
        <test-case id="1060" name="TextFieldBackspaceDeletes" fullname="NowControlsAdvancedTests.TextFieldBackspaceDeletes" methodname="TextFieldBackspaceDeletes" classname="NowControlsAdvancedTests" runstate="Runnable" seed="723168245" result="Passed" start-time="2026-07-03 16:39:55Z" end-time="2026-07-03 16:39:55Z" duration="0.001489" asserts="0">
          <properties>
            <property name="retryIteration" value="0" />
            <property name="repeatIteration" value="0" />
          </properties>
        </test-case>
        <test-case id="1065" name="TextFieldClickPlacesCaretAndEscapeBlurs" fullname="NowControlsAdvancedTests.TextFieldClickPlacesCaretAndEscapeBlurs" methodname="TextFieldClickPlacesCaretAndEscapeBlurs" classname="NowControlsAdvancedTests" runstate="Runnable" seed="399129449" result="Passed" start-time="2026-07-03 16:39:55Z" end-time="2026-07-03 16:39:55Z" duration="0.001256" asserts="0">
          <properties>
            <property name="retryIteration" value="0" />
            <property name="repeatIteration" value="0" />
          </properties>
        </test-case>
        <test-case id="1062" name="TextFieldCopyPasteRoundTrip" fullname="NowControlsAdvancedTests.TextFieldCopyPasteRoundTrip" methodname="TextFieldCopyPasteRoundTrip" classname="NowControlsAdvancedTests" runstate="Runnable" seed="2000991234" result="Passed" start-time="2026-07-03 16:39:55Z" end-time="2026-07-03 16:39:55Z" duration="0.000541" asserts="0">
          <properties>
            <property name="retryIteration" value="0" />
            <property name="repeatIteration" value="0" />
          </properties>
        </test-case>
        <test-case id="1059" name="TextFieldDiscardsBufferedCharactersWhenFocusedByClick" fullname="NowControlsAdvancedTests.TextFieldDiscardsBufferedCharactersWhenFocusedByClick" methodname="TextFieldDiscardsBufferedCharactersWhenFocusedByClick" classname="NowControlsAdvancedTests" runstate="Runnable" seed="710408350" result="Passed" start-time="2026-07-03 16:39:55Z" end-time="2026-07-03 16:39:55Z" duration="0.000463" asserts="0">
          <properties>
            <property name="retryIteration" value="0" />
            <property name="repeatIteration" value="0" />
          </properties>
        </test-case>
        <test-case id="1063" name="TextFieldDoubleClickDragExtendsByWholeWords" fullname="NowControlsAdvancedTests.TextFieldDoubleClickDragExtendsByWholeWords" methodname="TextFieldDoubleClickDragExtendsByWholeWords" classname="NowControlsAdvancedTests" runstate="Runnable" seed="1870640520" result="Passed" start-time="2026-07-03 16:39:55Z" end-time="2026-07-03 16:39:55Z" duration="0.000515" asserts="0">
          <properties>
            <property name="retryIteration" value="0" />
            <property name="repeatIteration" value="0" />
          </properties>
        </test-case>
        <test-case id="1058" name="TextFieldIgnoresTypingWhenUnfocused" fullname="NowControlsAdvancedTests.TextFieldIgnoresTypingWhenUnfocused" methodname="TextFieldIgnoresTypingWhenUnfocused" classname="NowControlsAdvancedTests" runstate="Runnable" seed="1336698267" result="Passed" start-time="2026-07-03 16:39:55Z" end-time="2026-07-03 16:39:55Z" duration="0.000178" asserts="0">
          <properties>
            <property name="retryIteration" value="0" />
            <property name="repeatIteration" value="0" />
          </properties>
        </test-case>
        <test-case id="1066" name="TextFieldImeCompositionSuppressesKeysAndKeepsText" fullname="NowControlsAdvancedTests.TextFieldImeCompositionSuppressesKeysAndKeepsText" methodname="TextFieldImeCompositionSuppressesKeysAndKeepsText" classname="NowControlsAdvancedTests" runstate="Runnable" seed="1778093192" result="Passed" start-time="2026-07-03 16:39:55Z" end-time="2026-07-03 16:39:55Z" duration="0.001483" asserts="0">
          <properties>
            <property name="retryIteration" value="0" />
            <property name="repeatIteration" value="0" />
          </properties>
        </test-case>
        <test-case id="1061" name="TextFieldSelectAllThenTypeReplaces" fullname="NowControlsAdvancedTests.TextFieldSelectAllThenTypeReplaces" methodname="TextFieldSelectAllThenTypeReplaces" classname="NowControlsAdvancedTests" runstate="Runnable" seed="1113534684" result="Passed" start-time="2026-07-03 16:39:55Z" end-time="2026-07-03 16:39:55Z" duration="0.000226" asserts="0">
          <properties>
            <property name="retryIteration" value="0" />
            <property name="repeatIteration" value="0" />
          </properties>
        </test-case>
        <test-case id="1064" name="TextFieldTripleClickSelectsLine" fullname="NowControlsAdvancedTests.TextFieldTripleClickSelectsLine" methodname="TextFieldTripleClickSelectsLine" classname="NowControlsAdvancedTests" runstate="Runnable" seed="944719762" result="Passed" start-time="2026-07-03 16:39:55Z" end-time="2026-07-03 16:39:55Z" duration="0.000331" asserts="0">
          <properties>
            <property name="retryIteration" value="0" />
            <property name="repeatIteration" value="0" />
          </properties>
        </test-case>
        <test-case id="1035" name="TextFieldTypesCharactersWhileFocused" fullname="NowControlsAdvancedTests.TextFieldTypesCharactersWhileFocused" methodname="TextFieldTypesCharactersWhileFocused" classname="NowControlsAdvancedTests" runstate="Runnable" seed="339859820" result="Passed" start-time="2026-07-03 16:39:55Z" end-time="2026-07-03 16:39:55Z" duration="0.000222" asserts="0">
          <properties>
            <property name="retryIteration" value="0" />
            <property name="repeatIteration" value="0" />
          </properties>
        </test-case>
        <test-case id="1038" name="ThemePresetContextMenusStayCompact" fullname="NowControlsAdvancedTests.ThemePresetContextMenusStayCompact" methodname="ThemePresetContextMenusStayCompact" classname="NowControlsAdvancedTests" runstate="Runnable" seed="923667020" result="Passed" start-time="2026-07-03 16:39:55Z" end-time="2026-07-03 16:39:55Z" duration="0.003751" asserts="0">
          <properties>
            <property name="retryIteration" value="0" />
            <property name="repeatIteration" value="0" />
          </properties>
        </test-case>
      </test-suite>
      <test-suite type="TestFixture" id="1089" name="NowControlsTests" fullname="NowControlsTests" classname="NowControlsTests" runstate="Runnable" testcasecount="59" result="Skipped" label="Ignored" start-time="2026-07-03 16:39:55Z" end-time="2026-07-03 16:39:55Z" duration="0.132666" total="59" passed="58" failed="0" inconclusive="0" skipped="1" asserts="0">
        <properties />
        <reason>
          <message><![CDATA[One or more child tests were ignored]]></message>
        </reason>
        <test-case id="1141" name="BeginButtonGrowsToEncompassContent" fullname="NowControlsTests.BeginButtonGrowsToEncompassContent" methodname="BeginButtonGrowsToEncompassContent" classname="NowControlsTests" runstate="Runnable" seed="1472461483" result="Passed" start-time="2026-07-03 16:39:55Z" end-time="2026-07-03 16:39:55Z" duration="0.001654" asserts="0">
          <properties>
            <property name="retryIteration" value="0" />
            <property name="repeatIteration" value="0" />
          </properties>
        </test-case>
        <test-case id="1133" name="ButtonBuilderAppliesExplicitNavigation" fullname="NowControlsTests.ButtonBuilderAppliesExplicitNavigation" methodname="ButtonBuilderAppliesExplicitNavigation" classname="NowControlsTests" runstate="Runnable" seed="41904018" result="Passed" start-time="2026-07-03 16:39:55Z" end-time="2026-07-03 16:39:55Z" duration="0.004707" asserts="0">
          <properties>
            <property name="retryIteration" value="0" />
            <property name="repeatIteration" value="0" />
          </properties>
        </test-case>
        <test-case id="1095" name="ButtonClicksOnPressAndReleaseInside" fullname="NowControlsTests.ButtonClicksOnPressAndReleaseInside" methodname="ButtonClicksOnPressAndReleaseInside" classname="NowControlsTests" runstate="Runnable" seed="643111377" result="Passed" start-time="2026-07-03 16:39:55Z" end-time="2026-07-03 16:39:55Z" duration="0.001706" asserts="0">
          <properties>
            <property name="retryIteration" value="0" />
            <property name="repeatIteration" value="0" />
          </properties>
        </test-case>
        <test-case id="1140" name="ButtonContentScopeReportsClickInside" fullname="NowControlsTests.ButtonContentScopeReportsClickInside" methodname="ButtonContentScopeReportsClickInside" classname="NowControlsTests" runstate="Runnable" seed="925665501" result="Passed" start-time="2026-07-03 16:39:55Z" end-time="2026-07-03 16:39:55Z" duration="0.001392" asserts="0">
          <properties>
            <property name="retryIteration" value="0" />
            <property name="repeatIteration" value="0" />
          </properties>
        </test-case>
        <test-case id="1097" name="ButtonDoesNotClickWhenReleasedOutside" fullname="NowControlsTests.ButtonDoesNotClickWhenReleasedOutside" methodname="ButtonDoesNotClickWhenReleasedOutside" classname="NowControlsTests" runstate="Runnable" seed="198983678" result="Passed" start-time="2026-07-03 16:39:55Z" end-time="2026-07-03 16:39:55Z" duration="0.000196" asserts="0">
          <properties>
            <property name="retryIteration" value="0" />
            <property name="repeatIteration" value="0" />
          </properties>
        </test-case>
        <test-case id="1099" name="ButtonPressTakesFocus" fullname="NowControlsTests.ButtonPressTakesFocus" methodname="ButtonPressTakesFocus" classname="NowControlsTests" runstate="Runnable" seed="374449897" result="Passed" start-time="2026-07-03 16:39:55Z" end-time="2026-07-03 16:39:55Z" duration="0.000249" asserts="0">
          <properties>
            <property name="retryIteration" value="0" />
            <property name="repeatIteration" value="0" />
          </properties>
        </test-case>
        <test-case id="1135" name="CancelClearsFocus" fullname="NowControlsTests.CancelClearsFocus" methodname="CancelClearsFocus" classname="NowControlsTests" runstate="Runnable" seed="434663441" result="Passed" start-time="2026-07-03 16:39:55Z" end-time="2026-07-03 16:39:55Z" duration="0.000218" asserts="0">
          <properties>
            <property name="retryIteration" value="0" />
            <property name="repeatIteration" value="0" />
          </properties>
        </test-case>
        <test-case id="1142" name="CheckboxContentScopeTogglesInside" fullname="NowControlsTests.CheckboxContentScopeTogglesInside" methodname="CheckboxContentScopeTogglesInside" classname="NowControlsTests" runstate="Runnable" seed="844159366" result="Passed" start-time="2026-07-03 16:39:55Z" end-time="2026-07-03 16:39:55Z" duration="0.002179" asserts="0">
          <properties>
            <property name="retryIteration" value="0" />
            <property name="repeatIteration" value="0" />
          </properties>
        </test-case>
        <test-case id="1103" name="CheckboxTogglesRefValueOnClick" fullname="NowControlsTests.CheckboxTogglesRefValueOnClick" methodname="CheckboxTogglesRefValueOnClick" classname="NowControlsTests" runstate="Runnable" seed="1816031280" result="Passed" start-time="2026-07-03 16:39:55Z" end-time="2026-07-03 16:39:55Z" duration="0.000389" asserts="0">
          <properties>
            <property name="retryIteration" value="0" />
            <property name="repeatIteration" value="0" />
          </properties>
        </test-case>
        <test-case id="1108" name="CombineIdIsStableAndNeverZero" fullname="NowControlsTests.CombineIdIsStableAndNeverZero" methodname="CombineIdIsStableAndNeverZero" classname="NowControlsTests" runstate="Runnable" seed="112526486" result="Passed" start-time="2026-07-03 16:39:55Z" end-time="2026-07-03 16:39:55Z" duration="0.000165" asserts="0">
          <properties>
            <property name="retryIteration" value="0" />
            <property name="repeatIteration" value="0" />
          </properties>
        </test-case>
        <test-case id="1102" name="ControlInteractCanResolveOptionalBuilderIdentity" fullname="NowControlsTests.ControlInteractCanResolveOptionalBuilderIdentity" methodname="ControlInteractCanResolveOptionalBuilderIdentity" classname="NowControlsTests" runstate="Runnable" seed="408879324" result="Passed" start-time="2026-07-03 16:39:55Z" end-time="2026-07-03 16:39:55Z" duration="0.000337" asserts="0">
          <properties>
            <property name="retryIteration" value="0" />
            <property name="repeatIteration" value="0" />
          </properties>
        </test-case>
        <test-case id="1137" name="ControlStateNamedSlotsUseDerivedIds" fullname="NowControlsTests.ControlStateNamedSlotsUseDerivedIds" methodname="ControlStateNamedSlotsUseDerivedIds" classname="NowControlsTests" runstate="Runnable" seed="1391508697" result="Passed" start-time="2026-07-03 16:39:55Z" end-time="2026-07-03 16:39:55Z" duration="0.000289" asserts="0">
          <properties>
            <property name="retryIteration" value="0" />
            <property name="repeatIteration" value="0" />
          </properties>
        </test-case>
        <test-case id="1136" name="ControlStateSlotsPersistAndReset" fullname="NowControlsTests.ControlStateSlotsPersistAndReset" methodname="ControlStateSlotsPersistAndReset" classname="NowControlsTests" runstate="Runnable" seed="1232082679" result="Passed" start-time="2026-07-03 16:39:55Z" end-time="2026-07-03 16:39:55Z" duration="0.000135" asserts="0">
          <properties>
            <property name="retryIteration" value="0" />
            <property name="repeatIteration" value="0" />
          </properties>
        </test-case>
        <test-case id="1094" name="ControlStateWarmupCreatesSlotWithoutOverwritingExistingValue" fullname="NowControlsTests.ControlStateWarmupCreatesSlotWithoutOverwritingExistingValue" methodname="ControlStateWarmupCreatesSlotWithoutOverwritingExistingValue" classname="NowControlsTests" runstate="Runnable" seed="1783876186" result="Passed" start-time="2026-07-03 16:39:55Z" end-time="2026-07-03 16:39:55Z" duration="0.000134" asserts="0">
          <properties>
            <property name="retryIteration" value="0" />
            <property name="repeatIteration" value="0" />
          </properties>
        </test-case>
        <test-case id="1090" name="CornerRadiusUsesNamedCornerOrder" fullname="NowControlsTests.CornerRadiusUsesNamedCornerOrder" methodname="CornerRadiusUsesNamedCornerOrder" classname="NowControlsTests" runstate="Runnable" seed="2093511923" result="Passed" start-time="2026-07-03 16:39:55Z" end-time="2026-07-03 16:39:55Z" duration="0.000382" asserts="0">
          <properties>
            <property name="retryIteration" value="0" />
            <property name="repeatIteration" value="0" />
          </properties>
        </test-case>
        <test-case id="1145" name="DefaultThemeIsAvailable" fullname="NowControlsTests.DefaultThemeIsAvailable" methodname="DefaultThemeIsAvailable" classname="NowControlsTests" runstate="Runnable" seed="1050752366" result="Passed" start-time="2026-07-03 16:39:55Z" end-time="2026-07-03 16:39:55Z" duration="0.000180" asserts="0">
          <properties>
            <property name="retryIteration" value="0" />
            <property name="repeatIteration" value="0" />
          </properties>
        </test-case>
        <test-case id="1127" name="DirectionalNavigationRemembersCrossAxisOrigin" fullname="NowControlsTests.DirectionalNavigationRemembersCrossAxisOrigin" methodname="DirectionalNavigationRemembersCrossAxisOrigin" classname="NowControlsTests" runstate="Runnable" seed="1602519812" result="Passed" start-time="2026-07-03 16:39:55Z" end-time="2026-07-03 16:39:55Z" duration="0.000330" asserts="0">
          <properties>
            <property name="retryIteration" value="0" />
            <property name="repeatIteration" value="0" />
          </properties>
        </test-case>
        <test-case id="1119" name="DirectionalNavigationWithoutFocusStartsAtOppositeEdge" fullname="NowControlsTests.DirectionalNavigationWithoutFocusStartsAtOppositeEdge" methodname="DirectionalNavigationWithoutFocusStartsAtOppositeEdge" classname="NowControlsTests" runstate="Runnable" seed="1103848752" result="Passed" start-time="2026-07-03 16:39:55Z" end-time="2026-07-03 16:39:55Z" duration="0.000371" asserts="0">
          <properties>
            <property name="retryIteration" value="0" />
            <property name="repeatIteration" value="0" />
          </properties>
        </test-case>
        <test-case id="1106" name="DuplicateLabelsGetDistinctStableIds" fullname="NowControlsTests.DuplicateLabelsGetDistinctStableIds" methodname="DuplicateLabelsGetDistinctStableIds" classname="NowControlsTests" runstate="Runnable" seed="1508900467" result="Passed" start-time="2026-07-03 16:39:55Z" end-time="2026-07-03 16:39:55Z" duration="0.000200" asserts="0">
          <properties>
            <property name="retryIteration" value="0" />
            <property name="repeatIteration" value="0" />
          </properties>
        </test-case>
        <test-case id="1131" name="EdgeFocusSeedingPrefersVisibleControls" fullname="NowControlsTests.EdgeFocusSeedingPrefersVisibleControls" methodname="EdgeFocusSeedingPrefersVisibleControls" classname="NowControlsTests" runstate="Runnable" seed="242542760" result="Passed" start-time="2026-07-03 16:39:55Z" end-time="2026-07-03 16:39:55Z" duration="0.000256" asserts="0">
          <properties>
            <property name="retryIteration" value="0" />
            <property name="repeatIteration" value="0" />
          </properties>
        </test-case>
        <test-case id="1144" name="EventSystemSelectionSuspendsNowFocus" fullname="NowControlsTests.EventSystemSelectionSuspendsNowFocus" methodname="EventSystemSelectionSuspendsNowFocus" classname="NowControlsTests" runstate="Runnable" seed="1580839351" result="Skipped" label="Ignored" start-time="2026-07-03 16:39:55Z" end-time="2026-07-03 16:39:55Z" duration="0.002773" asserts="0">
          <properties>
            <property name="retryIteration" value="0" />
            <property name="repeatIteration" value="0" />
          </properties>
          <reason>
            <message><![CDATA[EventSystem.current unavailable in this environment.]]></message>
          </reason>
        </test-case>
        <test-case id="1126" name="ExplicitDirectionalNavigationFallsBackWhenTargetIsMissing" fullname="NowControlsTests.ExplicitDirectionalNavigationFallsBackWhenTargetIsMissing" methodname="ExplicitDirectionalNavigationFallsBackWhenTargetIsMissing" classname="NowControlsTests" runstate="Runnable" seed="179624239" result="Passed" start-time="2026-07-03 16:39:55Z" end-time="2026-07-03 16:39:55Z" duration="0.000240" asserts="0">
          <properties>
            <property name="retryIteration" value="0" />
            <property name="repeatIteration" value="0" />
          </properties>
        </test-case>
        <test-case id="1125" name="ExplicitDirectionalNavigationOverridesSpatialChoice" fullname="NowControlsTests.ExplicitDirectionalNavigationOverridesSpatialChoice" methodname="ExplicitDirectionalNavigationOverridesSpatialChoice" classname="NowControlsTests" runstate="Runnable" seed="749080172" result="Passed" start-time="2026-07-03 16:39:55Z" end-time="2026-07-03 16:39:55Z" duration="0.000244" asserts="0">
          <properties>
            <property name="retryIteration" value="0" />
            <property name="repeatIteration" value="0" />
          </properties>
        </test-case>
        <test-case id="1128" name="ExplicitFocusClearsDirectionalNavigationMemory" fullname="NowControlsTests.ExplicitFocusClearsDirectionalNavigationMemory" methodname="ExplicitFocusClearsDirectionalNavigationMemory" classname="NowControlsTests" runstate="Runnable" seed="133837117" result="Passed" start-time="2026-07-03 16:39:55Z" end-time="2026-07-03 16:39:55Z" duration="0.000180" asserts="0">
          <properties>
            <property name="retryIteration" value="0" />
            <property name="repeatIteration" value="0" />
          </properties>
        </test-case>
        <test-case id="1132" name="ExplicitTabNavigationOverridesRegistrationOrder" fullname="NowControlsTests.ExplicitTabNavigationOverridesRegistrationOrder" methodname="ExplicitTabNavigationOverridesRegistrationOrder" classname="NowControlsTests" runstate="Runnable" seed="607121278" result="Passed" start-time="2026-07-03 16:39:55Z" end-time="2026-07-03 16:39:55Z" duration="0.000445" asserts="0">
          <properties>
            <property name="retryIteration" value="0" />
            <property name="repeatIteration" value="0" />
          </properties>
        </test-case>
        <test-case id="1100" name="FocusedButtonActivatesOnSubmit" fullname="NowControlsTests.FocusedButtonActivatesOnSubmit" methodname="FocusedButtonActivatesOnSubmit" classname="NowControlsTests" runstate="Runnable" seed="636778232" result="Passed" start-time="2026-07-03 16:39:55Z" end-time="2026-07-03 16:39:55Z" duration="0.000301" asserts="0">
          <properties>
            <property name="retryIteration" value="0" />
            <property name="repeatIteration" value="0" />
          </properties>
        </test-case>
        <test-case id="1124" name="HeldDirectionalNavigationRepeatsAfterDelay" fullname="NowControlsTests.HeldDirectionalNavigationRepeatsAfterDelay" methodname="HeldDirectionalNavigationRepeatsAfterDelay" classname="NowControlsTests" runstate="Runnable" seed="919492368" result="Passed" start-time="2026-07-03 16:39:55Z" end-time="2026-07-03 16:39:55Z" duration="0.000343" asserts="0">
          <properties>
            <property name="retryIteration" value="0" />
            <property name="repeatIteration" value="0" />
          </properties>
        </test-case>
        <test-case id="1129" name="HorizontalMoveUpdatesDirectionalNavigationMemory" fullname="NowControlsTests.HorizontalMoveUpdatesDirectionalNavigationMemory" methodname="HorizontalMoveUpdatesDirectionalNavigationMemory" classname="NowControlsTests" runstate="Runnable" seed="1260416238" result="Passed" start-time="2026-07-03 16:39:55Z" end-time="2026-07-03 16:39:55Z" duration="0.000283" asserts="0">
          <properties>
            <property name="retryIteration" value="0" />
            <property name="repeatIteration" value="0" />
          </properties>
        </test-case>
        <test-case id="1101" name="IdlessControlInteractUsesCallSiteIdentityAcrossFrames" fullname="NowControlsTests.IdlessControlInteractUsesCallSiteIdentityAcrossFrames" methodname="IdlessControlInteractUsesCallSiteIdentityAcrossFrames" classname="NowControlsTests" runstate="Runnable" seed="604785417" result="Passed" start-time="2026-07-03 16:39:55Z" end-time="2026-07-03 16:39:55Z" duration="0.000538" asserts="0">
          <properties>
            <property name="retryIteration" value="0" />
            <property name="repeatIteration" value="0" />
          </properties>
        </test-case>
        <test-case id="1112" name="IdlessInteractClicksAcrossFramesFromOneSite" fullname="NowControlsTests.IdlessInteractClicksAcrossFramesFromOneSite" methodname="IdlessInteractClicksAcrossFramesFromOneSite" classname="NowControlsTests" runstate="Runnable" seed="1448340012" result="Passed" start-time="2026-07-03 16:39:55Z" end-time="2026-07-03 16:39:55Z" duration="0.000454" asserts="0">
          <properties>
            <property name="retryIteration" value="0" />
            <property name="repeatIteration" value="0" />
          </properties>
        </test-case>
        <test-case id="1116" name="IdScopesDisambiguateIdenticalLabels" fullname="NowControlsTests.IdScopesDisambiguateIdenticalLabels" methodname="IdScopesDisambiguateIdenticalLabels" classname="NowControlsTests" runstate="Runnable" seed="1688971622" result="Passed" start-time="2026-07-03 16:39:55Z" end-time="2026-07-03 16:39:55Z" duration="0.000471" asserts="0">
          <properties>
            <property name="retryIteration" value="0" />
            <property name="repeatIteration" value="0" />
          </properties>
        </test-case>
        <test-case id="1115" name="IntegerSetIdDecouplesIdentityFromLabel" fullname="NowControlsTests.IntegerSetIdDecouplesIdentityFromLabel" methodname="IntegerSetIdDecouplesIdentityFromLabel" classname="NowControlsTests" runstate="Runnable" seed="423559969" result="Passed" start-time="2026-07-03 16:39:55Z" end-time="2026-07-03 16:39:55Z" duration="0.002170" asserts="0">
          <properties>
            <property name="retryIteration" value="0" />
            <property name="repeatIteration" value="0" />
          </properties>
        </test-case>
        <test-case id="1096" name="InteractRequestsRepaintOnlyWhenInteractionStateChanges" fullname="NowControlsTests.InteractRequestsRepaintOnlyWhenInteractionStateChanges" methodname="InteractRequestsRepaintOnlyWhenInteractionStateChanges" classname="NowControlsTests" runstate="Runnable" seed="1516346172" result="Passed" start-time="2026-07-03 16:39:55Z" end-time="2026-07-03 16:39:55Z" duration="0.000323" asserts="0">
          <properties>
            <property name="retryIteration" value="0" />
            <property name="repeatIteration" value="0" />
          </properties>
        </test-case>
        <test-case id="1130" name="NavigationMemoryShiftsWithScrolledContent" fullname="NowControlsTests.NavigationMemoryShiftsWithScrolledContent" methodname="NavigationMemoryShiftsWithScrolledContent" classname="NowControlsTests" runstate="Runnable" seed="342958743" result="Passed" start-time="2026-07-03 16:39:55Z" end-time="2026-07-03 16:39:55Z" duration="0.000370" asserts="0">
          <properties>
            <property name="retryIteration" value="0" />
            <property name="repeatIteration" value="0" />
          </properties>
        </test-case>
        <test-case id="1123" name="NestedOverlayNavigationUsesTopmostLayer" fullname="NowControlsTests.NestedOverlayNavigationUsesTopmostLayer" methodname="NestedOverlayNavigationUsesTopmostLayer" classname="NowControlsTests" runstate="Runnable" seed="571195923" result="Passed" start-time="2026-07-03 16:39:55Z" end-time="2026-07-03 16:39:55Z" duration="0.000383" asserts="0">
          <properties>
            <property name="retryIteration" value="0" />
            <property name="repeatIteration" value="0" />
          </properties>
        </test-case>
        <test-case id="1111" name="NowIdInteractClicksAcrossFrames" fullname="NowControlsTests.NowIdInteractClicksAcrossFrames" methodname="NowIdInteractClicksAcrossFrames" classname="NowControlsTests" runstate="Runnable" seed="1215732796" result="Passed" start-time="2026-07-03 16:39:55Z" end-time="2026-07-03 16:39:55Z" duration="0.000318" asserts="0">
          <properties>
            <property name="retryIteration" value="0" />
            <property name="repeatIteration" value="0" />
          </properties>
        </test-case>
        <test-case id="1110" name="NowIdRejectsReservedOrEmptyExplicitIds" fullname="NowControlsTests.NowIdRejectsReservedOrEmptyExplicitIds" methodname="NowIdRejectsReservedOrEmptyExplicitIds" classname="NowControlsTests" runstate="Runnable" seed="1031119389" result="Passed" start-time="2026-07-03 16:39:55Z" end-time="2026-07-03 16:39:55Z" duration="0.000889" asserts="0">
          <properties>
            <property name="retryIteration" value="0" />
            <property name="repeatIteration" value="0" />
          </properties>
        </test-case>
        <test-case id="1109" name="NowIdSupportsStringIntAndDefaultIdentity" fullname="NowControlsTests.NowIdSupportsStringIntAndDefaultIdentity" methodname="NowIdSupportsStringIntAndDefaultIdentity" classname="NowControlsTests" runstate="Runnable" seed="1730242820" result="Passed" start-time="2026-07-03 16:39:55Z" end-time="2026-07-03 16:39:55Z" duration="0.000274" asserts="0">
          <properties>
            <property name="retryIteration" value="0" />
            <property name="repeatIteration" value="0" />
          </properties>
        </test-case>
        <test-case id="1121" name="OverlayNavigationIgnoresBaseLayerControls" fullname="NowControlsTests.OverlayNavigationIgnoresBaseLayerControls" methodname="OverlayNavigationIgnoresBaseLayerControls" classname="NowControlsTests" runstate="Runnable" seed="1313033606" result="Passed" start-time="2026-07-03 16:39:55Z" end-time="2026-07-03 16:39:55Z" duration="0.000320" asserts="0">
          <properties>
            <property name="retryIteration" value="0" />
            <property name="repeatIteration" value="0" />
          </properties>
        </test-case>
        <test-case id="1122" name="OverlaySubmitIgnoresFocusedBaseLayerControl" fullname="NowControlsTests.OverlaySubmitIgnoresFocusedBaseLayerControl" methodname="OverlaySubmitIgnoresFocusedBaseLayerControl" classname="NowControlsTests" runstate="Runnable" seed="1708260896" result="Passed" start-time="2026-07-03 16:39:55Z" end-time="2026-07-03 16:39:55Z" duration="0.000323" asserts="0">
          <properties>
            <property name="retryIteration" value="0" />
            <property name="repeatIteration" value="0" />
          </properties>
        </test-case>
        <test-case id="1098" name="PassiveMeasurePassMirrorsActiveOccurrenceSalting" fullname="NowControlsTests.PassiveMeasurePassMirrorsActiveOccurrenceSalting" methodname="PassiveMeasurePassMirrorsActiveOccurrenceSalting" classname="NowControlsTests" runstate="Runnable" seed="1420167693" result="Passed" start-time="2026-07-03 16:39:55Z" end-time="2026-07-03 16:39:55Z" duration="0.000263" asserts="0">
          <properties>
            <property name="retryIteration" value="0" />
            <property name="repeatIteration" value="0" />
          </properties>
        </test-case>
        <test-case id="1093" name="PressAnimationDoesNotStartDuringPassiveMeasurePass" fullname="NowControlsTests.PressAnimationDoesNotStartDuringPassiveMeasurePass" methodname="PressAnimationDoesNotStartDuringPassiveMeasurePass" classname="NowControlsTests" runstate="Runnable" seed="2001721955" result="Passed" start-time="2026-07-03 16:39:55Z" end-time="2026-07-03 16:39:55Z" duration="0.001604" asserts="0">
          <properties>
            <property name="retryIteration" value="0" />
            <property name="repeatIteration" value="0" />
          </properties>
        </test-case>
        <test-case id="1092" name="PressAnimationStartsOnTriggerAndRequestsRepaint" fullname="NowControlsTests.PressAnimationStartsOnTriggerAndRequestsRepaint" methodname="PressAnimationStartsOnTriggerAndRequestsRepaint" classname="NowControlsTests" runstate="Runnable" seed="1017563159" result="Passed" start-time="2026-07-03 16:39:55Z" end-time="2026-07-03 16:39:55Z" duration="0.000225" asserts="0">
          <properties>
            <property name="retryIteration" value="0" />
            <property name="repeatIteration" value="0" />
          </properties>
        </test-case>
        <test-case id="1143" name="RadioContentScopeReportsClickInside" fullname="NowControlsTests.RadioContentScopeReportsClickInside" methodname="RadioContentScopeReportsClickInside" classname="NowControlsTests" runstate="Runnable" seed="1091638528" result="Passed" start-time="2026-07-03 16:39:55Z" end-time="2026-07-03 16:39:55Z" duration="0.000698" asserts="0">
          <properties>
            <property name="retryIteration" value="0" />
            <property name="repeatIteration" value="0" />
          </properties>
        </test-case>
        <test-case id="1104" name="RadioReportsClickForSelection" fullname="NowControlsTests.RadioReportsClickForSelection" methodname="RadioReportsClickForSelection" classname="NowControlsTests" runstate="Runnable" seed="1024893440" result="Passed" start-time="2026-07-03 16:39:55Z" end-time="2026-07-03 16:39:55Z" duration="0.000339" asserts="0">
          <properties>
            <property name="retryIteration" value="0" />
            <property name="repeatIteration" value="0" />
          </properties>
        </test-case>
        <test-case id="1139" name="RepeatNamedKeysUseSeparateSlots" fullname="NowControlsTests.RepeatNamedKeysUseSeparateSlots" methodname="RepeatNamedKeysUseSeparateSlots" classname="NowControlsTests" runstate="Runnable" seed="818183827" result="Passed" start-time="2026-07-03 16:39:55Z" end-time="2026-07-03 16:39:55Z" duration="0.000158" asserts="0">
          <properties>
            <property name="retryIteration" value="0" />
            <property name="repeatIteration" value="0" />
          </properties>
        </test-case>
        <test-case id="1138" name="RepeatPulsesOnInitialPress" fullname="NowControlsTests.RepeatPulsesOnInitialPress" methodname="RepeatPulsesOnInitialPress" classname="NowControlsTests" runstate="Runnable" seed="663327949" result="Passed" start-time="2026-07-03 16:39:55Z" end-time="2026-07-03 16:39:55Z" duration="0.000153" asserts="0">
          <properties>
            <property name="retryIteration" value="0" />
            <property name="repeatIteration" value="0" />
          </properties>
        </test-case>
        <test-case id="1113" name="SameLabelDifferentCallSitesAreDistinctControls" fullname="NowControlsTests.SameLabelDifferentCallSitesAreDistinctControls" methodname="SameLabelDifferentCallSitesAreDistinctControls" classname="NowControlsTests" runstate="Runnable" seed="1173708862" result="Passed" start-time="2026-07-03 16:39:55Z" end-time="2026-07-03 16:39:55Z" duration="0.000360" asserts="0">
          <properties>
            <property name="retryIteration" value="0" />
            <property name="repeatIteration" value="0" />
          </properties>
        </test-case>
        <test-case id="1107" name="SameSiteLoopButtonsDoNotShareActivation" fullname="NowControlsTests.SameSiteLoopButtonsDoNotShareActivation" methodname="SameSiteLoopButtonsDoNotShareActivation" classname="NowControlsTests" runstate="Runnable" seed="1020578268" result="Passed" start-time="2026-07-03 16:39:55Z" end-time="2026-07-03 16:39:55Z" duration="0.000352" asserts="0">
          <properties>
            <property name="retryIteration" value="0" />
            <property name="repeatIteration" value="0" />
          </properties>
        </test-case>
        <test-case id="1117" name="ScopedContentControlsKeepSeparateLayoutCaches" fullname="NowControlsTests.ScopedContentControlsKeepSeparateLayoutCaches" methodname="ScopedContentControlsKeepSeparateLayoutCaches" classname="NowControlsTests" runstate="Runnable" seed="365793325" result="Passed" start-time="2026-07-03 16:39:55Z" end-time="2026-07-03 16:39:55Z" duration="0.000512" asserts="0">
          <properties>
            <property name="retryIteration" value="0" />
            <property name="repeatIteration" value="0" />
          </properties>
        </test-case>
        <test-case id="1134" name="ScrollRegionKeepsCulledControlsNavigable" fullname="NowControlsTests.ScrollRegionKeepsCulledControlsNavigable" methodname="ScrollRegionKeepsCulledControlsNavigable" classname="NowControlsTests" runstate="Runnable" seed="1719019188" result="Passed" start-time="2026-07-03 16:39:55Z" end-time="2026-07-03 16:39:55Z" duration="0.000267" asserts="0">
          <properties>
            <property name="retryIteration" value="0" />
            <property name="repeatIteration" value="0" />
          </properties>
        </test-case>
        <test-case id="1147" name="ScrollScopeOffsetSetterClampsToContentRange" fullname="NowControlsTests.ScrollScopeOffsetSetterClampsToContentRange" methodname="ScrollScopeOffsetSetterClampsToContentRange" classname="NowControlsTests" runstate="Runnable" seed="345627237" result="Passed" start-time="2026-07-03 16:39:55Z" end-time="2026-07-03 16:39:55Z" duration="0.000600" asserts="0">
          <properties>
            <property name="retryIteration" value="0" />
            <property name="repeatIteration" value="0" />
          </properties>
        </test-case>
        <test-case id="1148" name="ScrollScopeScrollToEndPersistsAcrossFrames" fullname="NowControlsTests.ScrollScopeScrollToEndPersistsAcrossFrames" methodname="ScrollScopeScrollToEndPersistsAcrossFrames" classname="NowControlsTests" runstate="Runnable" seed="227356001" result="Passed" start-time="2026-07-03 16:39:55Z" end-time="2026-07-03 16:39:55Z" duration="0.000393" asserts="0">
          <properties>
            <property name="retryIteration" value="0" />
            <property name="repeatIteration" value="0" />
          </properties>
        </test-case>
        <test-case id="1114" name="SetIdDecouplesIdentityFromLabel" fullname="NowControlsTests.SetIdDecouplesIdentityFromLabel" methodname="SetIdDecouplesIdentityFromLabel" classname="NowControlsTests" runstate="Runnable" seed="1144878064" result="Passed" start-time="2026-07-03 16:39:55Z" end-time="2026-07-03 16:39:55Z" duration="0.000330" asserts="0">
          <properties>
            <property name="retryIteration" value="0" />
            <property name="repeatIteration" value="0" />
          </properties>
        </test-case>
        <test-case id="1105" name="SliderDragsValueFromPointer" fullname="NowControlsTests.SliderDragsValueFromPointer" methodname="SliderDragsValueFromPointer" classname="NowControlsTests" runstate="Runnable" seed="435463160" result="Passed" start-time="2026-07-03 16:39:55Z" end-time="2026-07-03 16:39:55Z" duration="0.000303" asserts="0">
          <properties>
            <property name="retryIteration" value="0" />
            <property name="repeatIteration" value="0" />
          </properties>
        </test-case>
        <test-case id="1118" name="SpatialNavigationMovesFocusRight" fullname="NowControlsTests.SpatialNavigationMovesFocusRight" methodname="SpatialNavigationMovesFocusRight" classname="NowControlsTests" runstate="Runnable" seed="859672295" result="Passed" start-time="2026-07-03 16:39:55Z" end-time="2026-07-03 16:39:55Z" duration="0.000253" asserts="0">
          <properties>
            <property name="retryIteration" value="0" />
            <property name="repeatIteration" value="0" />
          </properties>
        </test-case>
        <test-case id="1120" name="TabNavigationCyclesByRegistrationOrder" fullname="NowControlsTests.TabNavigationCyclesByRegistrationOrder" methodname="TabNavigationCyclesByRegistrationOrder" classname="NowControlsTests" runstate="Runnable" seed="1258658647" result="Passed" start-time="2026-07-03 16:39:55Z" end-time="2026-07-03 16:39:55Z" duration="0.000363" asserts="0">
          <properties>
            <property name="retryIteration" value="0" />
            <property name="repeatIteration" value="0" />
          </properties>
        </test-case>
        <test-case id="1146" name="ThemeScopesRestorePreviousTheme" fullname="NowControlsTests.ThemeScopesRestorePreviousTheme" methodname="ThemeScopesRestorePreviousTheme" classname="NowControlsTests" runstate="Runnable" seed="313646779" result="Passed" start-time="2026-07-03 16:39:55Z" end-time="2026-07-03 16:39:55Z" duration="0.000482" asserts="0">
          <properties>
            <property name="retryIteration" value="0" />
            <property name="repeatIteration" value="0" />
          </properties>
        </test-case>
        <test-case id="1091" name="TransitionDoesNotAdvanceDuringPassiveMeasurePass" fullname="NowControlsTests.TransitionDoesNotAdvanceDuringPassiveMeasurePass" methodname="TransitionDoesNotAdvanceDuringPassiveMeasurePass" classname="NowControlsTests" runstate="Runnable" seed="834328880" result="Passed" start-time="2026-07-03 16:39:55Z" end-time="2026-07-03 16:39:55Z" duration="0.093380" asserts="0">
          <properties>
            <property name="retryIteration" value="0" />
            <property name="repeatIteration" value="0" />
          </properties>
        </test-case>
      </test-suite>
      <test-suite type="TestFixture" id="1149" name="NowCornerRadiusTests" fullname="NowCornerRadiusTests" classname="NowCornerRadiusTests" runstate="Runnable" testcasecount="3" result="Passed" start-time="2026-07-03 16:39:55Z" end-time="2026-07-03 16:39:55Z" duration="0.001687" total="3" passed="3" failed="0" inconclusive="0" skipped="0" asserts="0">
        <properties />
        <test-case id="1151" name="FromPackedRoundTripsEveryCorner" fullname="NowCornerRadiusTests.FromPackedRoundTripsEveryCorner" methodname="FromPackedRoundTripsEveryCorner" classname="NowCornerRadiusTests" runstate="Runnable" seed="1284705820" result="Passed" start-time="2026-07-03 16:39:55Z" end-time="2026-07-03 16:39:55Z" duration="0.000285" asserts="0">
          <properties>
            <property name="retryIteration" value="0" />
            <property name="repeatIteration" value="0" />
          </properties>
        </test-case>
        <test-case id="1152" name="FromPackedRoundTripsSideHelpers" fullname="NowCornerRadiusTests.FromPackedRoundTripsSideHelpers" methodname="FromPackedRoundTripsSideHelpers" classname="NowCornerRadiusTests" runstate="Runnable" seed="1130687044" result="Passed" start-time="2026-07-03 16:39:55Z" end-time="2026-07-03 16:39:55Z" duration="0.000479" asserts="0">
          <properties>
            <property name="retryIteration" value="0" />
            <property name="repeatIteration" value="0" />
          </properties>
        </test-case>
        <test-case id="1150" name="PackedMatchesShaderCornerOrder" fullname="NowCornerRadiusTests.PackedMatchesShaderCornerOrder" methodname="PackedMatchesShaderCornerOrder" classname="NowCornerRadiusTests" runstate="Runnable" seed="411026316" result="Passed" start-time="2026-07-03 16:39:55Z" end-time="2026-07-03 16:39:55Z" duration="0.000155" asserts="0">
          <properties>
            <property name="retryIteration" value="0" />
            <property name="repeatIteration" value="0" />
          </properties>
        </test-case>
      </test-suite>
      <test-suite type="TestFixture" id="1153" name="NowDialogTests" fullname="NowDialogTests" classname="NowDialogTests" runstate="Runnable" testcasecount="3" result="Passed" start-time="2026-07-03 16:39:55Z" end-time="2026-07-03 16:39:55Z" duration="0.012194" total="3" passed="3" failed="0" inconclusive="0" skipped="0" asserts="0">
        <properties />
        <test-case id="1155" name="ConfirmCancelInvokesCancelOnly" fullname="NowDialogTests.ConfirmCancelInvokesCancelOnly" methodname="ConfirmCancelInvokesCancelOnly" classname="NowDialogTests" runstate="Runnable" seed="1701130343" result="Passed" start-time="2026-07-03 16:39:55Z" end-time="2026-07-03 16:39:55Z" duration="0.008859" asserts="0">
          <properties>
            <property name="retryIteration" value="0" />
            <property name="repeatIteration" value="0" />
          </properties>
        </test-case>
        <test-case id="1156" name="DialogOwnerCallbacksAvoidCapturingLambdaRequirement" fullname="NowDialogTests.DialogOwnerCallbacksAvoidCapturingLambdaRequirement" methodname="DialogOwnerCallbacksAvoidCapturingLambdaRequirement" classname="NowDialogTests" runstate="Runnable" seed="991422455" result="Passed" start-time="2026-07-03 16:39:55Z" end-time="2026-07-03 16:39:55Z" duration="0.000701" asserts="0">
          <properties>
            <property name="retryIteration" value="0" />
            <property name="repeatIteration" value="0" />
          </properties>
        </test-case>
        <test-case id="1154" name="MessageBoxCancelInvokesClosedAndPops" fullname="NowDialogTests.MessageBoxCancelInvokesClosedAndPops" methodname="MessageBoxCancelInvokesClosedAndPops" classname="NowDialogTests" runstate="Runnable" seed="279022062" result="Passed" start-time="2026-07-03 16:39:55Z" end-time="2026-07-03 16:39:55Z" duration="0.002064" asserts="0">
          <properties>
            <property name="retryIteration" value="0" />
            <property name="repeatIteration" value="0" />
          </properties>
        </test-case>
      </test-suite>
      <test-suite type="TestFixture" id="1157" name="NowDockingTests" fullname="NowDockingTests" classname="NowDockingTests" runstate="Runnable" testcasecount="10" result="Passed" start-time="2026-07-03 16:39:55Z" end-time="2026-07-03 16:39:55Z" duration="0.015781" total="10" passed="10" failed="0" inconclusive="0" skipped="0" asserts="0">
        <properties />
        <test-case id="1159" name="ClickingTabSelectsWindow" fullname="NowDockingTests.ClickingTabSelectsWindow" methodname="ClickingTabSelectsWindow" classname="NowDockingTests" runstate="Runnable" seed="177044225" result="Passed" start-time="2026-07-03 16:39:55Z" end-time="2026-07-03 16:39:55Z" duration="0.005573" asserts="0">
          <properties>
            <property name="retryIteration" value="0" />
            <property name="repeatIteration" value="0" />
          </properties>
        </test-case>
        <test-case id="1163" name="DraggingTabOutsideDockSpaceFloatsWindow" fullname="NowDockingTests.DraggingTabOutsideDockSpaceFloatsWindow" methodname="DraggingTabOutsideDockSpaceFloatsWindow" classname="NowDockingTests" runstate="Runnable" seed="1292449496" result="Passed" start-time="2026-07-03 16:39:55Z" end-time="2026-07-03 16:39:55Z" duration="0.003319" asserts="0">
          <properties>
            <property name="retryIteration" value="0" />
            <property name="repeatIteration" value="0" />
          </properties>
        </test-case>
        <test-case id="1165" name="DraggingTabReordersTabs" fullname="NowDockingTests.DraggingTabReordersTabs" methodname="DraggingTabReordersTabs" classname="NowDockingTests" runstate="Runnable" seed="506084624" result="Passed" start-time="2026-07-03 16:39:55Z" end-time="2026-07-03 16:39:55Z" duration="0.001785" asserts="0">
          <properties>
            <property name="retryIteration" value="0" />
            <property name="repeatIteration" value="0" />
          </properties>
        </test-case>
        <test-case id="1158" name="DrawsFirstSubmittedWindowAsSelectedTab" fullname="NowDockingTests.DrawsFirstSubmittedWindowAsSelectedTab" methodname="DrawsFirstSubmittedWindowAsSelectedTab" classname="NowDockingTests" runstate="Runnable" seed="913792154" result="Passed" start-time="2026-07-03 16:39:55Z" end-time="2026-07-03 16:39:55Z" duration="0.000266" asserts="0">
          <properties>
            <property name="retryIteration" value="0" />
            <property name="repeatIteration" value="0" />
          </properties>
        </test-case>
        <test-case id="1164" name="DroppingOnPaneBodyCenterFloatsInsteadOfTabDocking" fullname="NowDockingTests.DroppingOnPaneBodyCenterFloatsInsteadOfTabDocking" methodname="DroppingOnPaneBodyCenterFloatsInsteadOfTabDocking" classname="NowDockingTests" runstate="Runnable" seed="455558013" result="Passed" start-time="2026-07-03 16:39:55Z" end-time="2026-07-03 16:39:55Z" duration="0.001039" asserts="0">
          <properties>
            <property name="retryIteration" value="0" />
            <property name="repeatIteration" value="0" />
          </properties>
        </test-case>
        <test-case id="1162" name="DroppingOnTabBarMergesAsTab" fullname="NowDockingTests.DroppingOnTabBarMergesAsTab" methodname="DroppingOnTabBarMergesAsTab" classname="NowDockingTests" runstate="Runnable" seed="63167652" result="Passed" start-time="2026-07-03 16:39:55Z" end-time="2026-07-03 16:39:55Z" duration="0.000554" asserts="0">
          <properties>
            <property name="retryIteration" value="0" />
            <property name="repeatIteration" value="0" />
          </properties>
        </test-case>
        <test-case id="1166" name="MovingFloatingTitleBarDoesNotDockWindow" fullname="NowDockingTests.MovingFloatingTitleBarDoesNotDockWindow" methodname="MovingFloatingTitleBarDoesNotDockWindow" classname="NowDockingTests" runstate="Runnable" seed="2043078490" result="Passed" start-time="2026-07-03 16:39:55Z" end-time="2026-07-03 16:39:55Z" duration="0.000560" asserts="0">
          <properties>
            <property name="retryIteration" value="0" />
            <property name="repeatIteration" value="0" />
          </properties>
        </test-case>
        <test-case id="1167" name="ReleasingFloatingTabOverTabBarCommitsAndClearsDrag" fullname="NowDockingTests.ReleasingFloatingTabOverTabBarCommitsAndClearsDrag" methodname="ReleasingFloatingTabOverTabBarCommitsAndClearsDrag" classname="NowDockingTests" runstate="Runnable" seed="1927009427" result="Passed" start-time="2026-07-03 16:39:55Z" end-time="2026-07-03 16:39:55Z" duration="0.000845" asserts="0">
          <properties>
            <property name="retryIteration" value="0" />
            <property name="repeatIteration" value="0" />
          </properties>
        </test-case>
        <test-case id="1160" name="SideDockShowsBothWindows" fullname="NowDockingTests.SideDockShowsBothWindows" methodname="SideDockShowsBothWindows" classname="NowDockingTests" runstate="Runnable" seed="1115666617" result="Passed" start-time="2026-07-03 16:39:55Z" end-time="2026-07-03 16:39:55Z" duration="0.000333" asserts="0">
          <properties>
            <property name="retryIteration" value="0" />
            <property name="repeatIteration" value="0" />
          </properties>
        </test-case>
        <test-case id="1161" name="SplitterDragResizesDockedPanes" fullname="NowDockingTests.SplitterDragResizesDockedPanes" methodname="SplitterDragResizesDockedPanes" classname="NowDockingTests" runstate="Runnable" seed="1687204932" result="Passed" start-time="2026-07-03 16:39:55Z" end-time="2026-07-03 16:39:55Z" duration="0.000522" asserts="0">
          <properties>
            <property name="retryIteration" value="0" />
            <property name="repeatIteration" value="0" />
          </properties>
        </test-case>
      </test-suite>
      <test-suite type="TestFixture" id="1168" name="NowFilePickerTests" fullname="NowFilePickerTests" classname="NowFilePickerTests" runstate="Runnable" testcasecount="7" result="Passed" start-time="2026-07-03 16:39:55Z" end-time="2026-07-03 16:39:55Z" duration="0.005824" total="7" passed="7" failed="0" inconclusive="0" skipped="0" asserts="0">
        <properties />
        <test-case id="1175" name="BuildOpenPathRejectsInvalidFileName" fullname="NowFilePickerTests.BuildOpenPathRejectsInvalidFileName" methodname="BuildOpenPathRejectsInvalidFileName" classname="NowFilePickerTests" runstate="Runnable" seed="925473415" result="Passed" start-time="2026-07-03 16:39:55Z" end-time="2026-07-03 16:39:55Z" duration="0.000491" asserts="0">
          <properties>
            <property name="retryIteration" value="0" />
            <property name="repeatIteration" value="0" />
          </properties>
        </test-case>
        <test-case id="1174" name="BuildOpenPathRequiresExistingFilteredFile" fullname="NowFilePickerTests.BuildOpenPathRequiresExistingFilteredFile" methodname="BuildOpenPathRequiresExistingFilteredFile" classname="NowFilePickerTests" runstate="Runnable" seed="396447862" result="Passed" start-time="2026-07-03 16:39:55Z" end-time="2026-07-03 16:39:55Z" duration="0.003866" asserts="0">
          <properties>
            <property name="retryIteration" value="0" />
            <property name="repeatIteration" value="0" />
          </properties>
        </test-case>
        <test-case id="1171" name="BuildSavePathAddsFilterExtensionWhenMissing" fullname="NowFilePickerTests.BuildSavePathAddsFilterExtensionWhenMissing" methodname="BuildSavePathAddsFilterExtensionWhenMissing" classname="NowFilePickerTests" runstate="Runnable" seed="1242012291" result="Passed" start-time="2026-07-03 16:39:55Z" end-time="2026-07-03 16:39:55Z" duration="0.000350" asserts="0">
          <properties>
            <property name="retryIteration" value="0" />
            <property name="repeatIteration" value="0" />
          </properties>
        </test-case>
        <test-case id="1172" name="BuildSavePathKeepsExistingExtension" fullname="NowFilePickerTests.BuildSavePathKeepsExistingExtension" methodname="BuildSavePathKeepsExistingExtension" classname="NowFilePickerTests" runstate="Runnable" seed="1818881641" result="Passed" start-time="2026-07-03 16:39:55Z" end-time="2026-07-03 16:39:55Z" duration="0.000116" asserts="0">
          <properties>
            <property name="retryIteration" value="0" />
            <property name="repeatIteration" value="0" />
          </properties>
        </test-case>
        <test-case id="1173" name="BuildSavePathRejectsInvalidFileName" fullname="NowFilePickerTests.BuildSavePathRejectsInvalidFileName" methodname="BuildSavePathRejectsInvalidFileName" classname="NowFilePickerTests" runstate="Runnable" seed="1484462019" result="Passed" start-time="2026-07-03 16:39:55Z" end-time="2026-07-03 16:39:55Z" duration="0.000080" asserts="0">
          <properties>
            <property name="retryIteration" value="0" />
            <property name="repeatIteration" value="0" />
          </properties>
        </test-case>
        <test-case id="1169" name="FileFilterMatchesExtensionsCaseInsensitively" fullname="NowFilePickerTests.FileFilterMatchesExtensionsCaseInsensitively" methodname="FileFilterMatchesExtensionsCaseInsensitively" classname="NowFilePickerTests" runstate="Runnable" seed="880410317" result="Passed" start-time="2026-07-03 16:39:55Z" end-time="2026-07-03 16:39:55Z" duration="0.000117" asserts="0">
          <properties>
            <property name="retryIteration" value="0" />
            <property name="repeatIteration" value="0" />
          </properties>
        </test-case>
        <test-case id="1170" name="WildcardFilterMatchesAnyFile" fullname="NowFilePickerTests.WildcardFilterMatchesAnyFile" methodname="WildcardFilterMatchesAnyFile" classname="NowFilePickerTests" runstate="Runnable" seed="442648522" result="Passed" start-time="2026-07-03 16:39:55Z" end-time="2026-07-03 16:39:55Z" duration="0.000110" asserts="0">
          <properties>
            <property name="retryIteration" value="0" />
            <property name="repeatIteration" value="0" />
          </properties>
        </test-case>
      </test-suite>
      <test-suite type="TestFixture" id="1238" name="NowFoldoutTests" fullname="NowFoldoutTests" classname="NowFoldoutTests" runstate="Runnable" testcasecount="1" result="Passed" start-time="2026-07-03 16:39:55Z" end-time="2026-07-03 16:39:55Z" duration="0.001546" total="1" passed="1" failed="0" inconclusive="0" skipped="0" asserts="0">
        <properties />
        <test-case id="1239" name="ClickTogglesCallerOwnedExpansion" fullname="NowFoldoutTests.ClickTogglesCallerOwnedExpansion" methodname="ClickTogglesCallerOwnedExpansion" classname="NowFoldoutTests" runstate="Runnable" seed="1061955166" result="Passed" start-time="2026-07-03 16:39:55Z" end-time="2026-07-03 16:39:55Z" duration="0.001189" asserts="0">
          <properties>
            <property name="retryIteration" value="0" />
            <property name="repeatIteration" value="0" />
          </properties>
        </test-case>
      </test-suite>
      <test-suite type="TestFixture" id="1176" name="NowFontStackTests" fullname="NowFontStackTests" classname="NowFontStackTests" runstate="Runnable" testcasecount="5" result="Passed" start-time="2026-07-03 16:39:55Z" end-time="2026-07-03 16:39:55Z" duration="0.001725" total="5" passed="5" failed="0" inconclusive="0" skipped="0" asserts="0">
        <properties />
        <test-case id="1177" name="ActiveFontFallsBackToDefault" fullname="NowFontStackTests.ActiveFontFallsBackToDefault" methodname="ActiveFontFallsBackToDefault" classname="NowFontStackTests" runstate="Runnable" seed="1280505606" result="Passed" start-time="2026-07-03 16:39:55Z" end-time="2026-07-03 16:39:55Z" duration="0.000326" asserts="0">
          <properties>
            <property name="retryIteration" value="0" />
            <property name="repeatIteration" value="0" />
          </properties>
        </test-case>
        <test-case id="1181" name="DisposeIsIdempotent" fullname="NowFontStackTests.DisposeIsIdempotent" methodname="DisposeIsIdempotent" classname="NowFontStackTests" runstate="Runnable" seed="1571334178" result="Passed" start-time="2026-07-03 16:39:55Z" end-time="2026-07-03 16:39:55Z" duration="0.000298" asserts="0">
          <properties>
            <property name="retryIteration" value="0" />
            <property name="repeatIteration" value="0" />
          </properties>
        </test-case>
        <test-case id="1178" name="FontScopesNestAndRestore" fullname="NowFontStackTests.FontScopesNestAndRestore" methodname="FontScopesNestAndRestore" classname="NowFontStackTests" runstate="Runnable" seed="1655812415" result="Passed" start-time="2026-07-03 16:39:55Z" end-time="2026-07-03 16:39:55Z" duration="0.000189" asserts="0">
          <properties>
            <property name="retryIteration" value="0" />
            <property name="repeatIteration" value="0" />
          </properties>
        </test-case>
        <test-case id="1179" name="LabelStyleUsesActiveFont" fullname="NowFontStackTests.LabelStyleUsesActiveFont" methodname="LabelStyleUsesActiveFont" classname="NowFontStackTests" runstate="Runnable" seed="140024033" result="Passed" start-time="2026-07-03 16:39:55Z" end-time="2026-07-03 16:39:55Z" duration="0.000181" asserts="0">
          <properties>
            <property name="retryIteration" value="0" />
            <property name="repeatIteration" value="0" />
          </properties>
        </test-case>
        <test-case id="1180" name="PushingNullFontThrows" fullname="NowFontStackTests.PushingNullFontThrows" methodname="PushingNullFontThrows" classname="NowFontStackTests" runstate="Runnable" seed="271691064" result="Passed" start-time="2026-07-03 16:39:55Z" end-time="2026-07-03 16:39:55Z" duration="0.000271" asserts="0">
          <properties>
            <property name="retryIteration" value="0" />
            <property name="repeatIteration" value="0" />
          </properties>
        </test-case>
      </test-suite>
      <test-suite type="TestFixture" id="1182" name="NowImageRenderingTests" fullname="NowImageRenderingTests" classname="NowImageRenderingTests" runstate="Runnable" testcasecount="8" result="Passed" start-time="2026-07-03 16:39:55Z" end-time="2026-07-03 16:39:55Z" duration="0.010266" total="8" passed="8" failed="0" inconclusive="0" skipped="0" asserts="0">
        <properties />
        <test-case id="1190" name="CustomMaterialCanvasOverrideIsCaptured" fullname="NowImageRenderingTests.CustomMaterialCanvasOverrideIsCaptured" methodname="CustomMaterialCanvasOverrideIsCaptured" classname="NowImageRenderingTests" runstate="Runnable" seed="1934130340" result="Passed" start-time="2026-07-03 16:39:55Z" end-time="2026-07-03 16:39:55Z" duration="0.003919" asserts="0">
          <properties>
            <property name="retryIteration" value="0" />
            <property name="repeatIteration" value="0" />
          </properties>
        </test-case>
        <test-case id="1188" name="CustomMaterialRectangleUsesCustomBatch" fullname="NowImageRenderingTests.CustomMaterialRectangleUsesCustomBatch" methodname="CustomMaterialRectangleUsesCustomBatch" classname="NowImageRenderingTests" runstate="Runnable" seed="117733026" result="Passed" start-time="2026-07-03 16:39:55Z" end-time="2026-07-03 16:39:55Z" duration="0.000451" asserts="0">
          <properties>
            <property name="retryIteration" value="0" />
            <property name="repeatIteration" value="0" />
          </properties>
        </test-case>
        <test-case id="1189" name="CustomMaterialWithTextureUsesTexturedMaterialInstance" fullname="NowImageRenderingTests.CustomMaterialWithTextureUsesTexturedMaterialInstance" methodname="CustomMaterialWithTextureUsesTexturedMaterialInstance" classname="NowImageRenderingTests" runstate="Runnable" seed="1756901888" result="Passed" start-time="2026-07-03 16:39:55Z" end-time="2026-07-03 16:39:55Z" duration="0.001488" asserts="0">
          <properties>
            <property name="retryIteration" value="0" />
            <property name="repeatIteration" value="0" />
          </properties>
        </test-case>
        <test-case id="1187" name="PreserveAspectStillRendersGeometry" fullname="NowImageRenderingTests.PreserveAspectStillRendersGeometry" methodname="PreserveAspectStillRendersGeometry" classname="NowImageRenderingTests" runstate="Runnable" seed="2016309383" result="Passed" start-time="2026-07-03 16:39:55Z" end-time="2026-07-03 16:39:55Z" duration="0.000495" asserts="0">
          <properties>
            <property name="retryIteration" value="0" />
            <property name="repeatIteration" value="0" />
          </properties>
        </test-case>
        <test-case id="1185" name="SlicedSpriteCollapsesCellsWhenRectIsSmallerThanBorders" fullname="NowImageRenderingTests.SlicedSpriteCollapsesCellsWhenRectIsSmallerThanBorders" methodname="SlicedSpriteCollapsesCellsWhenRectIsSmallerThanBorders" classname="NowImageRenderingTests" runstate="Runnable" seed="1193141776" result="Passed" start-time="2026-07-03 16:39:55Z" end-time="2026-07-03 16:39:55Z" duration="0.002009" asserts="0">
          <properties>
            <property name="retryIteration" value="0" />
            <property name="repeatIteration" value="0" />
          </properties>
        </test-case>
        <test-case id="1184" name="SlicedSpriteEmitsNineQuads" fullname="NowImageRenderingTests.SlicedSpriteEmitsNineQuads" methodname="SlicedSpriteEmitsNineQuads" classname="NowImageRenderingTests" runstate="Runnable" seed="1203621772" result="Passed" start-time="2026-07-03 16:39:55Z" end-time="2026-07-03 16:39:55Z" duration="0.000487" asserts="0">
          <properties>
            <property name="retryIteration" value="0" />
            <property name="repeatIteration" value="0" />
          </properties>
        </test-case>
        <test-case id="1186" name="SpriteWithoutSlicingIsASingleQuad" fullname="NowImageRenderingTests.SpriteWithoutSlicingIsASingleQuad" methodname="SpriteWithoutSlicingIsASingleQuad" classname="NowImageRenderingTests" runstate="Runnable" seed="729535960" result="Passed" start-time="2026-07-03 16:39:55Z" end-time="2026-07-03 16:39:55Z" duration="0.000349" asserts="0">
          <properties>
            <property name="retryIteration" value="0" />
            <property name="repeatIteration" value="0" />
          </properties>
        </test-case>
        <test-case id="1183" name="TexturedRectEmitsGeometry" fullname="NowImageRenderingTests.TexturedRectEmitsGeometry" methodname="TexturedRectEmitsGeometry" classname="NowImageRenderingTests" runstate="Runnable" seed="1990462066" result="Passed" start-time="2026-07-03 16:39:55Z" end-time="2026-07-03 16:39:55Z" duration="0.000334" asserts="0">
          <properties>
            <property name="retryIteration" value="0" />
            <property name="repeatIteration" value="0" />
          </properties>
        </test-case>
      </test-suite>
      <test-suite type="TestFixture" id="1191" name="NowInputReplayTests" fullname="NowInputReplayTests" classname="NowInputReplayTests" runstate="Runnable" testcasecount="5" result="Passed" start-time="2026-07-03 16:39:55Z" end-time="2026-07-03 16:39:55Z" duration="0.017392" total="5" passed="5" failed="0" inconclusive="0" skipped="0" asserts="0">
        <properties />
        <test-case id="1192" name="ReplayCanFocusAndTypeIntoTextField" fullname="NowInputReplayTests.ReplayCanFocusAndTypeIntoTextField" methodname="ReplayCanFocusAndTypeIntoTextField" classname="NowInputReplayTests" runstate="Runnable" seed="1589749061" result="Passed" start-time="2026-07-03 16:39:55Z" end-time="2026-07-03 16:39:55Z" duration="0.000800" asserts="0">
          <properties>
            <property name="retryIteration" value="0" />
            <property name="repeatIteration" value="0" />
          </properties>
        </test-case>
        <test-case id="1193" name="ReplayCanOpenDropdownAndApplyPendingSelection" fullname="NowInputReplayTests.ReplayCanOpenDropdownAndApplyPendingSelection" methodname="ReplayCanOpenDropdownAndApplyPendingSelection" classname="NowInputReplayTests" runstate="Runnable" seed="324924447" result="Passed" start-time="2026-07-03 16:39:55Z" end-time="2026-07-03 16:39:55Z" duration="0.000652" asserts="0">
          <properties>
            <property name="retryIteration" value="0" />
            <property name="repeatIteration" value="0" />
          </properties>
        </test-case>
        <test-case id="1194" name="ReplayCanScrollViewWithWheel" fullname="NowInputReplayTests.ReplayCanScrollViewWithWheel" methodname="ReplayCanScrollViewWithWheel" classname="NowInputReplayTests" runstate="Runnable" seed="2002408768" result="Passed" start-time="2026-07-03 16:39:55Z" end-time="2026-07-03 16:39:55Z" duration="0.000833" asserts="0">
          <properties>
            <property name="retryIteration" value="0" />
            <property name="repeatIteration" value="0" />
          </properties>
        </test-case>
        <test-case id="1195" name="ReplayCanSelectDockTab" fullname="NowInputReplayTests.ReplayCanSelectDockTab" methodname="ReplayCanSelectDockTab" classname="NowInputReplayTests" runstate="Runnable" seed="169159489" result="Passed" start-time="2026-07-03 16:39:55Z" end-time="2026-07-03 16:39:55Z" duration="0.000466" asserts="0">
          <properties>
            <property name="retryIteration" value="0" />
            <property name="repeatIteration" value="0" />
          </properties>
        </test-case>
        <test-case id="1196" name="ReplayCanSelectNodeGraphNode" fullname="NowInputReplayTests.ReplayCanSelectNodeGraphNode" methodname="ReplayCanSelectNodeGraphNode" classname="NowInputReplayTests" runstate="Runnable" seed="1240503512" result="Passed" start-time="2026-07-03 16:39:55Z" end-time="2026-07-03 16:39:55Z" duration="0.013784" asserts="0">
          <properties>
            <property name="retryIteration" value="0" />
            <property name="repeatIteration" value="0" />
          </properties>
        </test-case>
      </test-suite>
      <test-suite type="TestFixture" id="1197" name="NowInputTests" fullname="NowInputTests" classname="NowInputTests" runstate="Runnable" testcasecount="27" result="Passed" start-time="2026-07-03 16:39:55Z" end-time="2026-07-03 16:39:55Z" duration="0.009911" total="27" passed="27" failed="0" inconclusive="0" skipped="0" asserts="0">
        <properties />
        <test-case id="1209" name="ActiveCaptureClearsAfterOwningProviderMissesFullFrame" fullname="NowInputTests.ActiveCaptureClearsAfterOwningProviderMissesFullFrame" methodname="ActiveCaptureClearsAfterOwningProviderMissesFullFrame" classname="NowInputTests" runstate="Runnable" seed="1949556891" result="Passed" start-time="2026-07-03 16:39:55Z" end-time="2026-07-03 16:39:55Z" duration="0.000443" asserts="0">
          <properties>
            <property name="retryIteration" value="0" />
            <property name="repeatIteration" value="0" />
          </properties>
        </test-case>
        <test-case id="1204" name="ActiveCaptureClearsWhenMissingControlReleases" fullname="NowInputTests.ActiveCaptureClearsWhenMissingControlReleases" methodname="ActiveCaptureClearsWhenMissingControlReleases" classname="NowInputTests" runstate="Runnable" seed="714165418" result="Passed" start-time="2026-07-03 16:39:55Z" end-time="2026-07-03 16:39:55Z" duration="0.000320" asserts="0">
          <properties>
            <property name="retryIteration" value="0" />
            <property name="repeatIteration" value="0" />
          </properties>
        </test-case>
        <test-case id="1205" name="ActiveCaptureClearsWhenRemovedBeforeRelease" fullname="NowInputTests.ActiveCaptureClearsWhenRemovedBeforeRelease" methodname="ActiveCaptureClearsWhenRemovedBeforeRelease" classname="NowInputTests" runstate="Runnable" seed="969223735" result="Passed" start-time="2026-07-03 16:39:55Z" end-time="2026-07-03 16:39:55Z" duration="0.000204" asserts="0">
          <properties>
            <property name="retryIteration" value="0" />
            <property name="repeatIteration" value="0" />
          </properties>
        </test-case>
        <test-case id="1208" name="ActiveCaptureSurvivesDifferentProviderEarlierInNextFrame" fullname="NowInputTests.ActiveCaptureSurvivesDifferentProviderEarlierInNextFrame" methodname="ActiveCaptureSurvivesDifferentProviderEarlierInNextFrame" classname="NowInputTests" runstate="Runnable" seed="1092656550" result="Passed" start-time="2026-07-03 16:39:55Z" end-time="2026-07-03 16:39:55Z" duration="0.000251" asserts="0">
          <properties>
            <property name="retryIteration" value="0" />
            <property name="repeatIteration" value="0" />
          </properties>
        </test-case>
        <test-case id="1207" name="ActiveCaptureSurvivesWhenControlIsDrawnWhileHeld" fullname="NowInputTests.ActiveCaptureSurvivesWhenControlIsDrawnWhileHeld" methodname="ActiveCaptureSurvivesWhenControlIsDrawnWhileHeld" classname="NowInputTests" runstate="Runnable" seed="1737335058" result="Passed" start-time="2026-07-03 16:39:55Z" end-time="2026-07-03 16:39:55Z" duration="0.000234" asserts="0">
          <properties>
            <property name="retryIteration" value="0" />
            <property name="repeatIteration" value="0" />
          </properties>
        </test-case>
        <test-case id="1222" name="DragThresholdExplicitOverrideWinsAndResetRestoresScaledDefault" fullname="NowInputTests.DragThresholdExplicitOverrideWinsAndResetRestoresScaledDefault" methodname="DragThresholdExplicitOverrideWinsAndResetRestoresScaledDefault" classname="NowInputTests" runstate="Runnable" seed="1136378712" result="Passed" start-time="2026-07-03 16:39:55Z" end-time="2026-07-03 16:39:55Z" duration="0.000193" asserts="0">
          <properties>
            <property name="retryIteration" value="0" />
            <property name="repeatIteration" value="0" />
          </properties>
        </test-case>
        <test-case id="1210" name="EndFrameClearsStaleActiveCaptureForDirectUpdateFlow" fullname="NowInputTests.EndFrameClearsStaleActiveCaptureForDirectUpdateFlow" methodname="EndFrameClearsStaleActiveCaptureForDirectUpdateFlow" classname="NowInputTests" runstate="Runnable" seed="319468974" result="Passed" start-time="2026-07-03 16:39:55Z" end-time="2026-07-03 16:39:55Z" duration="0.000222" asserts="0">
          <properties>
            <property name="retryIteration" value="0" />
            <property name="repeatIteration" value="0" />
          </properties>
        </test-case>
        <test-case id="1223" name="ExplicitDragThresholdSuppressesSmallDragsAndKeepsClicks" fullname="NowInputTests.ExplicitDragThresholdSuppressesSmallDragsAndKeepsClicks" methodname="ExplicitDragThresholdSuppressesSmallDragsAndKeepsClicks" classname="NowInputTests" runstate="Runnable" seed="148333430" result="Passed" start-time="2026-07-03 16:39:55Z" end-time="2026-07-03 16:39:55Z" duration="0.000294" asserts="0">
          <properties>
            <property name="retryIteration" value="0" />
            <property name="repeatIteration" value="0" />
          </properties>
        </test-case>
        <test-case id="1200" name="HoverUsesNestedAmbientMaskIntersection" fullname="NowInputTests.HoverUsesNestedAmbientMaskIntersection" methodname="HoverUsesNestedAmbientMaskIntersection" classname="NowInputTests" runstate="Runnable" seed="2070811984" result="Passed" start-time="2026-07-03 16:39:55Z" end-time="2026-07-03 16:39:55Z" duration="0.000293" asserts="0">
          <properties>
            <property name="retryIteration" value="0" />
            <property name="repeatIteration" value="0" />
          </properties>
        </test-case>
        <test-case id="1216" name="IdlessInteractionCanUseSecondaryPointerButton" fullname="NowInputTests.IdlessInteractionCanUseSecondaryPointerButton" methodname="IdlessInteractionCanUseSecondaryPointerButton" classname="NowInputTests" runstate="Runnable" seed="1810551177" result="Passed" start-time="2026-07-03 16:39:55Z" end-time="2026-07-03 16:39:55Z" duration="0.000328" asserts="0">
          <properties>
            <property name="retryIteration" value="0" />
            <property name="repeatIteration" value="0" />
          </properties>
        </test-case>
        <test-case id="1215" name="IdlessRectInteractionClicksAcrossFramesFromOneSite" fullname="NowInputTests.IdlessRectInteractionClicksAcrossFramesFromOneSite" methodname="IdlessRectInteractionClicksAcrossFramesFromOneSite" classname="NowInputTests" runstate="Runnable" seed="1722333412" result="Passed" start-time="2026-07-03 16:39:55Z" end-time="2026-07-03 16:39:55Z" duration="0.000231" asserts="0">
          <properties>
            <property name="retryIteration" value="0" />
            <property name="repeatIteration" value="0" />
          </properties>
        </test-case>
        <test-case id="1219" name="InputScopeRestoresPreviousContext" fullname="NowInputTests.InputScopeRestoresPreviousContext" methodname="InputScopeRestoresPreviousContext" classname="NowInputTests" runstate="Runnable" seed="356887993" result="Passed" start-time="2026-07-03 16:39:55Z" end-time="2026-07-03 16:39:55Z" duration="0.000278" asserts="0">
          <properties>
            <property name="retryIteration" value="0" />
            <property name="repeatIteration" value="0" />
          </properties>
        </test-case>
        <test-case id="1214" name="InteractionCanUseSecondaryPointerButton" fullname="NowInputTests.InteractionCanUseSecondaryPointerButton" methodname="InteractionCanUseSecondaryPointerButton" classname="NowInputTests" runstate="Runnable" seed="1129216358" result="Passed" start-time="2026-07-03 16:39:55Z" end-time="2026-07-03 16:39:55Z" duration="0.000252" asserts="0">
          <properties>
            <property name="retryIteration" value="0" />
            <property name="repeatIteration" value="0" />
          </properties>
        </test-case>
        <test-case id="1202" name="InteractionClicksWhenPressedAndReleasedInsideRect" fullname="NowInputTests.InteractionClicksWhenPressedAndReleasedInsideRect" methodname="InteractionClicksWhenPressedAndReleasedInsideRect" classname="NowInputTests" runstate="Runnable" seed="1436625373" result="Passed" start-time="2026-07-03 16:39:55Z" end-time="2026-07-03 16:39:55Z" duration="0.000250" asserts="0">
          <properties>
            <property name="retryIteration" value="0" />
            <property name="repeatIteration" value="0" />
          </properties>
        </test-case>
        <test-case id="1217" name="InteractionDerivesSubIdsAndStateSlots" fullname="NowInputTests.InteractionDerivesSubIdsAndStateSlots" methodname="InteractionDerivesSubIdsAndStateSlots" classname="NowInputTests" runstate="Runnable" seed="769408690" result="Passed" start-time="2026-07-03 16:39:55Z" end-time="2026-07-03 16:39:55Z" duration="0.000513" asserts="0">
          <properties>
            <property name="retryIteration" value="0" />
            <property name="repeatIteration" value="0" />
          </properties>
        </test-case>
        <test-case id="1203" name="InteractionDoesNotClickAfterDrag" fullname="NowInputTests.InteractionDoesNotClickAfterDrag" methodname="InteractionDoesNotClickAfterDrag" classname="NowInputTests" runstate="Runnable" seed="861016121" result="Passed" start-time="2026-07-03 16:39:55Z" end-time="2026-07-03 16:39:55Z" duration="0.000308" asserts="0">
          <properties>
            <property name="retryIteration" value="0" />
            <property name="repeatIteration" value="0" />
          </properties>
        </test-case>
        <test-case id="1199" name="InteractionIgnoresPointerOutsideAmbientMask" fullname="NowInputTests.InteractionIgnoresPointerOutsideAmbientMask" methodname="InteractionIgnoresPointerOutsideAmbientMask" classname="NowInputTests" runstate="Runnable" seed="1420082150" result="Passed" start-time="2026-07-03 16:39:55Z" end-time="2026-07-03 16:39:55Z" duration="0.000206" asserts="0">
          <properties>
            <property name="retryIteration" value="0" />
            <property name="repeatIteration" value="0" />
          </properties>
        </test-case>
        <test-case id="1198" name="InteractionReportsHoverFromProviderSnapshot" fullname="NowInputTests.InteractionReportsHoverFromProviderSnapshot" methodname="InteractionReportsHoverFromProviderSnapshot" classname="NowInputTests" runstate="Runnable" seed="2134857217" result="Passed" start-time="2026-07-03 16:39:55Z" end-time="2026-07-03 16:39:55Z" duration="0.000172" asserts="0">
          <properties>
            <property name="retryIteration" value="0" />
            <property name="repeatIteration" value="0" />
          </properties>
        </test-case>
        <test-case id="1224" name="NavigationKeysDefaultToAllAndResetRestoresThem" fullname="NowInputTests.NavigationKeysDefaultToAllAndResetRestoresThem" methodname="NavigationKeysDefaultToAllAndResetRestoresThem" classname="NowInputTests" runstate="Runnable" seed="1278170607" result="Passed" start-time="2026-07-03 16:39:55Z" end-time="2026-07-03 16:39:55Z" duration="0.000146" asserts="0">
          <properties>
            <property name="retryIteration" value="0" />
            <property name="repeatIteration" value="0" />
          </properties>
        </test-case>
        <test-case id="1206" name="PassiveInteractionDoesNotKeepStaleActiveCaptureAlive" fullname="NowInputTests.PassiveInteractionDoesNotKeepStaleActiveCaptureAlive" methodname="PassiveInteractionDoesNotKeepStaleActiveCaptureAlive" classname="NowInputTests" runstate="Runnable" seed="1556728715" result="Passed" start-time="2026-07-03 16:39:55Z" end-time="2026-07-03 16:39:55Z" duration="0.000222" asserts="0">
          <properties>
            <property name="retryIteration" value="0" />
            <property name="repeatIteration" value="0" />
          </properties>
        </test-case>
        <test-case id="1221" name="ScrollConsumedInNestedScopeStaysConsumedInOuterScope" fullname="NowInputTests.ScrollConsumedInNestedScopeStaysConsumedInOuterScope" methodname="ScrollConsumedInNestedScopeStaysConsumedInOuterScope" classname="NowInputTests" runstate="Runnable" seed="786816013" result="Passed" start-time="2026-07-03 16:39:55Z" end-time="2026-07-03 16:39:55Z" duration="0.000325" asserts="0">
          <properties>
            <property name="retryIteration" value="0" />
            <property name="repeatIteration" value="0" />
          </properties>
        </test-case>
        <test-case id="1220" name="ScrollConsumptionCarriesIntoAndOutOfNestedScopes" fullname="NowInputTests.ScrollConsumptionCarriesIntoAndOutOfNestedScopes" methodname="ScrollConsumptionCarriesIntoAndOutOfNestedScopes" classname="NowInputTests" runstate="Runnable" seed="27527013" result="Passed" start-time="2026-07-03 16:39:55Z" end-time="2026-07-03 16:39:55Z" duration="0.000258" asserts="0">
          <properties>
            <property name="retryIteration" value="0" />
            <property name="repeatIteration" value="0" />
          </properties>
        </test-case>
        <test-case id="1201" name="ScrollDeltaIgnoresPointerOutsideAmbientMask" fullname="NowInputTests.ScrollDeltaIgnoresPointerOutsideAmbientMask" methodname="ScrollDeltaIgnoresPointerOutsideAmbientMask" classname="NowInputTests" runstate="Runnable" seed="1811465176" result="Passed" start-time="2026-07-03 16:39:55Z" end-time="2026-07-03 16:39:55Z" duration="0.000221" asserts="0">
          <properties>
            <property name="retryIteration" value="0" />
            <property name="repeatIteration" value="0" />
          </properties>
        </test-case>
        <test-case id="1218" name="SnapshotCanCarryNavigationWithoutPointer" fullname="NowInputTests.SnapshotCanCarryNavigationWithoutPointer" methodname="SnapshotCanCarryNavigationWithoutPointer" classname="NowInputTests" runstate="Runnable" seed="641627893" result="Passed" start-time="2026-07-03 16:39:55Z" end-time="2026-07-03 16:39:55Z" duration="0.000221" asserts="0">
          <properties>
            <property name="retryIteration" value="0" />
            <property name="repeatIteration" value="0" />
          </properties>
        </test-case>
        <test-case id="1211" name="StartUIScopeClearsStaleActiveCaptureWhenDisposed" fullname="NowInputTests.StartUIScopeClearsStaleActiveCaptureWhenDisposed" methodname="StartUIScopeClearsStaleActiveCaptureWhenDisposed" classname="NowInputTests" runstate="Runnable" seed="1250963997" result="Passed" start-time="2026-07-03 16:39:55Z" end-time="2026-07-03 16:39:55Z" duration="0.000646" asserts="0">
          <properties>
            <property name="retryIteration" value="0" />
            <property name="repeatIteration" value="0" />
          </properties>
        </test-case>
        <test-case id="1212" name="TopLevelInputScopeFlushesOverlayBeforeRestoringPreviousContext" fullname="NowInputTests.TopLevelInputScopeFlushesOverlayBeforeRestoringPreviousContext" methodname="TopLevelInputScopeFlushesOverlayBeforeRestoringPreviousContext" classname="NowInputTests" runstate="Runnable" seed="1422656064" result="Passed" start-time="2026-07-03 16:39:55Z" end-time="2026-07-03 16:39:55Z" duration="0.000383" asserts="0">
          <properties>
            <property name="retryIteration" value="0" />
            <property name="repeatIteration" value="0" />
          </properties>
        </test-case>
        <test-case id="1213" name="TransformedInteractionReportsLocalPointerCoordinates" fullname="NowInputTests.TransformedInteractionReportsLocalPointerCoordinates" methodname="TransformedInteractionReportsLocalPointerCoordinates" classname="NowInputTests" runstate="Runnable" seed="1585973592" result="Passed" start-time="2026-07-03 16:39:55Z" end-time="2026-07-03 16:39:55Z" duration="0.000600" asserts="0">
          <properties>
            <property name="retryIteration" value="0" />
            <property name="repeatIteration" value="0" />
          </properties>
        </test-case>
      </test-suite>
      <test-suite type="TestFixture" id="1225" name="NowInspectorTests" fullname="NowInspectorTests" classname="NowInspectorTests" runstate="Runnable" testcasecount="12" result="Passed" start-time="2026-07-03 16:39:55Z" end-time="2026-07-03 16:39:55Z" duration="0.048926" total="12" passed="12" failed="0" inconclusive="0" skipped="0" asserts="0">
        <properties />
        <test-case id="1227" name="BaseClassFieldsComeFirst" fullname="NowInspectorTests.BaseClassFieldsComeFirst" methodname="BaseClassFieldsComeFirst" classname="NowInspectorTests" runstate="Runnable" seed="1773465525" result="Passed" start-time="2026-07-03 16:39:55Z" end-time="2026-07-03 16:39:55Z" duration="0.002614" asserts="0">
          <properties>
            <property name="retryIteration" value="0" />
            <property name="repeatIteration" value="0" />
          </properties>
        </test-case>
        <test-case id="1234" name="CheckboxRowTogglesBoolField" fullname="NowInspectorTests.CheckboxRowTogglesBoolField" methodname="CheckboxRowTogglesBoolField" classname="NowInspectorTests" runstate="Runnable" seed="166757009" result="Passed" start-time="2026-07-03 16:39:55Z" end-time="2026-07-03 16:39:55Z" duration="0.002268" asserts="0">
          <properties>
            <property name="retryIteration" value="0" />
            <property name="repeatIteration" value="0" />
          </properties>
        </test-case>
        <test-case id="1233" name="CustomDrawerAppliesAtTheRoot" fullname="NowInspectorTests.CustomDrawerAppliesAtTheRoot" methodname="CustomDrawerAppliesAtTheRoot" classname="NowInspectorTests" runstate="Runnable" seed="353969367" result="Passed" start-time="2026-07-03 16:39:55Z" end-time="2026-07-03 16:39:55Z" duration="0.000726" asserts="0">
          <properties>
            <property name="retryIteration" value="0" />
            <property name="repeatIteration" value="0" />
          </properties>
        </test-case>
        <test-case id="1232" name="CustomDrawerOverridesRowAndWritesBack" fullname="NowInspectorTests.CustomDrawerOverridesRowAndWritesBack" methodname="CustomDrawerOverridesRowAndWritesBack" classname="NowInspectorTests" runstate="Runnable" seed="1653446058" result="Passed" start-time="2026-07-03 16:39:55Z" end-time="2026-07-03 16:39:55Z" duration="0.000282" asserts="0">
          <properties>
            <property name="retryIteration" value="0" />
            <property name="repeatIteration" value="0" />
          </properties>
        </test-case>
        <test-case id="1229" name="DrawWithoutEditsReturnsFalse" fullname="NowInspectorTests.DrawWithoutEditsReturnsFalse" methodname="DrawWithoutEditsReturnsFalse" classname="NowInspectorTests" runstate="Runnable" seed="2147162789" result="Passed" start-time="2026-07-03 16:39:55Z" end-time="2026-07-03 16:39:55Z" duration="0.038979" asserts="0">
          <properties>
            <property name="retryIteration" value="0" />
            <property name="repeatIteration" value="0" />
          </properties>
        </test-case>
        <test-case id="1236" name="EnumBitsHandleNegativeUnderlyingValues" fullname="NowInspectorTests.EnumBitsHandleNegativeUnderlyingValues" methodname="EnumBitsHandleNegativeUnderlyingValues" classname="NowInspectorTests" runstate="Runnable" seed="1898237901" result="Passed" start-time="2026-07-03 16:39:55Z" end-time="2026-07-03 16:39:55Z" duration="0.000364" asserts="0">
          <properties>
            <property name="retryIteration" value="0" />
            <property name="repeatIteration" value="0" />
          </properties>
        </test-case>
        <test-case id="1226" name="MembersFollowUnitySerializationRules" fullname="NowInspectorTests.MembersFollowUnitySerializationRules" methodname="MembersFollowUnitySerializationRules" classname="NowInspectorTests" runstate="Runnable" seed="1843012236" result="Passed" start-time="2026-07-03 16:39:55Z" end-time="2026-07-03 16:39:55Z" duration="0.000211" asserts="0">
          <properties>
            <property name="retryIteration" value="0" />
            <property name="repeatIteration" value="0" />
          </properties>
        </test-case>
        <test-case id="1228" name="NicifyNameFormatsLikeUnity" fullname="NowInspectorTests.NicifyNameFormatsLikeUnity" methodname="NicifyNameFormatsLikeUnity" classname="NowInspectorTests" runstate="Runnable" seed="774861047" result="Passed" start-time="2026-07-03 16:39:55Z" end-time="2026-07-03 16:39:55Z" duration="0.000148" asserts="0">
          <properties>
            <property name="retryIteration" value="0" />
            <property name="repeatIteration" value="0" />
          </properties>
        </test-case>
        <test-case id="1231" name="NullNestedAndListFieldsAreAutoCreated" fullname="NowInspectorTests.NullNestedAndListFieldsAreAutoCreated" methodname="NullNestedAndListFieldsAreAutoCreated" classname="NowInspectorTests" runstate="Runnable" seed="1181437895" result="Passed" start-time="2026-07-03 16:39:55Z" end-time="2026-07-03 16:39:55Z" duration="0.000545" asserts="0">
          <properties>
            <property name="retryIteration" value="0" />
            <property name="repeatIteration" value="0" />
          </properties>
        </test-case>
        <test-case id="1235" name="QuaternionRowsAreStableAcrossFrames" fullname="NowInspectorTests.QuaternionRowsAreStableAcrossFrames" methodname="QuaternionRowsAreStableAcrossFrames" classname="NowInspectorTests" runstate="Runnable" seed="827803875" result="Passed" start-time="2026-07-03 16:39:55Z" end-time="2026-07-03 16:39:55Z" duration="0.001330" asserts="0">
          <properties>
            <property name="retryIteration" value="0" />
            <property name="repeatIteration" value="0" />
          </properties>
        </test-case>
        <test-case id="1230" name="StructTargetsRoundTripThroughDraw" fullname="NowInspectorTests.StructTargetsRoundTripThroughDraw" methodname="StructTargetsRoundTripThroughDraw" classname="NowInspectorTests" runstate="Runnable" seed="1752825923" result="Passed" start-time="2026-07-03 16:39:55Z" end-time="2026-07-03 16:39:55Z" duration="0.000214" asserts="0">
          <properties>
            <property name="retryIteration" value="0" />
            <property name="repeatIteration" value="0" />
          </properties>
        </test-case>
        <test-case id="1237" name="UnsupportedFieldTypesAreSkippedWithoutError" fullname="NowInspectorTests.UnsupportedFieldTypesAreSkippedWithoutError" methodname="UnsupportedFieldTypesAreSkippedWithoutError" classname="NowInspectorTests" runstate="Runnable" seed="1623469024" result="Passed" start-time="2026-07-03 16:39:55Z" end-time="2026-07-03 16:39:55Z" duration="0.000249" asserts="0">
          <properties>
            <property name="retryIteration" value="0" />
            <property name="repeatIteration" value="0" />
          </properties>
        </test-case>
      </test-suite>
      <test-suite type="TestFixture" id="1249" name="NowInteractionRepaintTests" fullname="NowInteractionRepaintTests" classname="NowInteractionRepaintTests" runstate="Runnable" testcasecount="17" result="Passed" start-time="2026-07-03 16:39:55Z" end-time="2026-07-03 16:39:55Z" duration="0.004035" total="17" passed="17" failed="0" inconclusive="0" skipped="0" asserts="0">
        <properties />
        <test-case id="1256" name="ButtonPressEdgeReportsChange" fullname="NowInteractionRepaintTests.ButtonPressEdgeReportsChange" methodname="ButtonPressEdgeReportsChange" classname="NowInteractionRepaintTests" runstate="Runnable" seed="992295186" result="Passed" start-time="2026-07-03 16:39:55Z" end-time="2026-07-03 16:39:55Z" duration="0.000434" asserts="0">
          <properties>
            <property name="retryIteration" value="0" />
            <property name="repeatIteration" value="0" />
          </properties>
        </test-case>
        <test-case id="1250" name="FromSnapshotDetectsPointerInsideSurface" fullname="NowInteractionRepaintTests.FromSnapshotDetectsPointerInsideSurface" methodname="FromSnapshotDetectsPointerInsideSurface" classname="NowInteractionRepaintTests" runstate="Runnable" seed="41653681" result="Passed" start-time="2026-07-03 16:39:55Z" end-time="2026-07-03 16:39:55Z" duration="0.000153" asserts="0">
          <properties>
            <property name="retryIteration" value="0" />
            <property name="repeatIteration" value="0" />
          </properties>
        </test-case>
        <test-case id="1259" name="NavigationChangeReportsChange" fullname="NowInteractionRepaintTests.NavigationChangeReportsChange" methodname="NavigationChangeReportsChange" classname="NowInteractionRepaintTests" runstate="Runnable" seed="1333773241" result="Passed" start-time="2026-07-03 16:39:55Z" end-time="2026-07-03 16:39:55Z" duration="0.000128" asserts="0">
          <properties>
            <property name="retryIteration" value="0" />
            <property name="repeatIteration" value="0" />
          </properties>
        </test-case>
        <test-case id="1255" name="PointerEnteringSurfaceReportsChange" fullname="NowInteractionRepaintTests.PointerEnteringSurfaceReportsChange" methodname="PointerEnteringSurfaceReportsChange" classname="NowInteractionRepaintTests" runstate="Runnable" seed="687292815" result="Passed" start-time="2026-07-03 16:39:55Z" end-time="2026-07-03 16:39:55Z" duration="0.000112" asserts="0">
          <properties>
            <property name="retryIteration" value="0" />
            <property name="repeatIteration" value="0" />
          </properties>
        </test-case>
        <test-case id="1252" name="PointerMovementBelowEpsilonReportsNoChange" fullname="NowInteractionRepaintTests.PointerMovementBelowEpsilonReportsNoChange" methodname="PointerMovementBelowEpsilonReportsNoChange" classname="NowInteractionRepaintTests" runstate="Runnable" seed="238479541" result="Passed" start-time="2026-07-03 16:39:55Z" end-time="2026-07-03 16:39:55Z" duration="0.000124" asserts="0">
          <properties>
            <property name="retryIteration" value="0" />
            <property name="repeatIteration" value="0" />
          </properties>
        </test-case>
        <test-case id="1253" name="PointerMovementInsideSurfaceReportsChange" fullname="NowInteractionRepaintTests.PointerMovementInsideSurfaceReportsChange" methodname="PointerMovementInsideSurfaceReportsChange" classname="NowInteractionRepaintTests" runstate="Runnable" seed="608103554" result="Passed" start-time="2026-07-03 16:39:55Z" end-time="2026-07-03 16:39:55Z" duration="0.000106" asserts="0">
          <properties>
            <property name="retryIteration" value="0" />
            <property name="repeatIteration" value="0" />
          </properties>
        </test-case>
        <test-case id="1254" name="PointerMovementOutsideSurfaceReportsNoChange" fullname="NowInteractionRepaintTests.PointerMovementOutsideSurfaceReportsNoChange" methodname="PointerMovementOutsideSurfaceReportsNoChange" classname="NowInteractionRepaintTests" runstate="Runnable" seed="1940389333" result="Passed" start-time="2026-07-03 16:39:55Z" end-time="2026-07-03 16:39:55Z" duration="0.000125" asserts="0">
          <properties>
            <property name="retryIteration" value="0" />
            <property name="repeatIteration" value="0" />
          </properties>
        </test-case>
        <test-case id="1257" name="ScrollWhilePointerInsideReportsChange" fullname="NowInteractionRepaintTests.ScrollWhilePointerInsideReportsChange" methodname="ScrollWhilePointerInsideReportsChange" classname="NowInteractionRepaintTests" runstate="Runnable" seed="1831933351" result="Passed" start-time="2026-07-03 16:39:55Z" end-time="2026-07-03 16:39:55Z" duration="0.000117" asserts="0">
          <properties>
            <property name="retryIteration" value="0" />
            <property name="repeatIteration" value="0" />
          </properties>
        </test-case>
        <test-case id="1258" name="ScrollWhilePointerOutsideReportsNoChange" fullname="NowInteractionRepaintTests.ScrollWhilePointerOutsideReportsNoChange" methodname="ScrollWhilePointerOutsideReportsNoChange" classname="NowInteractionRepaintTests" runstate="Runnable" seed="183608209" result="Passed" start-time="2026-07-03 16:39:55Z" end-time="2026-07-03 16:39:55Z" duration="0.000111" asserts="0">
          <properties>
            <property name="retryIteration" value="0" />
            <property name="repeatIteration" value="0" />
          </properties>
        </test-case>
        <test-case id="1260" name="SubmitAndCancelEdgesReportChange" fullname="NowInteractionRepaintTests.SubmitAndCancelEdgesReportChange" methodname="SubmitAndCancelEdgesReportChange" classname="NowInteractionRepaintTests" runstate="Runnable" seed="367148979" result="Passed" start-time="2026-07-03 16:39:55Z" end-time="2026-07-03 16:39:55Z" duration="0.000166" asserts="0">
          <properties>
            <property name="retryIteration" value="0" />
            <property name="repeatIteration" value="0" />
          </properties>
        </test-case>
        <test-case id="1261" name="TrackerFirstSamplePrimesWithoutReportingChange" fullname="NowInteractionRepaintTests.TrackerFirstSamplePrimesWithoutReportingChange" methodname="TrackerFirstSamplePrimesWithoutReportingChange" classname="NowInteractionRepaintTests" runstate="Runnable" seed="578043210" result="Passed" start-time="2026-07-03 16:39:55Z" end-time="2026-07-03 16:39:55Z" duration="0.000241" asserts="0">
          <properties>
            <property name="retryIteration" value="0" />
            <property name="repeatIteration" value="0" />
          </properties>
        </test-case>
        <test-case id="1262" name="TrackerPollDoesNotAdvanceStoredState" fullname="NowInteractionRepaintTests.TrackerPollDoesNotAdvanceStoredState" methodname="TrackerPollDoesNotAdvanceStoredState" classname="NowInteractionRepaintTests" runstate="Runnable" seed="1482413942" result="Passed" start-time="2026-07-03 16:39:55Z" end-time="2026-07-03 16:39:55Z" duration="0.000188" asserts="0">
          <properties>
            <property name="retryIteration" value="0" />
            <property name="repeatIteration" value="0" />
          </properties>
        </test-case>
        <test-case id="1265" name="TrackerResetRequiresRepriming" fullname="NowInteractionRepaintTests.TrackerResetRequiresRepriming" methodname="TrackerResetRequiresRepriming" classname="NowInteractionRepaintTests" runstate="Runnable" seed="1022059117" result="Passed" start-time="2026-07-03 16:39:55Z" end-time="2026-07-03 16:39:55Z" duration="0.000163" asserts="0">
          <properties>
            <property name="retryIteration" value="0" />
            <property name="repeatIteration" value="0" />
          </properties>
        </test-case>
        <test-case id="1263" name="TrackerStoreFrameInputEstablishesBaseline" fullname="NowInteractionRepaintTests.TrackerStoreFrameInputEstablishesBaseline" methodname="TrackerStoreFrameInputEstablishesBaseline" classname="NowInteractionRepaintTests" runstate="Runnable" seed="1070189262" result="Passed" start-time="2026-07-03 16:39:55Z" end-time="2026-07-03 16:39:55Z" duration="0.000113" asserts="0">
          <properties>
            <property name="retryIteration" value="0" />
            <property name="repeatIteration" value="0" />
          </properties>
        </test-case>
        <test-case id="1266" name="TrackerTreatsMissingSnapshotAsDefault" fullname="NowInteractionRepaintTests.TrackerTreatsMissingSnapshotAsDefault" methodname="TrackerTreatsMissingSnapshotAsDefault" classname="NowInteractionRepaintTests" runstate="Runnable" seed="903083950" result="Passed" start-time="2026-07-03 16:39:55Z" end-time="2026-07-03 16:39:55Z" duration="0.000132" asserts="0">
          <properties>
            <property name="retryIteration" value="0" />
            <property name="repeatIteration" value="0" />
          </properties>
        </test-case>
        <test-case id="1264" name="TrackerWantsRepaintDrivesShouldRepaint" fullname="NowInteractionRepaintTests.TrackerWantsRepaintDrivesShouldRepaint" methodname="TrackerWantsRepaintDrivesShouldRepaint" classname="NowInteractionRepaintTests" runstate="Runnable" seed="990918111" result="Passed" start-time="2026-07-03 16:39:55Z" end-time="2026-07-03 16:39:55Z" duration="0.000175" asserts="0">
          <properties>
            <property name="retryIteration" value="0" />
            <property name="repeatIteration" value="0" />
          </properties>
        </test-case>
        <test-case id="1251" name="UnchangedInputReportsNoChange" fullname="NowInteractionRepaintTests.UnchangedInputReportsNoChange" methodname="UnchangedInputReportsNoChange" classname="NowInteractionRepaintTests" runstate="Runnable" seed="798357471" result="Passed" start-time="2026-07-03 16:39:55Z" end-time="2026-07-03 16:39:55Z" duration="0.000119" asserts="0">
          <properties>
            <property name="retryIteration" value="0" />
            <property name="repeatIteration" value="0" />
          </properties>
        </test-case>
      </test-suite>
      <test-suite type="TestFixture" id="1267" name="NowKeyBindingFieldTests" fullname="NowKeyBindingFieldTests" classname="NowKeyBindingFieldTests" runstate="Runnable" testcasecount="11" result="Passed" start-time="2026-07-03 16:39:55Z" end-time="2026-07-03 16:39:55Z" duration="0.011839" total="11" passed="11" failed="0" inconclusive="0" skipped="0" asserts="0">
        <properties />
        <test-case id="1274" name="ClickingTheFieldAgainCancelsCapture" fullname="NowKeyBindingFieldTests.ClickingTheFieldAgainCancelsCapture" methodname="ClickingTheFieldAgainCancelsCapture" classname="NowKeyBindingFieldTests" runstate="Runnable" seed="1710701965" result="Passed" start-time="2026-07-03 16:39:55Z" end-time="2026-07-03 16:39:55Z" duration="0.007139" asserts="0">
          <properties>
            <property name="retryIteration" value="0" />
            <property name="repeatIteration" value="0" />
          </properties>
        </test-case>
        <test-case id="1268" name="ClickThenKeyPressRebinds" fullname="NowKeyBindingFieldTests.ClickThenKeyPressRebinds" methodname="ClickThenKeyPressRebinds" classname="NowKeyBindingFieldTests" runstate="Runnable" seed="1553371463" result="Passed" start-time="2026-07-03 16:39:55Z" end-time="2026-07-03 16:39:55Z" duration="0.001112" asserts="0">
          <properties>
            <property name="retryIteration" value="0" />
            <property name="repeatIteration" value="0" />
          </properties>
        </test-case>
        <test-case id="1272" name="DeleteBindsWhenClearingIsDisallowed" fullname="NowKeyBindingFieldTests.DeleteBindsWhenClearingIsDisallowed" methodname="DeleteBindsWhenClearingIsDisallowed" classname="NowKeyBindingFieldTests" runstate="Runnable" seed="435841060" result="Passed" start-time="2026-07-03 16:39:55Z" end-time="2026-07-03 16:39:55Z" duration="0.000270" asserts="0">
          <properties>
            <property name="retryIteration" value="0" />
            <property name="repeatIteration" value="0" />
          </properties>
        </test-case>
        <test-case id="1271" name="DeleteClearsTheBinding" fullname="NowKeyBindingFieldTests.DeleteClearsTheBinding" methodname="DeleteClearsTheBinding" classname="NowKeyBindingFieldTests" runstate="Runnable" seed="1844680264" result="Passed" start-time="2026-07-03 16:39:55Z" end-time="2026-07-03 16:39:55Z" duration="0.000203" asserts="0">
          <properties>
            <property name="retryIteration" value="0" />
            <property name="repeatIteration" value="0" />
          </properties>
        </test-case>
        <test-case id="1270" name="EscapeCancelsWithoutRebinding" fullname="NowKeyBindingFieldTests.EscapeCancelsWithoutRebinding" methodname="EscapeCancelsWithoutRebinding" classname="NowKeyBindingFieldTests" runstate="Runnable" seed="1630180854" result="Passed" start-time="2026-07-03 16:39:55Z" end-time="2026-07-03 16:39:55Z" duration="0.000210" asserts="0">
          <properties>
            <property name="retryIteration" value="0" />
            <property name="repeatIteration" value="0" />
          </properties>
        </test-case>
        <test-case id="1277" name="FieldUsesControlRendererFrame" fullname="NowKeyBindingFieldTests.FieldUsesControlRendererFrame" methodname="FieldUsesControlRendererFrame" classname="NowKeyBindingFieldTests" runstate="Runnable" seed="501977527" result="Passed" start-time="2026-07-03 16:39:55Z" end-time="2026-07-03 16:39:55Z" duration="0.000879" asserts="0">
          <properties>
            <property name="retryIteration" value="0" />
            <property name="repeatIteration" value="0" />
          </properties>
        </test-case>
        <test-case id="1278" name="KeyNamesFallBackToReadableEnumNames" fullname="NowKeyBindingFieldTests.KeyNamesFallBackToReadableEnumNames" methodname="KeyNamesFallBackToReadableEnumNames" classname="NowKeyBindingFieldTests" runstate="Runnable" seed="1772658019" result="Passed" start-time="2026-07-03 16:39:55Z" end-time="2026-07-03 16:39:55Z" duration="0.000179" asserts="0">
          <properties>
            <property name="retryIteration" value="0" />
            <property name="repeatIteration" value="0" />
          </properties>
        </test-case>
        <test-case id="1269" name="KeyOnTheArmFrameIsIgnored" fullname="NowKeyBindingFieldTests.KeyOnTheArmFrameIsIgnored" methodname="KeyOnTheArmFrameIsIgnored" classname="NowKeyBindingFieldTests" runstate="Runnable" seed="368404372" result="Passed" start-time="2026-07-03 16:39:55Z" end-time="2026-07-03 16:39:55Z" duration="0.000215" asserts="0">
          <properties>
            <property name="retryIteration" value="0" />
            <property name="repeatIteration" value="0" />
          </properties>
        </test-case>
        <test-case id="1273" name="OutsidePressCancelsCapture" fullname="NowKeyBindingFieldTests.OutsidePressCancelsCapture" methodname="OutsidePressCancelsCapture" classname="NowKeyBindingFieldTests" runstate="Runnable" seed="695487091" result="Passed" start-time="2026-07-03 16:39:55Z" end-time="2026-07-03 16:39:55Z" duration="0.000210" asserts="0">
          <properties>
            <property name="retryIteration" value="0" />
            <property name="repeatIteration" value="0" />
          </properties>
        </test-case>
        <test-case id="1276" name="SubmitKeyPressedAfterArmingBindsThatKey" fullname="NowKeyBindingFieldTests.SubmitKeyPressedAfterArmingBindsThatKey" methodname="SubmitKeyPressedAfterArmingBindsThatKey" classname="NowKeyBindingFieldTests" runstate="Runnable" seed="1833651944" result="Passed" start-time="2026-07-03 16:39:55Z" end-time="2026-07-03 16:39:55Z" duration="0.000286" asserts="0">
          <properties>
            <property name="retryIteration" value="0" />
            <property name="repeatIteration" value="0" />
          </properties>
        </test-case>
        <test-case id="1275" name="SubmitWhileFocusedStartsCapture" fullname="NowKeyBindingFieldTests.SubmitWhileFocusedStartsCapture" methodname="SubmitWhileFocusedStartsCapture" classname="NowKeyBindingFieldTests" runstate="Runnable" seed="464152820" result="Passed" start-time="2026-07-03 16:39:55Z" end-time="2026-07-03 16:39:55Z" duration="0.000199" asserts="0">
          <properties>
            <property name="retryIteration" value="0" />
            <property name="repeatIteration" value="0" />
          </properties>
        </test-case>
      </test-suite>
      <test-suite type="TestFixture" id="1279" name="NowLayoutTests" fullname="NowLayoutTests" classname="NowLayoutTests" runstate="Runnable" testcasecount="44" result="Passed" start-time="2026-07-03 16:39:55Z" end-time="2026-07-03 16:39:55Z" duration="0.017087" total="44" passed="44" failed="0" inconclusive="0" skipped="0" asserts="0">
        <properties />
        <test-case id="1298" name="AlignCenterCentersAlongCrossAxis" fullname="NowLayoutTests.AlignCenterCentersAlongCrossAxis" methodname="AlignCenterCentersAlongCrossAxis" classname="NowLayoutTests" runstate="Runnable" seed="854756054" result="Passed" start-time="2026-07-03 16:39:55Z" end-time="2026-07-03 16:39:55Z" duration="0.000319" asserts="0">
          <properties>
            <property name="retryIteration" value="0" />
            <property name="repeatIteration" value="0" />
          </properties>
        </test-case>
        <test-case id="1299" name="AlignEndPlacesAtCrossAxisEnd" fullname="NowLayoutTests.AlignEndPlacesAtCrossAxisEnd" methodname="AlignEndPlacesAtCrossAxisEnd" classname="NowLayoutTests" runstate="Runnable" seed="1148324749" result="Passed" start-time="2026-07-03 16:39:55Z" end-time="2026-07-03 16:39:55Z" duration="0.000147" asserts="0">
          <properties>
            <property name="retryIteration" value="0" />
            <property name="repeatIteration" value="0" />
          </properties>
        </test-case>
        <test-case id="1291" name="AlignItemsAlignsChildrenWithPerChildOverride" fullname="NowLayoutTests.AlignItemsAlignsChildrenWithPerChildOverride" methodname="AlignItemsAlignsChildrenWithPerChildOverride" classname="NowLayoutTests" runstate="Runnable" seed="407912418" result="Passed" start-time="2026-07-03 16:39:55Z" end-time="2026-07-03 16:39:55Z" duration="0.000197" asserts="0">
          <properties>
            <property name="retryIteration" value="0" />
            <property name="repeatIteration" value="0" />
          </properties>
        </test-case>
        <test-case id="1288" name="AutoSizedGroupCorrectsParentCursorOnFirstFrame" fullname="NowLayoutTests.AutoSizedGroupCorrectsParentCursorOnFirstFrame" methodname="AutoSizedGroupCorrectsParentCursorOnFirstFrame" classname="NowLayoutTests" runstate="Runnable" seed="717585018" result="Passed" start-time="2026-07-03 16:39:55Z" end-time="2026-07-03 16:39:55Z" duration="0.000165" asserts="0">
          <properties>
            <property name="retryIteration" value="0" />
            <property name="repeatIteration" value="0" />
          </properties>
        </test-case>
        <test-case id="1289" name="AutoSizedGroupUsesCachedContentSizeOnSecondPass" fullname="NowLayoutTests.AutoSizedGroupUsesCachedContentSizeOnSecondPass" methodname="AutoSizedGroupUsesCachedContentSizeOnSecondPass" classname="NowLayoutTests" runstate="Runnable" seed="1046507481" result="Passed" start-time="2026-07-03 16:39:55Z" end-time="2026-07-03 16:39:55Z" duration="0.000276" asserts="0">
          <properties>
            <property name="retryIteration" value="0" />
            <property name="repeatIteration" value="0" />
          </properties>
        </test-case>
        <test-case id="1305" name="CallbackAreaInteractionsAreInertDuringMeasurePass" fullname="NowLayoutTests.CallbackAreaInteractionsAreInertDuringMeasurePass" methodname="CallbackAreaInteractionsAreInertDuringMeasurePass" classname="NowLayoutTests" runstate="Runnable" seed="474130140" result="Passed" start-time="2026-07-03 16:39:55Z" end-time="2026-07-03 16:39:55Z" duration="0.000352" asserts="0">
          <properties>
            <property name="retryIteration" value="0" />
            <property name="repeatIteration" value="0" />
          </properties>
        </test-case>
        <test-case id="1303" name="CallbackAreaResolvesFlexibleSpaceOnFirstFrame" fullname="NowLayoutTests.CallbackAreaResolvesFlexibleSpaceOnFirstFrame" methodname="CallbackAreaResolvesFlexibleSpaceOnFirstFrame" classname="NowLayoutTests" runstate="Runnable" seed="127586290" result="Passed" start-time="2026-07-03 16:39:55Z" end-time="2026-07-03 16:39:55Z" duration="0.000240" asserts="0">
          <properties>
            <property name="retryIteration" value="0" />
            <property name="repeatIteration" value="0" />
          </properties>
        </test-case>
        <test-case id="1302" name="CallbackAreaRunsMeasureThenRealPass" fullname="NowLayoutTests.CallbackAreaRunsMeasureThenRealPass" methodname="CallbackAreaRunsMeasureThenRealPass" classname="NowLayoutTests" runstate="Runnable" seed="1352051902" result="Passed" start-time="2026-07-03 16:39:55Z" end-time="2026-07-03 16:39:55Z" duration="0.000210" asserts="0">
          <properties>
            <property name="retryIteration" value="0" />
            <property name="repeatIteration" value="0" />
          </properties>
        </test-case>
        <test-case id="1304" name="CallbackAreaSizesAutoGroupOnFirstFrame" fullname="NowLayoutTests.CallbackAreaSizesAutoGroupOnFirstFrame" methodname="CallbackAreaSizesAutoGroupOnFirstFrame" classname="NowLayoutTests" runstate="Runnable" seed="304046590" result="Passed" start-time="2026-07-03 16:39:55Z" end-time="2026-07-03 16:39:55Z" duration="0.000224" asserts="0">
          <properties>
            <property name="retryIteration" value="0" />
            <property name="repeatIteration" value="0" />
          </properties>
        </test-case>
        <test-case id="1292" name="ContentRectReservesLastHeightAndConvergesViaEnd" fullname="NowLayoutTests.ContentRectReservesLastHeightAndConvergesViaEnd" methodname="ContentRectReservesLastHeightAndConvergesViaEnd" classname="NowLayoutTests" runstate="Runnable" seed="527775945" result="Passed" start-time="2026-07-03 16:39:55Z" end-time="2026-07-03 16:39:55Z" duration="0.000419" asserts="0">
          <properties>
            <property name="retryIteration" value="0" />
            <property name="repeatIteration" value="0" />
          </properties>
        </test-case>
        <test-case id="1281" name="ContentTrackingReportsRootAreaExtent" fullname="NowLayoutTests.ContentTrackingReportsRootAreaExtent" methodname="ContentTrackingReportsRootAreaExtent" classname="NowLayoutTests" runstate="Runnable" seed="899238772" result="Passed" start-time="2026-07-03 16:39:55Z" end-time="2026-07-03 16:39:55Z" duration="0.000174" asserts="0">
          <properties>
            <property name="retryIteration" value="0" />
            <property name="repeatIteration" value="0" />
          </properties>
        </test-case>
        <test-case id="1290" name="CrossStretchedGroupMeasuresContentNotAllocation" fullname="NowLayoutTests.CrossStretchedGroupMeasuresContentNotAllocation" methodname="CrossStretchedGroupMeasuresContentNotAllocation" classname="NowLayoutTests" runstate="Runnable" seed="508356756" result="Passed" start-time="2026-07-03 16:39:55Z" end-time="2026-07-03 16:39:55Z" duration="0.000201" asserts="0">
          <properties>
            <property name="retryIteration" value="0" />
            <property name="repeatIteration" value="0" />
          </properties>
        </test-case>
        <test-case id="1293" name="CrossStretchedGroupShrinksWhenContentShrinks" fullname="NowLayoutTests.CrossStretchedGroupShrinksWhenContentShrinks" methodname="CrossStretchedGroupShrinksWhenContentShrinks" classname="NowLayoutTests" runstate="Runnable" seed="531950078" result="Passed" start-time="2026-07-03 16:39:55Z" end-time="2026-07-03 16:39:55Z" duration="0.000216" asserts="0">
          <properties>
            <property name="retryIteration" value="0" />
            <property name="repeatIteration" value="0" />
          </properties>
        </test-case>
        <test-case id="1308" name="DefaultLabelStyleUsesActiveThemeTextColor" fullname="NowLayoutTests.DefaultLabelStyleUsesActiveThemeTextColor" methodname="DefaultLabelStyleUsesActiveThemeTextColor" classname="NowLayoutTests" runstate="Runnable" seed="366244445" result="Passed" start-time="2026-07-03 16:39:55Z" end-time="2026-07-03 16:39:55Z" duration="0.000278" asserts="0">
          <properties>
            <property name="retryIteration" value="0" />
            <property name="repeatIteration" value="0" />
          </properties>
        </test-case>
        <test-case id="1322" name="EndAreaWithOpenGroupThrows" fullname="NowLayoutTests.EndAreaWithOpenGroupThrows" methodname="EndAreaWithOpenGroupThrows" classname="NowLayoutTests" runstate="Runnable" seed="809810515" result="Passed" start-time="2026-07-03 16:39:55Z" end-time="2026-07-03 16:39:55Z" duration="0.000250" asserts="0">
          <properties>
            <property name="retryIteration" value="0" />
            <property name="repeatIteration" value="0" />
          </properties>
        </test-case>
        <test-case id="1323" name="EndAreaWithoutBeginThrows" fullname="NowLayoutTests.EndAreaWithoutBeginThrows" methodname="EndAreaWithoutBeginThrows" classname="NowLayoutTests" runstate="Runnable" seed="194259272" result="Passed" start-time="2026-07-03 16:39:55Z" end-time="2026-07-03 16:39:55Z" duration="0.000112" asserts="0">
          <properties>
            <property name="retryIteration" value="0" />
            <property name="repeatIteration" value="0" />
          </properties>
        </test-case>
        <test-case id="1294" name="FlexibleSpacePushesTrailingContentToTheEnd" fullname="NowLayoutTests.FlexibleSpacePushesTrailingContentToTheEnd" methodname="FlexibleSpacePushesTrailingContentToTheEnd" classname="NowLayoutTests" runstate="Runnable" seed="252303646" result="Passed" start-time="2026-07-03 16:39:55Z" end-time="2026-07-03 16:39:55Z" duration="0.000171" asserts="0">
          <properties>
            <property name="retryIteration" value="0" />
            <property name="repeatIteration" value="0" />
          </properties>
        </test-case>
        <test-case id="1282" name="FrameDrawContentRunsMeasureThenTrackedDrawPass" fullname="NowLayoutTests.FrameDrawContentRunsMeasureThenTrackedDrawPass" methodname="FrameDrawContentRunsMeasureThenTrackedDrawPass" classname="NowLayoutTests" runstate="Runnable" seed="468714347" result="Passed" start-time="2026-07-03 16:39:55Z" end-time="2026-07-03 16:39:55Z" duration="0.000505" asserts="0">
          <properties>
            <property name="retryIteration" value="0" />
            <property name="repeatIteration" value="0" />
          </properties>
        </test-case>
        <test-case id="1283" name="FrameScopeRestoresScaleAndReportsTrackedRepaint" fullname="NowLayoutTests.FrameScopeRestoresScaleAndReportsTrackedRepaint" methodname="FrameScopeRestoresScaleAndReportsTrackedRepaint" classname="NowLayoutTests" runstate="Runnable" seed="1441407630" result="Passed" start-time="2026-07-03 16:39:55Z" end-time="2026-07-03 16:39:55Z" duration="0.000289" asserts="0">
          <properties>
            <property name="retryIteration" value="0" />
            <property name="repeatIteration" value="0" />
          </properties>
        </test-case>
        <test-case id="1287" name="GroupFillsParentCrossAxisByDefault" fullname="NowLayoutTests.GroupFillsParentCrossAxisByDefault" methodname="GroupFillsParentCrossAxisByDefault" classname="NowLayoutTests" runstate="Runnable" seed="831292971" result="Passed" start-time="2026-07-03 16:39:55Z" end-time="2026-07-03 16:39:55Z" duration="0.000144" asserts="0">
          <properties>
            <property name="retryIteration" value="0" />
            <property name="repeatIteration" value="0" />
          </properties>
        </test-case>
        <test-case id="1286" name="HorizontalGroupPlacesRectsAlongX" fullname="NowLayoutTests.HorizontalGroupPlacesRectsAlongX" methodname="HorizontalGroupPlacesRectsAlongX" classname="NowLayoutTests" runstate="Runnable" seed="206685802" result="Passed" start-time="2026-07-03 16:39:55Z" end-time="2026-07-03 16:39:55Z" duration="0.000199" asserts="0">
          <properties>
            <property name="retryIteration" value="0" />
            <property name="repeatIteration" value="0" />
          </properties>
        </test-case>
        <test-case id="1312" name="LabelDrawOutsideAreaThrows" fullname="NowLayoutTests.LabelDrawOutsideAreaThrows" methodname="LabelDrawOutsideAreaThrows" classname="NowLayoutTests" runstate="Runnable" seed="1678442052" result="Passed" start-time="2026-07-03 16:39:55Z" end-time="2026-07-03 16:39:55Z" duration="0.000215" asserts="0">
          <properties>
            <property name="retryIteration" value="0" />
            <property name="repeatIteration" value="0" />
          </properties>
        </test-case>
        <test-case id="1310" name="LabelFluentChainStylesBeforePlacement" fullname="NowLayoutTests.LabelFluentChainStylesBeforePlacement" methodname="LabelFluentChainStylesBeforePlacement" classname="NowLayoutTests" runstate="Runnable" seed="957205517" result="Passed" start-time="2026-07-03 16:39:55Z" end-time="2026-07-03 16:39:55Z" duration="0.000307" asserts="0">
          <properties>
            <property name="retryIteration" value="0" />
            <property name="repeatIteration" value="0" />
          </properties>
        </test-case>
        <test-case id="1309" name="LabelFontSizeOverloadOverridesDefaultStyle" fullname="NowLayoutTests.LabelFontSizeOverloadOverridesDefaultStyle" methodname="LabelFontSizeOverloadOverridesDefaultStyle" classname="NowLayoutTests" runstate="Runnable" seed="371268217" result="Passed" start-time="2026-07-03 16:39:55Z" end-time="2026-07-03 16:39:55Z" duration="0.000186" asserts="0">
          <properties>
            <property name="retryIteration" value="0" />
            <property name="repeatIteration" value="0" />
          </properties>
        </test-case>
        <test-case id="1315" name="LabelLayoutSettersAffectAllocation" fullname="NowLayoutTests.LabelLayoutSettersAffectAllocation" methodname="LabelLayoutSettersAffectAllocation" classname="NowLayoutTests" runstate="Runnable" seed="729519754" result="Passed" start-time="2026-07-03 16:39:55Z" end-time="2026-07-03 16:39:55Z" duration="0.000169" asserts="0">
          <properties>
            <property name="retryIteration" value="0" />
            <property name="repeatIteration" value="0" />
          </properties>
        </test-case>
        <test-case id="1314" name="LabelRectBeforeReserveThrows" fullname="NowLayoutTests.LabelRectBeforeReserveThrows" methodname="LabelRectBeforeReserveThrows" classname="NowLayoutTests" runstate="Runnable" seed="187857409" result="Passed" start-time="2026-07-03 16:39:55Z" end-time="2026-07-03 16:39:55Z" duration="0.000227" asserts="0">
          <properties>
            <property name="retryIteration" value="0" />
            <property name="repeatIteration" value="0" />
          </properties>
        </test-case>
        <test-case id="1313" name="LabelReserveAllocatesAndDrawConsumesNoSpace" fullname="NowLayoutTests.LabelReserveAllocatesAndDrawConsumesNoSpace" methodname="LabelReserveAllocatesAndDrawConsumesNoSpace" classname="NowLayoutTests" runstate="Runnable" seed="1727047266" result="Passed" start-time="2026-07-03 16:39:55Z" end-time="2026-07-03 16:39:55Z" duration="0.000259" asserts="0">
          <properties>
            <property name="retryIteration" value="0" />
            <property name="repeatIteration" value="0" />
          </properties>
        </test-case>
        <test-case id="1307" name="LabelUsesConfiguredDefaultStyle" fullname="NowLayoutTests.LabelUsesConfiguredDefaultStyle" methodname="LabelUsesConfiguredDefaultStyle" classname="NowLayoutTests" runstate="Runnable" seed="928073002" result="Passed" start-time="2026-07-03 16:39:55Z" end-time="2026-07-03 16:39:55Z" duration="0.000207" asserts="0">
          <properties>
            <property name="retryIteration" value="0" />
            <property name="repeatIteration" value="0" />
          </properties>
        </test-case>
        <test-case id="1311" name="LabelWithoutDrawAllocatesNothing" fullname="NowLayoutTests.LabelWithoutDrawAllocatesNothing" methodname="LabelWithoutDrawAllocatesNothing" classname="NowLayoutTests" runstate="Runnable" seed="594807106" result="Passed" start-time="2026-07-03 16:39:55Z" end-time="2026-07-03 16:39:55Z" duration="0.000149" asserts="0">
          <properties>
            <property name="retryIteration" value="0" />
            <property name="repeatIteration" value="0" />
          </properties>
        </test-case>
        <test-case id="1306" name="LabelWithoutFontStillAllocates" fullname="NowLayoutTests.LabelWithoutFontStillAllocates" methodname="LabelWithoutFontStillAllocates" classname="NowLayoutTests" runstate="Runnable" seed="565775848" result="Passed" start-time="2026-07-03 16:39:55Z" end-time="2026-07-03 16:39:55Z" duration="0.000156" asserts="0">
          <properties>
            <property name="retryIteration" value="0" />
            <property name="repeatIteration" value="0" />
          </properties>
        </test-case>
        <test-case id="1319" name="LottieReserveThenDrawConsumesNoExtraSpace" fullname="NowLayoutTests.LottieReserveThenDrawConsumesNoExtraSpace" methodname="LottieReserveThenDrawConsumesNoExtraSpace" classname="NowLayoutTests" runstate="Runnable" seed="384700153" result="Passed" start-time="2026-07-03 16:39:55Z" end-time="2026-07-03 16:39:55Z" duration="0.001915" asserts="0">
          <properties>
            <property name="retryIteration" value="0" />
            <property name="repeatIteration" value="0" />
          </properties>
        </test-case>
        <test-case id="1318" name="LottieUrlUsesCachedAssetForLayout" fullname="NowLayoutTests.LottieUrlUsesCachedAssetForLayout" methodname="LottieUrlUsesCachedAssetForLayout" classname="NowLayoutTests" runstate="Runnable" seed="2015122760" result="Passed" start-time="2026-07-03 16:39:55Z" end-time="2026-07-03 16:39:55Z" duration="0.002630" asserts="0">
          <properties>
            <property name="retryIteration" value="0" />
            <property name="repeatIteration" value="0" />
          </properties>
        </test-case>
        <test-case id="1317" name="LottieUsesNativeSizeAndDerivesAspect" fullname="NowLayoutTests.LottieUsesNativeSizeAndDerivesAspect" methodname="LottieUsesNativeSizeAndDerivesAspect" classname="NowLayoutTests" runstate="Runnable" seed="1416514573" result="Passed" start-time="2026-07-03 16:39:55Z" end-time="2026-07-03 16:39:55Z" duration="0.000383" asserts="0">
          <properties>
            <property name="retryIteration" value="0" />
            <property name="repeatIteration" value="0" />
          </properties>
        </test-case>
        <test-case id="1316" name="LottieWithoutAssetAllocatesNothing" fullname="NowLayoutTests.LottieWithoutAssetAllocatesNothing" methodname="LottieWithoutAssetAllocatesNothing" classname="NowLayoutTests" runstate="Runnable" seed="331748437" result="Passed" start-time="2026-07-03 16:39:55Z" end-time="2026-07-03 16:39:55Z" duration="0.000149" asserts="0">
          <properties>
            <property name="retryIteration" value="0" />
            <property name="repeatIteration" value="0" />
          </properties>
        </test-case>
        <test-case id="1297" name="MaxWidthClampsCrossAxisStretch" fullname="NowLayoutTests.MaxWidthClampsCrossAxisStretch" methodname="MaxWidthClampsCrossAxisStretch" classname="NowLayoutTests" runstate="Runnable" seed="1197036191" result="Passed" start-time="2026-07-03 16:39:55Z" end-time="2026-07-03 16:39:55Z" duration="0.000201" asserts="0">
          <properties>
            <property name="retryIteration" value="0" />
            <property name="repeatIteration" value="0" />
          </properties>
        </test-case>
        <test-case id="1321" name="MismatchedEndThrows" fullname="NowLayoutTests.MismatchedEndThrows" methodname="MismatchedEndThrows" classname="NowLayoutTests" runstate="Runnable" seed="1029061055" result="Passed" start-time="2026-07-03 16:39:55Z" end-time="2026-07-03 16:39:55Z" duration="0.000169" asserts="0">
          <properties>
            <property name="retryIteration" value="0" />
            <property name="repeatIteration" value="0" />
          </properties>
        </test-case>
        <test-case id="1300" name="NestedGroupsComposePaddingAndPosition" fullname="NowLayoutTests.NestedGroupsComposePaddingAndPosition" methodname="NestedGroupsComposePaddingAndPosition" classname="NowLayoutTests" runstate="Runnable" seed="704470837" result="Passed" start-time="2026-07-03 16:39:55Z" end-time="2026-07-03 16:39:55Z" duration="0.000151" asserts="0">
          <properties>
            <property name="retryIteration" value="0" />
            <property name="repeatIteration" value="0" />
          </properties>
        </test-case>
        <test-case id="1320" name="RectOutsideAreaThrows" fullname="NowLayoutTests.RectOutsideAreaThrows" methodname="RectOutsideAreaThrows" classname="NowLayoutTests" runstate="Runnable" seed="450715635" result="Passed" start-time="2026-07-03 16:39:55Z" end-time="2026-07-03 16:39:55Z" duration="0.000151" asserts="0">
          <properties>
            <property name="retryIteration" value="0" />
            <property name="repeatIteration" value="0" />
          </properties>
        </test-case>
        <test-case id="1301" name="ScopesEndGroupsOnDispose" fullname="NowLayoutTests.ScopesEndGroupsOnDispose" methodname="ScopesEndGroupsOnDispose" classname="NowLayoutTests" runstate="Runnable" seed="790224898" result="Passed" start-time="2026-07-03 16:39:55Z" end-time="2026-07-03 16:39:55Z" duration="0.000608" asserts="0">
          <properties>
            <property name="retryIteration" value="0" />
            <property name="repeatIteration" value="0" />
          </properties>
        </test-case>
        <test-case id="1284" name="SpacingAndPaddingOffsetChildren" fullname="NowLayoutTests.SpacingAndPaddingOffsetChildren" methodname="SpacingAndPaddingOffsetChildren" classname="NowLayoutTests" runstate="Runnable" seed="799815849" result="Passed" start-time="2026-07-03 16:39:55Z" end-time="2026-07-03 16:39:55Z" duration="0.000179" asserts="0">
          <properties>
            <property name="retryIteration" value="0" />
            <property name="repeatIteration" value="0" />
          </properties>
        </test-case>
        <test-case id="1296" name="StretchOnCrossAxisFillsAvailableSpaceImmediately" fullname="NowLayoutTests.StretchOnCrossAxisFillsAvailableSpaceImmediately" methodname="StretchOnCrossAxisFillsAvailableSpaceImmediately" classname="NowLayoutTests" runstate="Runnable" seed="1507873795" result="Passed" start-time="2026-07-03 16:39:55Z" end-time="2026-07-03 16:39:55Z" duration="0.000144" asserts="0">
          <properties>
            <property name="retryIteration" value="0" />
            <property name="repeatIteration" value="0" />
          </properties>
        </test-case>
        <test-case id="1295" name="StretchSharesRemainingMainAxisSpaceByWeight" fullname="NowLayoutTests.StretchSharesRemainingMainAxisSpaceByWeight" methodname="StretchSharesRemainingMainAxisSpaceByWeight" classname="NowLayoutTests" runstate="Runnable" seed="1482959350" result="Passed" start-time="2026-07-03 16:39:55Z" end-time="2026-07-03 16:39:55Z" duration="0.000249" asserts="0">
          <properties>
            <property name="retryIteration" value="0" />
            <property name="repeatIteration" value="0" />
          </properties>
        </test-case>
        <test-case id="1285" name="VectorPaddingOverloadsOffsetChildren" fullname="NowLayoutTests.VectorPaddingOverloadsOffsetChildren" methodname="VectorPaddingOverloadsOffsetChildren" classname="NowLayoutTests" runstate="Runnable" seed="567490064" result="Passed" start-time="2026-07-03 16:39:55Z" end-time="2026-07-03 16:39:55Z" duration="0.000339" asserts="0">
          <properties>
            <property name="retryIteration" value="0" />
            <property name="repeatIteration" value="0" />
          </properties>
        </test-case>
        <test-case id="1280" name="VerticalAreaStacksRectsDownward" fullname="NowLayoutTests.VerticalAreaStacksRectsDownward" methodname="VerticalAreaStacksRectsDownward" classname="NowLayoutTests" runstate="Runnable" seed="266573913" result="Passed" start-time="2026-07-03 16:39:55Z" end-time="2026-07-03 16:39:55Z" duration="0.000163" asserts="0">
          <properties>
            <property name="retryIteration" value="0" />
            <property name="repeatIteration" value="0" />
          </properties>
        </test-case>
      </test-suite>
      <test-suite type="TestFixture" id="1324" name="NowLottieAssetTests" fullname="NowLottieAssetTests" classname="NowLottieAssetTests" runstate="Runnable" testcasecount="4" result="Passed" start-time="2026-07-03 16:39:55Z" end-time="2026-07-03 16:39:55Z" duration="0.050820" total="4" passed="4" failed="0" inconclusive="0" skipped="0" asserts="0">
        <properties />
        <test-case id="1328" name="CacheCanInjectLoadedAssetForUrl" fullname="NowLottieAssetTests.CacheCanInjectLoadedAssetForUrl" methodname="CacheCanInjectLoadedAssetForUrl" classname="NowLottieAssetTests" runstate="Runnable" seed="1979310892" result="Passed" start-time="2026-07-03 16:39:55Z" end-time="2026-07-03 16:39:55Z" duration="0.000243" asserts="0">
          <properties>
            <property name="retryIteration" value="0" />
            <property name="repeatIteration" value="0" />
          </properties>
        </test-case>
        <test-case id="1327" name="ExtractSourceJsonPrefersAnimationEntry" fullname="NowLottieAssetTests.ExtractSourceJsonPrefersAnimationEntry" methodname="ExtractSourceJsonPrefersAnimationEntry" classname="NowLottieAssetTests" runstate="Runnable" seed="195333663" result="Passed" start-time="2026-07-03 16:39:55Z" end-time="2026-07-03 16:39:55Z" duration="0.049110" asserts="0">
          <properties>
            <property name="retryIteration" value="0" />
            <property name="repeatIteration" value="0" />
          </properties>
        </test-case>
        <test-case id="1326" name="SetSourceAcceptsDotLottieArchiveBytes" fullname="NowLottieAssetTests.SetSourceAcceptsDotLottieArchiveBytes" methodname="SetSourceAcceptsDotLottieArchiveBytes" classname="NowLottieAssetTests" runstate="Runnable" seed="1185737558" result="Passed" start-time="2026-07-03 16:39:55Z" end-time="2026-07-03 16:39:55Z" duration="0.000614" asserts="0">
          <properties>
            <property name="retryIteration" value="0" />
            <property name="repeatIteration" value="0" />
          </properties>
        </test-case>
        <test-case id="1325" name="SetSourceAcceptsPlainJsonBytes" fullname="NowLottieAssetTests.SetSourceAcceptsPlainJsonBytes" methodname="SetSourceAcceptsPlainJsonBytes" classname="NowLottieAssetTests" runstate="Runnable" seed="414639983" result="Passed" start-time="2026-07-03 16:39:55Z" end-time="2026-07-03 16:39:55Z" duration="0.000250" asserts="0">
          <properties>
            <property name="retryIteration" value="0" />
            <property name="repeatIteration" value="0" />
          </properties>
        </test-case>
      </test-suite>
      <test-suite type="TestFixture" id="1329" name="NowLottieBurstTessellatorTests" fullname="NowLottieBurstTessellatorTests" classname="NowLottieBurstTessellatorTests" runstate="Runnable" testcasecount="9" result="Passed" start-time="2026-07-03 16:39:55Z" end-time="2026-07-03 16:39:56Z" duration="0.545423" total="9" passed="9" failed="0" inconclusive="0" skipped="0" asserts="0">
        <properties />
        <test-case id="1338" name="BurstFillBaseline" fullname="NowLottieBurstTessellatorTests.BurstFillBaseline" methodname="BurstFillBaseline" classname="NowLottieBurstTessellatorTests" runstate="Runnable" seed="30006819" result="Passed" start-time="2026-07-03 16:39:55Z" end-time="2026-07-03 16:39:55Z" duration="0.267051" asserts="0">
          <properties>
            <property name="Category" value="Performance" />
            <property name="retryIteration" value="0" />
            <property name="repeatIteration" value="0" />
          </properties>
          <output><![CDATA[Time in Milliseconds
Min:		1.14 ms
Median:		1.17 ms
Max:		1.34 ms
Avg:		1.19 ms
StdDev:		0.05 ms
SampleCount:	20
Sum:		23.73 ms
First samples:	▄▄█▄▂▆▂▁▂▁▁▂▁▃▂▅▁▁▁▂
Histogram:	█▆▃▂▂


##performancetestresult2:{"Name":"NowLottieBurstTessellatorTests.BurstFillBaseline","ClassName":"NowLottieBurstTessellatorTests","MethodName":"BurstFillBaseline","Version":"1","Categories":["Performance"],"SampleGroups":[{"Name":"Time","Unit":2,"IncreaseIsBetter":false,"Samples":[1.2195000000000036,1.2114000000000048,1.3392999999999944,1.2162999999999969,1.175699999999999,1.2866999999999962,1.1698000000000022,1.1467000000000028,1.166000000000004,1.1388999999999996,1.1433999999999998,1.159399999999998,1.1468999999999952,1.195999999999998,1.1768,1.2398000000000025,1.148699999999998,1.1504000000000048,1.1417000000000073,1.1593000000000018],"Min":1.1388999999999996,"Max":1.3392999999999944,"Median":1.167900000000003,"Average":1.1866350000000004,"StandardDeviation":0.051630652475054588,"Sum":23.73270000000001}]}
##performancetestruninfo2:{"TestSuite":"Editmode","Date":1783096793718,"Player":{"Development":true,"ScreenWidth":1920,"ScreenHeight":1080,"ScreenRefreshRate":144,"Fullscreen":false,"Vsync":1,"AntiAliasing":2,"Batchmode":true,"RenderThreadingMode":"SingleThreaded","MtRendering":false,"GraphicsJobs":false,"GpuSkinning":true,"Platform":"WindowsEditor","ColorSpace":"Gamma","AnisotropicFiltering":"ForceEnable","BlendWeights":"FourBones","GraphicsApi":"Direct3D11","ScriptingBackend":"Mono2x","AndroidTargetSdkVersion":"AndroidApiLevelAuto","AndroidBuildSystem":"Gradle","BuildTarget":"StandaloneWindows64","StereoRenderingPath":"MultiPass"},"Hardware":{"OperatingSystem":"Windows 11  (10.0.26200)","DeviceModel":"MS-7E16 (Micro-Star International Co., Ltd.)","DeviceName":"RITEN","ProcessorType":"AMD Ryzen 9 7900X 12-Core Processor ","ProcessorCount":24,"GraphicsDeviceName":"NVIDIA GeForce RTX 4080 SUPER","SystemMemorySizeMB":64699},"Editor":{"Version":"6000.4.0f1","Branch":"6000.4/staging","Changeset":"8cf496087c8f","Date":1773430047},"Dependencies":["com.unity.ai.navigation@2.0.11","com.unity.collab-proxy@2.11.4","com.unity.collections@6.4.0","com.unity.ide.rider@3.0.39","com.unity.ide.visualstudio@2.0.27","com.unity.inputsystem@1.19.0","com.unity.multiplayer.center@1.0.1","com.unity.test-framework@1.6.0","com.unity.test-framework.performance@3.2.0","com.unity.timeline@1.8.11","com.unity.ugui@2.0.0","com.unity.modules.accessibility@1.0.0","com.unity.modules.adaptiveperformance@1.0.0","com.unity.modules.ai@1.0.0","com.unity.modules.androidjni@1.0.0","com.unity.modules.animation@1.0.0","com.unity.modules.assetbundle@1.0.0","com.unity.modules.audio@1.0.0","com.unity.modules.cloth@1.0.0","com.unity.modules.director@1.0.0","com.unity.modules.imageconversion@1.0.0","com.unity.modules.imgui@1.0.0","com.unity.modules.jsonserialize@1.0.0","com.unity.modules.particlesystem@1.0.0","com.unity.modules.physics@1.0.0","com.unity.modules.physics2d@1.0.0","com.unity.modules.screencapture@1.0.0","com.unity.modules.terrain@1.0.0","com.unity.modules.terrainphysics@1.0.0","com.unity.modules.tilemap@1.0.0","com.unity.modules.ui@1.0.0","com.unity.modules.uielements@1.0.0","com.unity.modules.umbra@1.0.0","com.unity.modules.unityanalytics@1.0.0","com.unity.modules.unitywebrequest@1.0.0","com.unity.modules.unitywebrequestassetbundle@1.0.0","com.unity.modules.unitywebrequestaudio@1.0.0","com.unity.modules.unitywebrequesttexture@1.0.0","com.unity.modules.unitywebrequestwww@1.0.0","com.unity.modules.vectorgraphics@1.0.0","com.unity.modules.vehicles@1.0.0","com.unity.modules.video@1.0.0","com.unity.modules.vr@1.0.0","com.unity.modules.wind@1.0.0","com.unity.modules.xr@1.0.0","com.unity.modules.subsystems@1.0.0","com.unity.modules.hierarchycore@1.0.0","com.unity.ext.nunit@2.0.5","com.unity.burst@1.8.28","com.unity.mathematics@1.3.3","com.unity.nuget.mono-cecil@1.11.6"],"Results":[]}
]]></output>
        </test-case>
        <test-case id="1331" name="FillMatchesScalarForCompoundPath" fullname="NowLottieBurstTessellatorTests.FillMatchesScalarForCompoundPath" methodname="FillMatchesScalarForCompoundPath" classname="NowLottieBurstTessellatorTests" runstate="Runnable" seed="825430877" result="Passed" start-time="2026-07-03 16:39:55Z" end-time="2026-07-03 16:39:55Z" duration="0.004445" asserts="0">
          <properties>
            <property name="retryIteration" value="0" />
            <property name="repeatIteration" value="0" />
          </properties>
        </test-case>
        <test-case id="1333" name="FillMatchesScalarWithClipAndGradient" fullname="NowLottieBurstTessellatorTests.FillMatchesScalarWithClipAndGradient" methodname="FillMatchesScalarWithClipAndGradient" classname="NowLottieBurstTessellatorTests" runstate="Runnable" seed="537264332" result="Passed" start-time="2026-07-03 16:39:55Z" end-time="2026-07-03 16:39:55Z" duration="0.007050" asserts="0">
          <properties>
            <property name="retryIteration" value="0" />
            <property name="repeatIteration" value="0" />
          </properties>
        </test-case>
        <test-case id="1332" name="FillMatchesScalarWithEvenOddRule" fullname="NowLottieBurstTessellatorTests.FillMatchesScalarWithEvenOddRule" methodname="FillMatchesScalarWithEvenOddRule" classname="NowLottieBurstTessellatorTests" runstate="Runnable" seed="884043815" result="Passed" start-time="2026-07-03 16:39:55Z" end-time="2026-07-03 16:39:55Z" duration="0.004060" asserts="0">
          <properties>
            <property name="retryIteration" value="0" />
            <property name="repeatIteration" value="0" />
          </properties>
        </test-case>
        <test-case id="1330" name="FlattenPackedContoursDropsConsecutiveDuplicatePoints" fullname="NowLottieBurstTessellatorTests.FlattenPackedContoursDropsConsecutiveDuplicatePoints" methodname="FlattenPackedContoursDropsConsecutiveDuplicatePoints" classname="NowLottieBurstTessellatorTests" runstate="Runnable" seed="1793350837" result="Passed" start-time="2026-07-03 16:39:55Z" end-time="2026-07-03 16:39:55Z" duration="0.000517" asserts="0">
          <properties>
            <property name="retryIteration" value="0" />
            <property name="repeatIteration" value="0" />
          </properties>
        </test-case>
        <test-case id="1336" name="ForceScalarDisablesBurstPath" fullname="NowLottieBurstTessellatorTests.ForceScalarDisablesBurstPath" methodname="ForceScalarDisablesBurstPath" classname="NowLottieBurstTessellatorTests" runstate="Runnable" seed="866011456" result="Passed" start-time="2026-07-03 16:39:55Z" end-time="2026-07-03 16:39:55Z" duration="0.000161" asserts="0">
          <properties>
            <property name="retryIteration" value="0" />
            <property name="repeatIteration" value="0" />
          </properties>
        </test-case>
        <test-case id="1337" name="ScalarFillBaseline" fullname="NowLottieBurstTessellatorTests.ScalarFillBaseline" methodname="ScalarFillBaseline" classname="NowLottieBurstTessellatorTests" runstate="Runnable" seed="1444598530" result="Passed" start-time="2026-07-03 16:39:55Z" end-time="2026-07-03 16:39:56Z" duration="0.251607" asserts="0">
          <properties>
            <property name="Category" value="Performance" />
            <property name="retryIteration" value="0" />
            <property name="repeatIteration" value="0" />
          </properties>
          <output><![CDATA[Time in Milliseconds
Min:		3.54 ms
Median:		3.58 ms
Max:		3.78 ms
Avg:		3.59 ms
StdDev:		0.05 ms
SampleCount:	20
Sum:		71.77 ms
First samples:	▃▂▂▄▃▂▂▂█▂▂▁▄▂▂▂▃▁▂▁
Histogram:	█▆▃▁▂


##performancetestresult2:{"Name":"NowLottieBurstTessellatorTests.ScalarFillBaseline","ClassName":"NowLottieBurstTessellatorTests","MethodName":"ScalarFillBaseline","Version":"1","Categories":["Performance"],"SampleGroups":[{"Name":"Time","Unit":2,"IncreaseIsBetter":false,"Samples":[3.605599999999999,3.578199999999999,3.575300000000002,3.645400000000002,3.598700000000001,3.583299999999994,3.5762,3.5668000000000008,3.7749999999999988,3.576100000000004,3.5563000000000004,3.538899999999998,3.649099999999997,3.561700000000002,3.556600000000003,3.5630000000000026,3.6083,3.5490000000000068,3.5609000000000039,3.5500000000000115],"Min":3.538899999999998,"Max":3.7749999999999988,"Median":3.575700000000003,"Average":3.588720000000001,"StandardDeviation":0.051599618215640598,"Sum":71.77440000000002}]}
]]></output>
        </test-case>
        <test-case id="1334" name="StrokeMatchesScalarForClosedContour" fullname="NowLottieBurstTessellatorTests.StrokeMatchesScalarForClosedContour" methodname="StrokeMatchesScalarForClosedContour" classname="NowLottieBurstTessellatorTests" runstate="Runnable" seed="1085226856" result="Passed" start-time="2026-07-03 16:39:56Z" end-time="2026-07-03 16:39:56Z" duration="0.003854" asserts="0">
          <properties>
            <property name="retryIteration" value="0" />
            <property name="repeatIteration" value="0" />
          </properties>
        </test-case>
        <test-case id="1335" name="StrokeMatchesScalarForOpenPathWithCaps" fullname="NowLottieBurstTessellatorTests.StrokeMatchesScalarForOpenPathWithCaps" methodname="StrokeMatchesScalarForOpenPathWithCaps" classname="NowLottieBurstTessellatorTests" runstate="Runnable" seed="2055275173" result="Passed" start-time="2026-07-03 16:39:56Z" end-time="2026-07-03 16:39:56Z" duration="0.005449" asserts="0">
          <properties>
            <property name="retryIteration" value="0" />
            <property name="repeatIteration" value="0" />
          </properties>
        </test-case>
      </test-suite>
      <test-suite type="TestFixture" id="1339" name="NowManagedFontCompilerTests" fullname="NowManagedFontCompilerTests" classname="NowManagedFontCompilerTests" runstate="Runnable" testcasecount="13" result="Passed" start-time="2026-07-03 16:39:56Z" end-time="2026-07-03 16:39:57Z" duration="0.936846" total="13" passed="13" failed="0" inconclusive="0" skipped="0" asserts="0">
        <properties />
        <test-case id="1348" name="BakeByGlyphIndexMatchesCodepointBake" fullname="NowManagedFontCompilerTests.BakeByGlyphIndexMatchesCodepointBake" methodname="BakeByGlyphIndexMatchesCodepointBake" classname="NowManagedFontCompilerTests" runstate="Runnable" seed="251514153" result="Passed" start-time="2026-07-03 16:39:56Z" end-time="2026-07-03 16:39:56Z" duration="0.000932" asserts="0">
          <properties>
            <property name="retryIteration" value="0" />
            <property name="repeatIteration" value="0" />
          </properties>
        </test-case>
        <test-case id="1340" name="DefaultSessionPrefersManagedCompiler" fullname="NowManagedFontCompilerTests.DefaultSessionPrefersManagedCompiler" methodname="DefaultSessionPrefersManagedCompiler" classname="NowManagedFontCompilerTests" runstate="Runnable" seed="612962726" result="Passed" start-time="2026-07-03 16:39:56Z" end-time="2026-07-03 16:39:56Z" duration="0.000222" asserts="0">
          <properties>
            <property name="retryIteration" value="0" />
            <property name="repeatIteration" value="0" />
          </properties>
        </test-case>
        <test-case id="1344" name="DuplicateAddsReturnTheCachedGlyph" fullname="NowManagedFontCompilerTests.DuplicateAddsReturnTheCachedGlyph" methodname="DuplicateAddsReturnTheCachedGlyph" classname="NowManagedFontCompilerTests" runstate="Runnable" seed="742675197" result="Passed" start-time="2026-07-03 16:39:56Z" end-time="2026-07-03 16:39:56Z" duration="0.000475" asserts="0">
          <properties>
            <property name="retryIteration" value="0" />
            <property name="repeatIteration" value="0" />
          </properties>
        </test-case>
        <test-case id="1352" name="ForceManagedCompilesEndToEnd" fullname="NowManagedFontCompilerTests.ForceManagedCompilesEndToEnd" methodname="ForceManagedCompilesEndToEnd" classname="NowManagedFontCompilerTests" runstate="Runnable" seed="1611318825" result="Passed" start-time="2026-07-03 16:39:56Z" end-time="2026-07-03 16:39:56Z" duration="0.004489" asserts="0">
          <properties>
            <property name="retryIteration" value="0" />
            <property name="repeatIteration" value="0" />
          </properties>
        </test-case>
        <test-case id="1345" name="FullAtlasReportsAtlasFullWithoutMutating" fullname="NowManagedFontCompilerTests.FullAtlasReportsAtlasFullWithoutMutating" methodname="FullAtlasReportsAtlasFullWithoutMutating" classname="NowManagedFontCompilerTests" runstate="Runnable" seed="957239594" result="Passed" start-time="2026-07-03 16:39:56Z" end-time="2026-07-03 16:39:56Z" duration="0.000277" asserts="0">
          <properties>
            <property name="retryIteration" value="0" />
            <property name="repeatIteration" value="0" />
          </properties>
        </test-case>
        <test-case id="1347" name="ManagedMatchesNativeAdvancesAndMetrics" fullname="NowManagedFontCompilerTests.ManagedMatchesNativeAdvancesAndMetrics" methodname="ManagedMatchesNativeAdvancesAndMetrics" classname="NowManagedFontCompilerTests" runstate="Runnable" seed="819281665" result="Passed" start-time="2026-07-03 16:39:56Z" end-time="2026-07-03 16:39:56Z" duration="0.010172" asserts="0">
          <properties>
            <property name="retryIteration" value="0" />
            <property name="repeatIteration" value="0" />
          </properties>
        </test-case>
        <test-case id="1351" name="ManagedSessionBakesAsciiBaseline" fullname="NowManagedFontCompilerTests.ManagedSessionBakesAsciiBaseline" methodname="ManagedSessionBakesAsciiBaseline" classname="NowManagedFontCompilerTests" runstate="Runnable" seed="1531123410" result="Passed" start-time="2026-07-03 16:39:56Z" end-time="2026-07-03 16:39:56Z" duration="0.279664" asserts="0">
          <properties>
            <property name="Category" value="Performance" />
            <property name="retryIteration" value="0" />
            <property name="repeatIteration" value="0" />
          </properties>
          <output><![CDATA[Time in Milliseconds
Min:		4.21 ms
Median:		5.43 ms
Max:		16.15 ms
Avg:		6.11 ms
StdDev:		2.73 ms
SampleCount:	15
Sum:		91.62 ms
First samples:	▂▂▁▂▂▂▂▁▂▂▂▂▂█▁
Histogram:	█▄▂▁▁


##performancetestresult2:{"Name":"NowManagedFontCompilerTests.ManagedSessionBakesAsciiBaseline","ClassName":"NowManagedFontCompilerTests","MethodName":"ManagedSessionBakesAsciiBaseline","Version":"1","Categories":["Performance"],"SampleGroups":[{"Name":"Time","Unit":2,"IncreaseIsBetter":false,"Samples":[5.191500000000001,5.4313,5.034600000000005,5.074599999999997,5.211100000000002,5.3226999999999979,5.763400000000004,4.988100000000003,5.587300000000006,5.700499999999998,6.075499999999991,5.552800000000005,6.329999999999998,16.151799999999996,4.205299999999994],"Min":4.205299999999994,"Max":16.151799999999996,"Median":5.4313,"Average":6.108033333333333,"StandardDeviation":2.7277097459631247,"Sum":91.62049999999999}]}
]]></output>
        </test-case>
        <test-case id="1342" name="ManagedSessionBakesVisibleGlyphs" fullname="NowManagedFontCompilerTests.ManagedSessionBakesVisibleGlyphs" methodname="ManagedSessionBakesVisibleGlyphs" classname="NowManagedFontCompilerTests" runstate="Runnable" seed="1818780923" result="Passed" start-time="2026-07-03 16:39:56Z" end-time="2026-07-03 16:39:56Z" duration="0.001737" asserts="0">
          <properties>
            <property name="retryIteration" value="0" />
            <property name="repeatIteration" value="0" />
          </properties>
        </test-case>
        <test-case id="1346" name="MissingCodepointsAreSkippedNotFailed" fullname="NowManagedFontCompilerTests.MissingCodepointsAreSkippedNotFailed" methodname="MissingCodepointsAreSkippedNotFailed" classname="NowManagedFontCompilerTests" runstate="Runnable" seed="1703478757" result="Passed" start-time="2026-07-03 16:39:56Z" end-time="2026-07-03 16:39:56Z" duration="0.000299" asserts="0">
          <properties>
            <property name="retryIteration" value="0" />
            <property name="repeatIteration" value="0" />
          </properties>
        </test-case>
        <test-case id="1350" name="NativeSessionBakesAsciiBaseline" fullname="NowManagedFontCompilerTests.NativeSessionBakesAsciiBaseline" methodname="NativeSessionBakesAsciiBaseline" classname="NowManagedFontCompilerTests" runstate="Runnable" seed="720890876" result="Passed" start-time="2026-07-03 16:39:56Z" end-time="2026-07-03 16:39:57Z" duration="0.634412" asserts="0">
          <properties>
            <property name="Category" value="Performance" />
            <property name="retryIteration" value="0" />
            <property name="repeatIteration" value="0" />
          </properties>
          <output><![CDATA[Time in Milliseconds
Min:		23.06 ms
Median:		24.96 ms
Max:		32.18 ms
Avg:		25.95 ms
StdDev:		2.95 ms
SampleCount:	15
Sum:		389.23 ms
First samples:	▂█▃▃█▂▂▂▂▁▂▃▁▂▇
Histogram:	█▄▃▁▁


##performancetestresult2:{"Name":"NowManagedFontCompilerTests.NativeSessionBakesAsciiBaseline","ClassName":"NowManagedFontCompilerTests","MethodName":"NativeSessionBakesAsciiBaseline","Version":"1","Categories":["Performance"],"SampleGroups":[{"Name":"Time","Unit":2,"IncreaseIsBetter":false,"Samples":[24.99820000000001,32.1823,25.20599999999999,26.0094,31.626300000000016,24.9555,23.914600000000037,24.75660000000005,23.950300000000028,23.05559999999997,23.893699999999968,26.278500000000009,23.588300000000005,23.892499999999985,30.924199999999986],"Min":23.05559999999997,"Max":32.1823,"Median":24.9555,"Average":25.948800000000003,"StandardDeviation":2.9478492738492134,"Sum":389.232}]}
]]></output>
        </test-case>
        <test-case id="1341" name="ParserReadsCoreTables" fullname="NowManagedFontCompilerTests.ParserReadsCoreTables" methodname="ParserReadsCoreTables" classname="NowManagedFontCompilerTests" runstate="Runnable" seed="318578533" result="Passed" start-time="2026-07-03 16:39:57Z" end-time="2026-07-03 16:39:57Z" duration="0.000466" asserts="0">
          <properties>
            <property name="retryIteration" value="0" />
            <property name="repeatIteration" value="0" />
          </properties>
        </test-case>
        <test-case id="1349" name="ShaperShapesTextOrReportsUnavailable" fullname="NowManagedFontCompilerTests.ShaperShapesTextOrReportsUnavailable" methodname="ShaperShapesTextOrReportsUnavailable" classname="NowManagedFontCompilerTests" runstate="Runnable" seed="1230296690" result="Passed" start-time="2026-07-03 16:39:57Z" end-time="2026-07-03 16:39:57Z" duration="0.001465" asserts="0">
          <properties>
            <property name="retryIteration" value="0" />
            <property name="repeatIteration" value="0" />
          </properties>
        </test-case>
        <test-case id="1343" name="WhitespaceBakesAdvanceOnly" fullname="NowManagedFontCompilerTests.WhitespaceBakesAdvanceOnly" methodname="WhitespaceBakesAdvanceOnly" classname="NowManagedFontCompilerTests" runstate="Runnable" seed="1705349391" result="Passed" start-time="2026-07-03 16:39:57Z" end-time="2026-07-03 16:39:57Z" duration="0.000309" asserts="0">
          <properties>
            <property name="retryIteration" value="0" />
            <property name="repeatIteration" value="0" />
          </properties>
        </test-case>
      </test-suite>
      <test-suite type="TestFixture" id="1353" name="NowMarkdownTests" fullname="NowMarkdownTests" classname="NowMarkdownTests" runstate="Runnable" testcasecount="46" result="Passed" start-time="2026-07-03 16:39:57Z" end-time="2026-07-03 16:39:57Z" duration="0.066424" total="46" passed="46" failed="0" inconclusive="0" skipped="0" asserts="0">
        <properties />
        <test-case id="1397" name="AlternatingDocumentsKeepTheirCachedInstances" fullname="NowMarkdownTests.AlternatingDocumentsKeepTheirCachedInstances" methodname="AlternatingDocumentsKeepTheirCachedInstances" classname="NowMarkdownTests" runstate="Runnable" seed="1577715172" result="Passed" start-time="2026-07-03 16:39:57Z" end-time="2026-07-03 16:39:57Z" duration="0.005339" asserts="0">
          <properties>
            <property name="retryIteration" value="0" />
            <property name="repeatIteration" value="0" />
          </properties>
        </test-case>
        <test-case id="1354" name="AtxHeadingsParseLevels" fullname="NowMarkdownTests.AtxHeadingsParseLevels" methodname="AtxHeadingsParseLevels" classname="NowMarkdownTests" runstate="Runnable" seed="599183673" result="Passed" start-time="2026-07-03 16:39:57Z" end-time="2026-07-03 16:39:57Z" duration="0.000510" asserts="0">
          <properties>
            <property name="retryIteration" value="0" />
            <property name="repeatIteration" value="0" />
          </properties>
        </test-case>
        <test-case id="1377" name="AutolinksTrimTrailingPunctuation" fullname="NowMarkdownTests.AutolinksTrimTrailingPunctuation" methodname="AutolinksTrimTrailingPunctuation" classname="NowMarkdownTests" runstate="Runnable" seed="378692696" result="Passed" start-time="2026-07-03 16:39:57Z" end-time="2026-07-03 16:39:57Z" duration="0.000263" asserts="0">
          <properties>
            <property name="retryIteration" value="0" />
            <property name="repeatIteration" value="0" />
          </properties>
        </test-case>
        <test-case id="1379" name="BackslashEscapesPunctuation" fullname="NowMarkdownTests.BackslashEscapesPunctuation" methodname="BackslashEscapesPunctuation" classname="NowMarkdownTests" runstate="Runnable" seed="239902295" result="Passed" start-time="2026-07-03 16:39:57Z" end-time="2026-07-03 16:39:57Z" duration="0.000154" asserts="0">
          <properties>
            <property name="retryIteration" value="0" />
            <property name="repeatIteration" value="0" />
          </properties>
        </test-case>
        <test-case id="1361" name="BlockQuoteNestsContent" fullname="NowMarkdownTests.BlockQuoteNestsContent" methodname="BlockQuoteNestsContent" classname="NowMarkdownTests" runstate="Runnable" seed="836066536" result="Passed" start-time="2026-07-03 16:39:57Z" end-time="2026-07-03 16:39:57Z" duration="0.000552" asserts="0">
          <properties>
            <property name="retryIteration" value="0" />
            <property name="repeatIteration" value="0" />
          </properties>
        </test-case>
        <test-case id="1362" name="BulletListParsesItems" fullname="NowMarkdownTests.BulletListParsesItems" methodname="BulletListParsesItems" classname="NowMarkdownTests" runstate="Runnable" seed="490357632" result="Passed" start-time="2026-07-03 16:39:57Z" end-time="2026-07-03 16:39:57Z" duration="0.000584" asserts="0">
          <properties>
            <property name="retryIteration" value="0" />
            <property name="repeatIteration" value="0" />
          </properties>
        </test-case>
        <test-case id="1395" name="CachedDrawIsAllocationFreeAfterWarmup" fullname="NowMarkdownTests.CachedDrawIsAllocationFreeAfterWarmup" methodname="CachedDrawIsAllocationFreeAfterWarmup" classname="NowMarkdownTests" runstate="Runnable" seed="1869395399" result="Passed" start-time="2026-07-03 16:39:57Z" end-time="2026-07-03 16:39:57Z" duration="0.013395" asserts="0">
          <properties>
            <property name="retryIteration" value="0" />
            <property name="repeatIteration" value="0" />
          </properties>
        </test-case>
        <test-case id="1394" name="ClickingALinkReportsItsDestination" fullname="NowMarkdownTests.ClickingALinkReportsItsDestination" methodname="ClickingALinkReportsItsDestination" classname="NowMarkdownTests" runstate="Runnable" seed="1924582283" result="Passed" start-time="2026-07-03 16:39:57Z" end-time="2026-07-03 16:39:57Z" duration="0.000526" asserts="0">
          <properties>
            <property name="retryIteration" value="0" />
            <property name="repeatIteration" value="0" />
          </properties>
        </test-case>
        <test-case id="1355" name="ClosingHashesAreTrimmed" fullname="NowMarkdownTests.ClosingHashesAreTrimmed" methodname="ClosingHashesAreTrimmed" classname="NowMarkdownTests" runstate="Runnable" seed="1436606109" result="Passed" start-time="2026-07-03 16:39:57Z" end-time="2026-07-03 16:39:57Z" duration="0.000154" asserts="0">
          <properties>
            <property name="retryIteration" value="0" />
            <property name="repeatIteration" value="0" />
          </properties>
        </test-case>
        <test-case id="1383" name="CodeBlockTextIsSelectableAndCopyable" fullname="NowMarkdownTests.CodeBlockTextIsSelectableAndCopyable" methodname="CodeBlockTextIsSelectableAndCopyable" classname="NowMarkdownTests" runstate="Runnable" seed="803435060" result="Passed" start-time="2026-07-03 16:39:57Z" end-time="2026-07-03 16:39:57Z" duration="0.004992" asserts="0">
          <properties>
            <property name="retryIteration" value="0" />
            <property name="repeatIteration" value="0" />
          </properties>
        </test-case>
        <test-case id="1371" name="CodeSpansIgnoreEmphasisAndBalanceBackticks" fullname="NowMarkdownTests.CodeSpansIgnoreEmphasisAndBalanceBackticks" methodname="CodeSpansIgnoreEmphasisAndBalanceBackticks" classname="NowMarkdownTests" runstate="Runnable" seed="1203779888" result="Passed" start-time="2026-07-03 16:39:57Z" end-time="2026-07-03 16:39:57Z" duration="0.000322" asserts="0">
          <properties>
            <property name="retryIteration" value="0" />
            <property name="repeatIteration" value="0" />
          </properties>
        </test-case>
        <test-case id="1392" name="CodeSyntaxColorsRemainReadableInMaterialDarkTheme" fullname="NowMarkdownTests.CodeSyntaxColorsRemainReadableInMaterialDarkTheme" methodname="CodeSyntaxColorsRemainReadableInMaterialDarkTheme" classname="NowMarkdownTests" runstate="Runnable" seed="1528615354" result="Passed" start-time="2026-07-03 16:39:57Z" end-time="2026-07-03 16:39:57Z" duration="0.005456" asserts="0">
          <properties>
            <property name="retryIteration" value="0" />
            <property name="repeatIteration" value="0" />
          </properties>
        </test-case>
        <test-case id="1389" name="CopyButtonCopiesTheCodeBlock" fullname="NowMarkdownTests.CopyButtonCopiesTheCodeBlock" methodname="CopyButtonCopiesTheCodeBlock" classname="NowMarkdownTests" runstate="Runnable" seed="1530236234" result="Passed" start-time="2026-07-03 16:39:57Z" end-time="2026-07-03 16:39:57Z" duration="0.000787" asserts="0">
          <properties>
            <property name="retryIteration" value="0" />
            <property name="repeatIteration" value="0" />
          </properties>
        </test-case>
        <test-case id="1374" name="CSharpTokenizerClassifiesKindsAndCarriesState" fullname="NowMarkdownTests.CSharpTokenizerClassifiesKindsAndCarriesState" methodname="CSharpTokenizerClassifiesKindsAndCarriesState" classname="NowMarkdownTests" runstate="Runnable" seed="999849519" result="Passed" start-time="2026-07-03 16:39:57Z" end-time="2026-07-03 16:39:57Z" duration="0.000699" asserts="0">
          <properties>
            <property name="retryIteration" value="0" />
            <property name="repeatIteration" value="0" />
          </properties>
        </test-case>
        <test-case id="1391" name="DocumentMeasuresAndRendersGeometry" fullname="NowMarkdownTests.DocumentMeasuresAndRendersGeometry" methodname="DocumentMeasuresAndRendersGeometry" classname="NowMarkdownTests" runstate="Runnable" seed="327006564" result="Passed" start-time="2026-07-03 16:39:57Z" end-time="2026-07-03 16:39:57Z" duration="0.011633" asserts="0">
          <properties>
            <property name="retryIteration" value="0" />
            <property name="repeatIteration" value="0" />
          </properties>
        </test-case>
        <test-case id="1387" name="DragAcrossBlocksSelectsLikeAWebpage" fullname="NowMarkdownTests.DragAcrossBlocksSelectsLikeAWebpage" methodname="DragAcrossBlocksSelectsLikeAWebpage" classname="NowMarkdownTests" runstate="Runnable" seed="1136979114" result="Passed" start-time="2026-07-03 16:39:57Z" end-time="2026-07-03 16:39:57Z" duration="0.001921" asserts="0">
          <properties>
            <property name="retryIteration" value="0" />
            <property name="repeatIteration" value="0" />
          </properties>
        </test-case>
        <test-case id="1368" name="EmphasisAndStrongNest" fullname="NowMarkdownTests.EmphasisAndStrongNest" methodname="EmphasisAndStrongNest" classname="NowMarkdownTests" runstate="Runnable" seed="581873091" result="Passed" start-time="2026-07-03 16:39:57Z" end-time="2026-07-03 16:39:57Z" duration="0.000272" asserts="0">
          <properties>
            <property name="retryIteration" value="0" />
            <property name="repeatIteration" value="0" />
          </properties>
        </test-case>
        <test-case id="1367" name="EscapedPipesStayInsideCells" fullname="NowMarkdownTests.EscapedPipesStayInsideCells" methodname="EscapedPipesStayInsideCells" classname="NowMarkdownTests" runstate="Runnable" seed="910433665" result="Passed" start-time="2026-07-03 16:39:57Z" end-time="2026-07-03 16:39:57Z" duration="0.000873" asserts="0">
          <properties>
            <property name="retryIteration" value="0" />
            <property name="repeatIteration" value="0" />
          </properties>
        </test-case>
        <test-case id="1359" name="FencedCodeBlockKeepsContentVerbatim" fullname="NowMarkdownTests.FencedCodeBlockKeepsContentVerbatim" methodname="FencedCodeBlockKeepsContentVerbatim" classname="NowMarkdownTests" runstate="Runnable" seed="1305069227" result="Passed" start-time="2026-07-03 16:39:57Z" end-time="2026-07-03 16:39:57Z" duration="0.000189" asserts="0">
          <properties>
            <property name="retryIteration" value="0" />
            <property name="repeatIteration" value="0" />
          </properties>
        </test-case>
        <test-case id="1378" name="HardAndSoftBreaksParse" fullname="NowMarkdownTests.HardAndSoftBreaksParse" methodname="HardAndSoftBreaksParse" classname="NowMarkdownTests" runstate="Runnable" seed="1608472693" result="Passed" start-time="2026-07-03 16:39:57Z" end-time="2026-07-03 16:39:57Z" duration="0.000171" asserts="0">
          <properties>
            <property name="retryIteration" value="0" />
            <property name="repeatIteration" value="0" />
          </properties>
        </test-case>
        <test-case id="1380" name="HtmlIsTreatedAsPlainText" fullname="NowMarkdownTests.HtmlIsTreatedAsPlainText" methodname="HtmlIsTreatedAsPlainText" classname="NowMarkdownTests" runstate="Runnable" seed="1355835134" result="Passed" start-time="2026-07-03 16:39:57Z" end-time="2026-07-03 16:39:57Z" duration="0.000275" asserts="0">
          <properties>
            <property name="retryIteration" value="0" />
            <property name="repeatIteration" value="0" />
          </properties>
        </test-case>
        <test-case id="1386" name="ImageContextMenuCopiesTheAddress" fullname="NowMarkdownTests.ImageContextMenuCopiesTheAddress" methodname="ImageContextMenuCopiesTheAddress" classname="NowMarkdownTests" runstate="Runnable" seed="1334355042" result="Passed" start-time="2026-07-03 16:39:57Z" end-time="2026-07-03 16:39:57Z" duration="0.002080" asserts="0">
          <properties>
            <property name="retryIteration" value="0" />
            <property name="repeatIteration" value="0" />
          </properties>
        </test-case>
        <test-case id="1390" name="ImagesInsideLinksReportClicks" fullname="NowMarkdownTests.ImagesInsideLinksReportClicks" methodname="ImagesInsideLinksReportClicks" classname="NowMarkdownTests" runstate="Runnable" seed="899981483" result="Passed" start-time="2026-07-03 16:39:57Z" end-time="2026-07-03 16:39:57Z" duration="0.000526" asserts="0">
          <properties>
            <property name="retryIteration" value="0" />
            <property name="repeatIteration" value="0" />
          </properties>
        </test-case>
        <test-case id="1373" name="ImagesParseAsImageNodes" fullname="NowMarkdownTests.ImagesParseAsImageNodes" methodname="ImagesParseAsImageNodes" classname="NowMarkdownTests" runstate="Runnable" seed="1751784293" result="Passed" start-time="2026-07-03 16:39:57Z" end-time="2026-07-03 16:39:57Z" duration="0.000172" asserts="0">
          <properties>
            <property name="retryIteration" value="0" />
            <property name="repeatIteration" value="0" />
          </properties>
        </test-case>
        <test-case id="1399" name="ImageVersionBumpsOnlyRelayoutDocumentsWithImages" fullname="NowMarkdownTests.ImageVersionBumpsOnlyRelayoutDocumentsWithImages" methodname="ImageVersionBumpsOnlyRelayoutDocumentsWithImages" classname="NowMarkdownTests" runstate="Runnable" seed="463092645" result="Passed" start-time="2026-07-03 16:39:57Z" end-time="2026-07-03 16:39:57Z" duration="0.000427" asserts="0">
          <properties>
            <property name="retryIteration" value="0" />
            <property name="repeatIteration" value="0" />
          </properties>
        </test-case>
        <test-case id="1369" name="IntrawordUnderscoresDoNotEmphasize" fullname="NowMarkdownTests.IntrawordUnderscoresDoNotEmphasize" methodname="IntrawordUnderscoresDoNotEmphasize" classname="NowMarkdownTests" runstate="Runnable" seed="564283841" result="Passed" start-time="2026-07-03 16:39:57Z" end-time="2026-07-03 16:39:57Z" duration="0.000223" asserts="0">
          <properties>
            <property name="retryIteration" value="0" />
            <property name="repeatIteration" value="0" />
          </properties>
        </test-case>
        <test-case id="1376" name="JsonTokenizerColorsLiterals" fullname="NowMarkdownTests.JsonTokenizerColorsLiterals" methodname="JsonTokenizerColorsLiterals" classname="NowMarkdownTests" runstate="Runnable" seed="1824382915" result="Passed" start-time="2026-07-03 16:39:57Z" end-time="2026-07-03 16:39:57Z" duration="0.000226" asserts="0">
          <properties>
            <property name="retryIteration" value="0" />
            <property name="repeatIteration" value="0" />
          </properties>
        </test-case>
        <test-case id="1372" name="LinksParseTextAndDestination" fullname="NowMarkdownTests.LinksParseTextAndDestination" methodname="LinksParseTextAndDestination" classname="NowMarkdownTests" runstate="Runnable" seed="1924643595" result="Passed" start-time="2026-07-03 16:39:57Z" end-time="2026-07-03 16:39:57Z" duration="0.000169" asserts="0">
          <properties>
            <property name="retryIteration" value="0" />
            <property name="repeatIteration" value="0" />
          </properties>
        </test-case>
        <test-case id="1381" name="LoadedImagesLayoutAtAspectSizeAndFailedOnesFallBackToAlt" fullname="NowMarkdownTests.LoadedImagesLayoutAtAspectSizeAndFailedOnesFallBackToAlt" methodname="LoadedImagesLayoutAtAspectSizeAndFailedOnesFallBackToAlt" classname="NowMarkdownTests" runstate="Runnable" seed="1341477120" result="Passed" start-time="2026-07-03 16:39:57Z" end-time="2026-07-03 16:39:57Z" duration="0.000428" asserts="0">
          <properties>
            <property name="retryIteration" value="0" />
            <property name="repeatIteration" value="0" />
          </properties>
        </test-case>
        <test-case id="1382" name="MultiWordLinksActAsOneLink" fullname="NowMarkdownTests.MultiWordLinksActAsOneLink" methodname="MultiWordLinksActAsOneLink" classname="NowMarkdownTests" runstate="Runnable" seed="546535253" result="Passed" start-time="2026-07-03 16:39:57Z" end-time="2026-07-03 16:39:57Z" duration="0.000469" asserts="0">
          <properties>
            <property name="retryIteration" value="0" />
            <property name="repeatIteration" value="0" />
          </properties>
        </test-case>
        <test-case id="1364" name="NestedListsAttachToParentItem" fullname="NowMarkdownTests.NestedListsAttachToParentItem" methodname="NestedListsAttachToParentItem" classname="NowMarkdownTests" runstate="Runnable" seed="263529756" result="Passed" start-time="2026-07-03 16:39:57Z" end-time="2026-07-03 16:39:57Z" duration="0.000195" asserts="0">
          <properties>
            <property name="retryIteration" value="0" />
            <property name="repeatIteration" value="0" />
          </properties>
        </test-case>
        <test-case id="1388" name="OpenContextMenuBlocksHoverBeneathAndScrollDismisses" fullname="NowMarkdownTests.OpenContextMenuBlocksHoverBeneathAndScrollDismisses" methodname="OpenContextMenuBlocksHoverBeneathAndScrollDismisses" classname="NowMarkdownTests" runstate="Runnable" seed="1188099978" result="Passed" start-time="2026-07-03 16:39:57Z" end-time="2026-07-03 16:39:57Z" duration="0.000662" asserts="0">
          <properties>
            <property name="retryIteration" value="0" />
            <property name="repeatIteration" value="0" />
          </properties>
        </test-case>
        <test-case id="1363" name="OrderedListKeepsStartNumber" fullname="NowMarkdownTests.OrderedListKeepsStartNumber" methodname="OrderedListKeepsStartNumber" classname="NowMarkdownTests" runstate="Runnable" seed="639570476" result="Passed" start-time="2026-07-03 16:39:57Z" end-time="2026-07-03 16:39:57Z" duration="0.000171" asserts="0">
          <properties>
            <property name="retryIteration" value="0" />
            <property name="repeatIteration" value="0" />
          </properties>
        </test-case>
        <test-case id="1357" name="ParagraphsMergeLinesAndSplitOnBlank" fullname="NowMarkdownTests.ParagraphsMergeLinesAndSplitOnBlank" methodname="ParagraphsMergeLinesAndSplitOnBlank" classname="NowMarkdownTests" runstate="Runnable" seed="1690281532" result="Passed" start-time="2026-07-03 16:39:57Z" end-time="2026-07-03 16:39:57Z" duration="0.000163" asserts="0">
          <properties>
            <property name="retryIteration" value="0" />
            <property name="repeatIteration" value="0" />
          </properties>
        </test-case>
        <test-case id="1384" name="ParagraphTextIsSelectableAcrossStyledWords" fullname="NowMarkdownTests.ParagraphTextIsSelectableAcrossStyledWords" methodname="ParagraphTextIsSelectableAcrossStyledWords" classname="NowMarkdownTests" runstate="Runnable" seed="1030484529" result="Passed" start-time="2026-07-03 16:39:57Z" end-time="2026-07-03 16:39:57Z" duration="0.000511" asserts="0">
          <properties>
            <property name="retryIteration" value="0" />
            <property name="repeatIteration" value="0" />
          </properties>
        </test-case>
        <test-case id="1385" name="RightClickContextMenuCopiesTheSelection" fullname="NowMarkdownTests.RightClickContextMenuCopiesTheSelection" methodname="RightClickContextMenuCopiesTheSelection" classname="NowMarkdownTests" runstate="Runnable" seed="15951701" result="Passed" start-time="2026-07-03 16:39:57Z" end-time="2026-07-03 16:39:57Z" duration="0.000781" asserts="0">
          <properties>
            <property name="retryIteration" value="0" />
            <property name="repeatIteration" value="0" />
          </properties>
        </test-case>
        <test-case id="1356" name="SetextHeadingsParse" fullname="NowMarkdownTests.SetextHeadingsParse" methodname="SetextHeadingsParse" classname="NowMarkdownTests" runstate="Runnable" seed="1127936087" result="Passed" start-time="2026-07-03 16:39:57Z" end-time="2026-07-03 16:39:57Z" duration="0.000188" asserts="0">
          <properties>
            <property name="retryIteration" value="0" />
            <property name="repeatIteration" value="0" />
          </properties>
        </test-case>
        <test-case id="1370" name="StrikethroughRequiresDoubleTilde" fullname="NowMarkdownTests.StrikethroughRequiresDoubleTilde" methodname="StrikethroughRequiresDoubleTilde" classname="NowMarkdownTests" runstate="Runnable" seed="1727345631" result="Passed" start-time="2026-07-03 16:39:57Z" end-time="2026-07-03 16:39:57Z" duration="0.000159" asserts="0">
          <properties>
            <property name="retryIteration" value="0" />
            <property name="repeatIteration" value="0" />
          </properties>
        </test-case>
        <test-case id="1398" name="StyledBuilderDrawIsAllocationFreeAfterWarmup" fullname="NowMarkdownTests.StyledBuilderDrawIsAllocationFreeAfterWarmup" methodname="StyledBuilderDrawIsAllocationFreeAfterWarmup" classname="NowMarkdownTests" runstate="Runnable" seed="513110576" result="Passed" start-time="2026-07-03 16:39:57Z" end-time="2026-07-03 16:39:57Z" duration="0.003840" asserts="0">
          <properties>
            <property name="retryIteration" value="0" />
            <property name="repeatIteration" value="0" />
          </properties>
        </test-case>
        <test-case id="1396" name="StyledDocumentsAreCachedByTextAndStyle" fullname="NowMarkdownTests.StyledDocumentsAreCachedByTextAndStyle" methodname="StyledDocumentsAreCachedByTextAndStyle" classname="NowMarkdownTests" runstate="Runnable" seed="780431484" result="Passed" start-time="2026-07-03 16:39:57Z" end-time="2026-07-03 16:39:57Z" duration="0.000259" asserts="0">
          <properties>
            <property name="retryIteration" value="0" />
            <property name="repeatIteration" value="0" />
          </properties>
        </test-case>
        <test-case id="1366" name="TableParsesHeaderAlignmentAndRows" fullname="NowMarkdownTests.TableParsesHeaderAlignmentAndRows" methodname="TableParsesHeaderAlignmentAndRows" classname="NowMarkdownTests" runstate="Runnable" seed="1387718810" result="Passed" start-time="2026-07-03 16:39:57Z" end-time="2026-07-03 16:39:57Z" duration="0.000285" asserts="0">
          <properties>
            <property name="retryIteration" value="0" />
            <property name="repeatIteration" value="0" />
          </properties>
        </test-case>
        <test-case id="1365" name="TaskListItemsCarryState" fullname="NowMarkdownTests.TaskListItemsCarryState" methodname="TaskListItemsCarryState" classname="NowMarkdownTests" runstate="Runnable" seed="160864692" result="Passed" start-time="2026-07-03 16:39:57Z" end-time="2026-07-03 16:39:57Z" duration="0.000176" asserts="0">
          <properties>
            <property name="retryIteration" value="0" />
            <property name="repeatIteration" value="0" />
          </properties>
        </test-case>
        <test-case id="1358" name="ThematicBreakVariantsParse" fullname="NowMarkdownTests.ThematicBreakVariantsParse" methodname="ThematicBreakVariantsParse" classname="NowMarkdownTests" runstate="Runnable" seed="689313811" result="Passed" start-time="2026-07-03 16:39:57Z" end-time="2026-07-03 16:39:57Z" duration="0.000168" asserts="0">
          <properties>
            <property name="retryIteration" value="0" />
            <property name="repeatIteration" value="0" />
          </properties>
        </test-case>
        <test-case id="1360" name="UnclosedFenceRunsToEnd" fullname="NowMarkdownTests.UnclosedFenceRunsToEnd" methodname="UnclosedFenceRunsToEnd" classname="NowMarkdownTests" runstate="Runnable" seed="51449386" result="Passed" start-time="2026-07-03 16:39:57Z" end-time="2026-07-03 16:39:57Z" duration="0.000136" asserts="0">
          <properties>
            <property name="retryIteration" value="0" />
            <property name="repeatIteration" value="0" />
          </properties>
        </test-case>
        <test-case id="1375" name="UnknownLanguageStaysPlain" fullname="NowMarkdownTests.UnknownLanguageStaysPlain" methodname="UnknownLanguageStaysPlain" classname="NowMarkdownTests" runstate="Runnable" seed="2145289498" result="Passed" start-time="2026-07-03 16:39:57Z" end-time="2026-07-03 16:39:57Z" duration="0.000165" asserts="0">
          <properties>
            <property name="retryIteration" value="0" />
            <property name="repeatIteration" value="0" />
          </properties>
        </test-case>
        <test-case id="1393" name="WrappingIncreasesHeightAtNarrowWidths" fullname="NowMarkdownTests.WrappingIncreasesHeightAtNarrowWidths" methodname="WrappingIncreasesHeightAtNarrowWidths" classname="NowMarkdownTests" runstate="Runnable" seed="1127368569" result="Passed" start-time="2026-07-03 16:39:57Z" end-time="2026-07-03 16:39:57Z" duration="0.001447" asserts="0">
          <properties>
            <property name="retryIteration" value="0" />
            <property name="repeatIteration" value="0" />
          </properties>
        </test-case>
      </test-suite>
      <test-suite type="TestFixture" id="1400" name="NowMarkupTests" fullname="NowMarkupTests" classname="NowMarkupTests" runstate="Runnable" testcasecount="13" result="Passed" start-time="2026-07-03 16:39:57Z" end-time="2026-07-03 16:39:57Z" duration="0.050651" total="13" passed="13" failed="0" inconclusive="0" skipped="0" asserts="0">
        <properties />
        <test-case id="1410" name="BindingsGenerateConstantsFromTheDocument" fullname="NowMarkupTests.BindingsGenerateConstantsFromTheDocument" methodname="BindingsGenerateConstantsFromTheDocument" classname="NowMarkupTests" runstate="Runnable" seed="1330257996" result="Passed" start-time="2026-07-03 16:39:57Z" end-time="2026-07-03 16:39:57Z" duration="0.003703" asserts="0">
          <properties>
            <property name="retryIteration" value="0" />
            <property name="repeatIteration" value="0" />
          </properties>
        </test-case>
        <test-case id="1413" name="CachedDocumentDrawIsAllocationFreeAfterWarmup" fullname="NowMarkupTests.CachedDocumentDrawIsAllocationFreeAfterWarmup" methodname="CachedDocumentDrawIsAllocationFreeAfterWarmup" classname="NowMarkupTests" runstate="Runnable" seed="1201854615" result="Passed" start-time="2026-07-03 16:39:57Z" end-time="2026-07-03 16:39:57Z" duration="0.014356" asserts="0">
          <properties>
            <property name="retryIteration" value="0" />
            <property name="repeatIteration" value="0" />
          </properties>
        </test-case>
        <test-case id="1406" name="CachedDocumentsAreReusedAcrossAlternation" fullname="NowMarkupTests.CachedDocumentsAreReusedAcrossAlternation" methodname="CachedDocumentsAreReusedAcrossAlternation" classname="NowMarkupTests" runstate="Runnable" seed="529400738" result="Passed" start-time="2026-07-03 16:39:57Z" end-time="2026-07-03 16:39:57Z" duration="0.000356" asserts="0">
          <properties>
            <property name="retryIteration" value="0" />
            <property name="repeatIteration" value="0" />
          </properties>
        </test-case>
        <test-case id="1405" name="FileSourceReloadsChangedMarkup" fullname="NowMarkupTests.FileSourceReloadsChangedMarkup" methodname="FileSourceReloadsChangedMarkup" classname="NowMarkupTests" runstate="Runnable" seed="1001937377" result="Passed" start-time="2026-07-03 16:39:57Z" end-time="2026-07-03 16:39:57Z" duration="0.008209" asserts="0">
          <properties>
            <property name="retryIteration" value="0" />
            <property name="repeatIteration" value="0" />
          </properties>
        </test-case>
        <test-case id="1412" name="HtmlInspiredTagsDrawWithoutErrors" fullname="NowMarkupTests.HtmlInspiredTagsDrawWithoutErrors" methodname="HtmlInspiredTagsDrawWithoutErrors" classname="NowMarkupTests" runstate="Runnable" seed="696036603" result="Passed" start-time="2026-07-03 16:39:57Z" end-time="2026-07-03 16:39:57Z" duration="0.017497" asserts="0">
          <properties>
            <property name="retryIteration" value="0" />
            <property name="repeatIteration" value="0" />
          </properties>
        </test-case>
        <test-case id="1409" name="ManifestDeclaresIdsKeysAndActions" fullname="NowMarkupTests.ManifestDeclaresIdsKeysAndActions" methodname="ManifestDeclaresIdsKeysAndActions" classname="NowMarkupTests" runstate="Runnable" seed="393178339" result="Passed" start-time="2026-07-03 16:39:57Z" end-time="2026-07-03 16:39:57Z" duration="0.000467" asserts="0">
          <properties>
            <property name="retryIteration" value="0" />
            <property name="repeatIteration" value="0" />
          </properties>
        </test-case>
        <test-case id="1401" name="ParserBuildsElementsAttributesAndText" fullname="NowMarkupTests.ParserBuildsElementsAttributesAndText" methodname="ParserBuildsElementsAttributesAndText" classname="NowMarkupTests" runstate="Runnable" seed="291526827" result="Passed" start-time="2026-07-03 16:39:57Z" end-time="2026-07-03 16:39:57Z" duration="0.000238" asserts="0">
          <properties>
            <property name="retryIteration" value="0" />
            <property name="repeatIteration" value="0" />
          </properties>
        </test-case>
        <test-case id="1402" name="ParserKeepsStyleBlocksRaw" fullname="NowMarkupTests.ParserKeepsStyleBlocksRaw" methodname="ParserKeepsStyleBlocksRaw" classname="NowMarkupTests" runstate="Runnable" seed="1848135563" result="Passed" start-time="2026-07-03 16:39:57Z" end-time="2026-07-03 16:39:57Z" duration="0.000157" asserts="0">
          <properties>
            <property name="retryIteration" value="0" />
            <property name="repeatIteration" value="0" />
          </properties>
        </test-case>
        <test-case id="1408" name="ParserTreatsHrAndProgressAsVoidTags" fullname="NowMarkupTests.ParserTreatsHrAndProgressAsVoidTags" methodname="ParserTreatsHrAndProgressAsVoidTags" classname="NowMarkupTests" runstate="Runnable" seed="1442969169" result="Passed" start-time="2026-07-03 16:39:57Z" end-time="2026-07-03 16:39:57Z" duration="0.000173" asserts="0">
          <properties>
            <property name="retryIteration" value="0" />
            <property name="repeatIteration" value="0" />
          </properties>
        </test-case>
        <test-case id="1407" name="ResultsAreInvalidatedByTheNextDraw" fullname="NowMarkupTests.ResultsAreInvalidatedByTheNextDraw" methodname="ResultsAreInvalidatedByTheNextDraw" classname="NowMarkupTests" runstate="Runnable" seed="1773607510" result="Passed" start-time="2026-07-03 16:39:57Z" end-time="2026-07-03 16:39:57Z" duration="0.000522" asserts="0">
          <properties>
            <property name="retryIteration" value="0" />
            <property name="repeatIteration" value="0" />
          </properties>
        </test-case>
        <test-case id="1404" name="StateStepsWrappedIndexes" fullname="NowMarkupTests.StateStepsWrappedIndexes" methodname="StateStepsWrappedIndexes" classname="NowMarkupTests" runstate="Runnable" seed="1813276239" result="Passed" start-time="2026-07-03 16:39:57Z" end-time="2026-07-03 16:39:57Z" duration="0.000202" asserts="0">
          <properties>
            <property name="retryIteration" value="0" />
            <property name="repeatIteration" value="0" />
          </properties>
        </test-case>
        <test-case id="1403" name="StateStoresTypedValues" fullname="NowMarkupTests.StateStoresTypedValues" methodname="StateStoresTypedValues" classname="NowMarkupTests" runstate="Runnable" seed="281420466" result="Passed" start-time="2026-07-03 16:39:57Z" end-time="2026-07-03 16:39:57Z" duration="0.000714" asserts="0">
          <properties>
            <property name="retryIteration" value="0" />
            <property name="repeatIteration" value="0" />
          </properties>
        </test-case>
        <test-case id="1411" name="UnknownResultQueriesWarnOnce" fullname="NowMarkupTests.UnknownResultQueriesWarnOnce" methodname="UnknownResultQueriesWarnOnce" classname="NowMarkupTests" runstate="Runnable" seed="398865247" result="Passed" start-time="2026-07-03 16:39:57Z" end-time="2026-07-03 16:39:57Z" duration="0.002586" asserts="0">
          <properties>
            <property name="retryIteration" value="0" />
            <property name="repeatIteration" value="0" />
          </properties>
          <output><![CDATA[NowMarkup: queried click "sve", but the document declares no matching id or state key. Declared ids: save; state keys: (none).
]]></output>
        </test-case>
      </test-suite>
      <test-suite type="TestFixture" id="1240" name="NowMaskFieldTests" fullname="NowMaskFieldTests" classname="NowMaskFieldTests" runstate="Runnable" testcasecount="2" result="Passed" start-time="2026-07-03 16:39:57Z" end-time="2026-07-03 16:39:57Z" duration="0.002567" total="2" passed="2" failed="0" inconclusive="0" skipped="0" asserts="0">
        <properties />
        <test-case id="1241" name="AllBitsCoversOptionCounts" fullname="NowMaskFieldTests.AllBitsCoversOptionCounts" methodname="AllBitsCoversOptionCounts" classname="NowMaskFieldTests" runstate="Runnable" seed="63442818" result="Passed" start-time="2026-07-03 16:39:57Z" end-time="2026-07-03 16:39:57Z" duration="0.000248" asserts="0">
          <properties>
            <property name="retryIteration" value="0" />
            <property name="repeatIteration" value="0" />
          </properties>
        </test-case>
        <test-case id="1242" name="ClickingEverythingSetsAllOptionBits" fullname="NowMaskFieldTests.ClickingEverythingSetsAllOptionBits" methodname="ClickingEverythingSetsAllOptionBits" classname="NowMaskFieldTests" runstate="Runnable" seed="1962106374" result="Passed" start-time="2026-07-03 16:39:57Z" end-time="2026-07-03 16:39:57Z" duration="0.001770" asserts="0">
          <properties>
            <property name="retryIteration" value="0" />
            <property name="repeatIteration" value="0" />
          </properties>
        </test-case>
      </test-suite>
      <test-suite type="TestFixture" id="1414" name="NowNewControlsTests" fullname="NowNewControlsTests" classname="NowNewControlsTests" runstate="Runnable" testcasecount="30" result="Passed" start-time="2026-07-03 16:39:57Z" end-time="2026-07-03 16:39:57Z" duration="0.048590" total="30" passed="30" failed="0" inconclusive="0" skipped="0" asserts="0">
        <properties />
        <test-case id="1418" name="BadgeDrawsWithoutInteraction" fullname="NowNewControlsTests.BadgeDrawsWithoutInteraction" methodname="BadgeDrawsWithoutInteraction" classname="NowNewControlsTests" runstate="Runnable" seed="471162675" result="Passed" start-time="2026-07-03 16:39:57Z" end-time="2026-07-03 16:39:57Z" duration="0.000469" asserts="0">
          <properties>
            <property name="retryIteration" value="0" />
            <property name="repeatIteration" value="0" />
          </properties>
        </test-case>
        <test-case id="1421" name="ChipBodyClickReportsSelectionWithoutRemoval" fullname="NowNewControlsTests.ChipBodyClickReportsSelectionWithoutRemoval" methodname="ChipBodyClickReportsSelectionWithoutRemoval" classname="NowNewControlsTests" runstate="Runnable" seed="127981738" result="Passed" start-time="2026-07-03 16:39:57Z" end-time="2026-07-03 16:39:57Z" duration="0.000622" asserts="0">
          <properties>
            <property name="retryIteration" value="0" />
            <property name="repeatIteration" value="0" />
          </properties>
        </test-case>
        <test-case id="1419" name="ChipClickReportsSelection" fullname="NowNewControlsTests.ChipClickReportsSelection" methodname="ChipClickReportsSelection" classname="NowNewControlsTests" runstate="Runnable" seed="1730338031" result="Passed" start-time="2026-07-03 16:39:57Z" end-time="2026-07-03 16:39:57Z" duration="0.000379" asserts="0">
          <properties>
            <property name="retryIteration" value="0" />
            <property name="repeatIteration" value="0" />
          </properties>
        </test-case>
        <test-case id="1420" name="ChipRemoveClickReportsRemovedWithoutSelection" fullname="NowNewControlsTests.ChipRemoveClickReportsRemovedWithoutSelection" methodname="ChipRemoveClickReportsRemovedWithoutSelection" classname="NowNewControlsTests" runstate="Runnable" seed="1503035405" result="Passed" start-time="2026-07-03 16:39:57Z" end-time="2026-07-03 16:39:57Z" duration="0.000258" asserts="0">
          <properties>
            <property name="retryIteration" value="0" />
            <property name="repeatIteration" value="0" />
          </properties>
        </test-case>
        <test-case id="1432" name="ComboBoxClickOpensPopup" fullname="NowNewControlsTests.ComboBoxClickOpensPopup" methodname="ComboBoxClickOpensPopup" classname="NowNewControlsTests" runstate="Runnable" seed="103961608" result="Passed" start-time="2026-07-03 16:39:57Z" end-time="2026-07-03 16:39:57Z" duration="0.001744" asserts="0">
          <properties>
            <property name="retryIteration" value="0" />
            <property name="repeatIteration" value="0" />
          </properties>
        </test-case>
        <test-case id="1433" name="ComboBoxPopupItemClickAppliesSelectionNextFrame" fullname="NowNewControlsTests.ComboBoxPopupItemClickAppliesSelectionNextFrame" methodname="ComboBoxPopupItemClickAppliesSelectionNextFrame" classname="NowNewControlsTests" runstate="Runnable" seed="146993391" result="Passed" start-time="2026-07-03 16:39:57Z" end-time="2026-07-03 16:39:57Z" duration="0.001293" asserts="0">
          <properties>
            <property name="retryIteration" value="0" />
            <property name="repeatIteration" value="0" />
          </properties>
        </test-case>
        <test-case id="1434" name="DatePickerDayClickAppliesDatePreservingTimeOfDay" fullname="NowNewControlsTests.DatePickerDayClickAppliesDatePreservingTimeOfDay" methodname="DatePickerDayClickAppliesDatePreservingTimeOfDay" classname="NowNewControlsTests" runstate="Runnable" seed="1890933633" result="Passed" start-time="2026-07-03 16:39:57Z" end-time="2026-07-03 16:39:57Z" duration="0.005685" asserts="0">
          <properties>
            <property name="retryIteration" value="0" />
            <property name="repeatIteration" value="0" />
          </properties>
        </test-case>
        <test-case id="1437" name="DatePickerHeaderZoomSelectsMonth" fullname="NowNewControlsTests.DatePickerHeaderZoomSelectsMonth" methodname="DatePickerHeaderZoomSelectsMonth" classname="NowNewControlsTests" runstate="Runnable" seed="1045219145" result="Passed" start-time="2026-07-03 16:39:57Z" end-time="2026-07-03 16:39:57Z" duration="0.003466" asserts="0">
          <properties>
            <property name="retryIteration" value="0" />
            <property name="repeatIteration" value="0" />
          </properties>
        </test-case>
        <test-case id="1435" name="DatePickerMonthNavigationSelectsDayInPreviousMonth" fullname="NowNewControlsTests.DatePickerMonthNavigationSelectsDayInPreviousMonth" methodname="DatePickerMonthNavigationSelectsDayInPreviousMonth" classname="NowNewControlsTests" runstate="Runnable" seed="455631348" result="Passed" start-time="2026-07-03 16:39:57Z" end-time="2026-07-03 16:39:57Z" duration="0.002296" asserts="0">
          <properties>
            <property name="retryIteration" value="0" />
            <property name="repeatIteration" value="0" />
          </properties>
        </test-case>
        <test-case id="1443" name="DatePickerOpensAtDateTimeMaxValueWithoutThrowing" fullname="NowNewControlsTests.DatePickerOpensAtDateTimeMaxValueWithoutThrowing" methodname="DatePickerOpensAtDateTimeMaxValueWithoutThrowing" classname="NowNewControlsTests" runstate="Runnable" seed="963373462" result="Passed" start-time="2026-07-03 16:39:57Z" end-time="2026-07-03 16:39:57Z" duration="0.001856" asserts="0">
          <properties>
            <property name="retryIteration" value="0" />
            <property name="repeatIteration" value="0" />
          </properties>
        </test-case>
        <test-case id="1444" name="DatePickerOpensAtDateTimeMinValueWithoutThrowing" fullname="NowNewControlsTests.DatePickerOpensAtDateTimeMinValueWithoutThrowing" methodname="DatePickerOpensAtDateTimeMinValueWithoutThrowing" classname="NowNewControlsTests" runstate="Runnable" seed="1964715914" result="Passed" start-time="2026-07-03 16:39:57Z" end-time="2026-07-03 16:39:57Z" duration="0.001232" asserts="0">
          <properties>
            <property name="retryIteration" value="0" />
            <property name="repeatIteration" value="0" />
          </properties>
        </test-case>
        <test-case id="1436" name="DatePickerRangeIgnoresClicksOnDisabledDays" fullname="NowNewControlsTests.DatePickerRangeIgnoresClicksOnDisabledDays" methodname="DatePickerRangeIgnoresClicksOnDisabledDays" classname="NowNewControlsTests" runstate="Runnable" seed="1740428570" result="Passed" start-time="2026-07-03 16:39:57Z" end-time="2026-07-03 16:39:57Z" duration="0.001083" asserts="0">
          <properties>
            <property name="retryIteration" value="0" />
            <property name="repeatIteration" value="0" />
          </properties>
        </test-case>
        <test-case id="1438" name="DatePickerYearZoomSelectsYearAndMonth" fullname="NowNewControlsTests.DatePickerYearZoomSelectsYearAndMonth" methodname="DatePickerYearZoomSelectsYearAndMonth" classname="NowNewControlsTests" runstate="Runnable" seed="533732166" result="Passed" start-time="2026-07-03 16:39:57Z" end-time="2026-07-03 16:39:57Z" duration="0.003488" asserts="0">
          <properties>
            <property name="retryIteration" value="0" />
            <property name="repeatIteration" value="0" />
          </properties>
        </test-case>
        <test-case id="1417" name="ProgressBarIndeterminatePhaseIsDeterministicFromCallerTime" fullname="NowNewControlsTests.ProgressBarIndeterminatePhaseIsDeterministicFromCallerTime" methodname="ProgressBarIndeterminatePhaseIsDeterministicFromCallerTime" classname="NowNewControlsTests" runstate="Runnable" seed="1307887229" result="Passed" start-time="2026-07-03 16:39:57Z" end-time="2026-07-03 16:39:57Z" duration="0.001398" asserts="0">
          <properties>
            <property name="retryIteration" value="0" />
            <property name="repeatIteration" value="0" />
          </properties>
        </test-case>
        <test-case id="1427" name="SplitViewDividerDragChangesRatio" fullname="NowNewControlsTests.SplitViewDividerDragChangesRatio" methodname="SplitViewDividerDragChangesRatio" classname="NowNewControlsTests" runstate="Runnable" seed="744537447" result="Passed" start-time="2026-07-03 16:39:57Z" end-time="2026-07-03 16:39:57Z" duration="0.001352" asserts="0">
          <properties>
            <property name="retryIteration" value="0" />
            <property name="repeatIteration" value="0" />
          </properties>
        </test-case>
        <test-case id="1428" name="SplitViewDragClampsToMinPaneSizes" fullname="NowNewControlsTests.SplitViewDragClampsToMinPaneSizes" methodname="SplitViewDragClampsToMinPaneSizes" classname="NowNewControlsTests" runstate="Runnable" seed="1267057585" result="Passed" start-time="2026-07-03 16:39:57Z" end-time="2026-07-03 16:39:57Z" duration="0.000297" asserts="0">
          <properties>
            <property name="retryIteration" value="0" />
            <property name="repeatIteration" value="0" />
          </properties>
        </test-case>
        <test-case id="1442" name="SplitViewDragPreservesTheGrabOffset" fullname="NowNewControlsTests.SplitViewDragPreservesTheGrabOffset" methodname="SplitViewDragPreservesTheGrabOffset" classname="NowNewControlsTests" runstate="Runnable" seed="77858145" result="Passed" start-time="2026-07-03 16:39:57Z" end-time="2026-07-03 16:39:57Z" duration="0.000294" asserts="0">
          <properties>
            <property name="retryIteration" value="0" />
            <property name="repeatIteration" value="0" />
          </properties>
        </test-case>
        <test-case id="1415" name="SwitchClickTogglesValueAndReportsChangeOnce" fullname="NowNewControlsTests.SwitchClickTogglesValueAndReportsChangeOnce" methodname="SwitchClickTogglesValueAndReportsChangeOnce" classname="NowNewControlsTests" runstate="Runnable" seed="879323044" result="Passed" start-time="2026-07-03 16:39:57Z" end-time="2026-07-03 16:39:57Z" duration="0.000463" asserts="0">
          <properties>
            <property name="retryIteration" value="0" />
            <property name="repeatIteration" value="0" />
          </properties>
        </test-case>
        <test-case id="1416" name="SwitchSubmitWhileFocusedToggles" fullname="NowNewControlsTests.SwitchSubmitWhileFocusedToggles" methodname="SwitchSubmitWhileFocusedToggles" classname="NowNewControlsTests" runstate="Runnable" seed="1349560303" result="Passed" start-time="2026-07-03 16:39:57Z" end-time="2026-07-03 16:39:57Z" duration="0.000257" asserts="0">
          <properties>
            <property name="retryIteration" value="0" />
            <property name="repeatIteration" value="0" />
          </properties>
        </test-case>
        <test-case id="1426" name="TabBarClickSelectsSecondTab" fullname="NowNewControlsTests.TabBarClickSelectsSecondTab" methodname="TabBarClickSelectsSecondTab" classname="NowNewControlsTests" runstate="Runnable" seed="329143775" result="Passed" start-time="2026-07-03 16:39:57Z" end-time="2026-07-03 16:39:57Z" duration="0.000544" asserts="0">
          <properties>
            <property name="retryIteration" value="0" />
            <property name="repeatIteration" value="0" />
          </properties>
        </test-case>
        <test-case id="1425" name="TextFieldSpinnerClampsToRange" fullname="NowNewControlsTests.TextFieldSpinnerClampsToRange" methodname="TextFieldSpinnerClampsToRange" classname="NowNewControlsTests" runstate="Runnable" seed="582238412" result="Passed" start-time="2026-07-03 16:39:57Z" end-time="2026-07-03 16:39:57Z" duration="0.000455" asserts="0">
          <properties>
            <property name="retryIteration" value="0" />
            <property name="repeatIteration" value="0" />
          </properties>
        </test-case>
        <test-case id="1424" name="TextFieldSpinnerStepsValueByStep" fullname="NowNewControlsTests.TextFieldSpinnerStepsValueByStep" methodname="TextFieldSpinnerStepsValueByStep" classname="NowNewControlsTests" runstate="Runnable" seed="122501633" result="Passed" start-time="2026-07-03 16:39:57Z" end-time="2026-07-03 16:39:57Z" duration="0.000378" asserts="0">
          <properties>
            <property name="retryIteration" value="0" />
            <property name="repeatIteration" value="0" />
          </properties>
        </test-case>
        <test-case id="1440" name="TimePickerDialSelectsInnerRingHoursIn24HourMode" fullname="NowNewControlsTests.TimePickerDialSelectsInnerRingHoursIn24HourMode" methodname="TimePickerDialSelectsInnerRingHoursIn24HourMode" classname="NowNewControlsTests" runstate="Runnable" seed="2061405496" result="Passed" start-time="2026-07-03 16:39:57Z" end-time="2026-07-03 16:39:57Z" duration="0.005674" asserts="0">
          <properties>
            <property name="retryIteration" value="0" />
            <property name="repeatIteration" value="0" />
          </properties>
        </test-case>
        <test-case id="1439" name="TimePickerDialSetsHourThenAutoAdvancesToMinutes" fullname="NowNewControlsTests.TimePickerDialSetsHourThenAutoAdvancesToMinutes" methodname="TimePickerDialSetsHourThenAutoAdvancesToMinutes" classname="NowNewControlsTests" runstate="Runnable" seed="2039324700" result="Passed" start-time="2026-07-03 16:39:57Z" end-time="2026-07-03 16:39:57Z" duration="0.001734" asserts="0">
          <properties>
            <property name="retryIteration" value="0" />
            <property name="repeatIteration" value="0" />
          </properties>
        </test-case>
        <test-case id="1441" name="TimePickerEditsPreserveSecondsAndMilliseconds" fullname="NowNewControlsTests.TimePickerEditsPreserveSecondsAndMilliseconds" methodname="TimePickerEditsPreserveSecondsAndMilliseconds" classname="NowNewControlsTests" runstate="Runnable" seed="319252386" result="Passed" start-time="2026-07-03 16:39:57Z" end-time="2026-07-03 16:39:57Z" duration="0.000491" asserts="0">
          <properties>
            <property name="retryIteration" value="0" />
            <property name="repeatIteration" value="0" />
          </properties>
        </test-case>
        <test-case id="1422" name="TooltipAppearsOnlyAfterHoverDelay" fullname="NowNewControlsTests.TooltipAppearsOnlyAfterHoverDelay" methodname="TooltipAppearsOnlyAfterHoverDelay" classname="NowNewControlsTests" runstate="Runnable" seed="862427003" result="Passed" start-time="2026-07-03 16:39:57Z" end-time="2026-07-03 16:39:57Z" duration="0.002787" asserts="0">
          <properties>
            <property name="retryIteration" value="0" />
            <property name="repeatIteration" value="0" />
          </properties>
        </test-case>
        <test-case id="1423" name="TooltipHoverStateResetsWhenPointerLeaves" fullname="NowNewControlsTests.TooltipHoverStateResetsWhenPointerLeaves" methodname="TooltipHoverStateResetsWhenPointerLeaves" classname="NowNewControlsTests" runstate="Runnable" seed="427143343" result="Passed" start-time="2026-07-03 16:39:57Z" end-time="2026-07-03 16:39:57Z" duration="0.000604" asserts="0">
          <properties>
            <property name="retryIteration" value="0" />
            <property name="repeatIteration" value="0" />
          </properties>
        </test-case>
        <test-case id="1429" name="TreeViewCollapsedNodeHidesChildren" fullname="NowNewControlsTests.TreeViewCollapsedNodeHidesChildren" methodname="TreeViewCollapsedNodeHidesChildren" classname="NowNewControlsTests" runstate="Runnable" seed="670798608" result="Passed" start-time="2026-07-03 16:39:57Z" end-time="2026-07-03 16:39:57Z" duration="0.002349" asserts="0">
          <properties>
            <property name="retryIteration" value="0" />
            <property name="repeatIteration" value="0" />
          </properties>
        </test-case>
        <test-case id="1430" name="TreeViewDisclosureClickExpandsWithoutSelecting" fullname="NowNewControlsTests.TreeViewDisclosureClickExpandsWithoutSelecting" methodname="TreeViewDisclosureClickExpandsWithoutSelecting" classname="NowNewControlsTests" runstate="Runnable" seed="1931084085" result="Passed" start-time="2026-07-03 16:39:57Z" end-time="2026-07-03 16:39:57Z" duration="0.000809" asserts="0">
          <properties>
            <property name="retryIteration" value="0" />
            <property name="repeatIteration" value="0" />
          </properties>
        </test-case>
        <test-case id="1431" name="TreeViewLeafClickSelectsRow" fullname="NowNewControlsTests.TreeViewLeafClickSelectsRow" methodname="TreeViewLeafClickSelectsRow" classname="NowNewControlsTests" runstate="Runnable" seed="1703475712" result="Passed" start-time="2026-07-03 16:39:57Z" end-time="2026-07-03 16:39:57Z" duration="0.001458" asserts="0">
          <properties>
            <property name="retryIteration" value="0" />
            <property name="repeatIteration" value="0" />
          </properties>
        </test-case>
      </test-suite>
      <test-suite type="TestFixture" id="1445" name="NowNodeGraphTests" fullname="NowNodeGraphTests" classname="NowNodeGraphTests" runstate="Runnable" testcasecount="71" result="Passed" start-time="2026-07-03 16:39:57Z" end-time="2026-07-03 16:39:57Z" duration="0.073253" total="71" passed="71" failed="0" inconclusive="0" skipped="0" asserts="0">
        <properties />
        <test-case id="1446" name="AddsTypeCompatibleLink" fullname="NowNodeGraphTests.AddsTypeCompatibleLink" methodname="AddsTypeCompatibleLink" classname="NowNodeGraphTests" runstate="Runnable" seed="1298867114" result="Passed" start-time="2026-07-03 16:39:57Z" end-time="2026-07-03 16:39:57Z" duration="0.001143" asserts="0">
          <properties>
            <property name="retryIteration" value="0" />
            <property name="repeatIteration" value="0" />
          </properties>
        </test-case>
        <test-case id="1457" name="AlignmentSnapKeepsAuthoredNodeSize" fullname="NowNodeGraphTests.AlignmentSnapKeepsAuthoredNodeSize" methodname="AlignmentSnapKeepsAuthoredNodeSize" classname="NowNodeGraphTests" runstate="Runnable" seed="198476413" result="Passed" start-time="2026-07-03 16:39:57Z" end-time="2026-07-03 16:39:57Z" duration="0.000849" asserts="0">
          <properties>
            <property name="retryIteration" value="0" />
            <property name="repeatIteration" value="0" />
          </properties>
        </test-case>
        <test-case id="1501" name="ArrowKeyNudgeMovesSelectionAndCoalescesHistory" fullname="NowNodeGraphTests.ArrowKeyNudgeMovesSelectionAndCoalescesHistory" methodname="ArrowKeyNudgeMovesSelectionAndCoalescesHistory" classname="NowNodeGraphTests" runstate="Runnable" seed="64643883" result="Passed" start-time="2026-07-03 16:39:57Z" end-time="2026-07-03 16:39:57Z" duration="0.003528" asserts="0">
          <properties>
            <property name="retryIteration" value="0" />
            <property name="repeatIteration" value="0" />
          </properties>
        </test-case>
        <test-case id="1498" name="BackspaceDeletesSelectedNode" fullname="NowNodeGraphTests.BackspaceDeletesSelectedNode" methodname="BackspaceDeletesSelectedNode" classname="NowNodeGraphTests" runstate="Runnable" seed="1993328128" result="Passed" start-time="2026-07-03 16:39:57Z" end-time="2026-07-03 16:39:57Z" duration="0.000799" asserts="0">
          <properties>
            <property name="retryIteration" value="0" />
            <property name="repeatIteration" value="0" />
          </properties>
        </test-case>
        <test-case id="1478" name="CanvasDeleteKeyDeletesSelectedNodeWithoutHistory" fullname="NowNodeGraphTests.CanvasDeleteKeyDeletesSelectedNodeWithoutHistory" methodname="CanvasDeleteKeyDeletesSelectedNodeWithoutHistory" classname="NowNodeGraphTests" runstate="Runnable" seed="1320280447" result="Passed" start-time="2026-07-03 16:39:57Z" end-time="2026-07-03 16:39:57Z" duration="0.000543" asserts="0">
          <properties>
            <property name="retryIteration" value="0" />
            <property name="repeatIteration" value="0" />
          </properties>
        </test-case>
        <test-case id="1480" name="CanvasDeleteKeyDoesNotDeleteWhileOverlayIsOpen" fullname="NowNodeGraphTests.CanvasDeleteKeyDoesNotDeleteWhileOverlayIsOpen" methodname="CanvasDeleteKeyDoesNotDeleteWhileOverlayIsOpen" classname="NowNodeGraphTests" runstate="Runnable" seed="1503570559" result="Passed" start-time="2026-07-03 16:39:57Z" end-time="2026-07-03 16:39:57Z" duration="0.000664" asserts="0">
          <properties>
            <property name="retryIteration" value="0" />
            <property name="repeatIteration" value="0" />
          </properties>
        </test-case>
        <test-case id="1479" name="CanvasDeleteKeyRecordsHistory" fullname="NowNodeGraphTests.CanvasDeleteKeyRecordsHistory" methodname="CanvasDeleteKeyRecordsHistory" classname="NowNodeGraphTests" runstate="Runnable" seed="870725454" result="Passed" start-time="2026-07-03 16:39:57Z" end-time="2026-07-03 16:39:57Z" duration="0.000531" asserts="0">
          <properties>
            <property name="retryIteration" value="0" />
            <property name="repeatIteration" value="0" />
          </properties>
        </test-case>
        <test-case id="1454" name="CanvasDrawIsAllocationFreeAfterWarmup" fullname="NowNodeGraphTests.CanvasDrawIsAllocationFreeAfterWarmup" methodname="CanvasDrawIsAllocationFreeAfterWarmup" classname="NowNodeGraphTests" runstate="Runnable" seed="1978188315" result="Passed" start-time="2026-07-03 16:39:57Z" end-time="2026-07-03 16:39:57Z" duration="0.004649" asserts="0">
          <properties>
            <property name="retryIteration" value="0" />
            <property name="repeatIteration" value="0" />
          </properties>
        </test-case>
        <test-case id="1459" name="CanvasDrawsGeometry" fullname="NowNodeGraphTests.CanvasDrawsGeometry" methodname="CanvasDrawsGeometry" classname="NowNodeGraphTests" runstate="Runnable" seed="1445733681" result="Passed" start-time="2026-07-03 16:39:57Z" end-time="2026-07-03 16:39:57Z" duration="0.000236" asserts="0">
          <properties>
            <property name="retryIteration" value="0" />
            <property name="repeatIteration" value="0" />
          </properties>
        </test-case>
        <test-case id="1509" name="CanvasDrawsGradientLinkGeometry" fullname="NowNodeGraphTests.CanvasDrawsGradientLinkGeometry" methodname="CanvasDrawsGradientLinkGeometry" classname="NowNodeGraphTests" runstate="Runnable" seed="115229624" result="Passed" start-time="2026-07-03 16:39:57Z" end-time="2026-07-03 16:39:57Z" duration="0.001139" asserts="0">
          <properties>
            <property name="retryIteration" value="0" />
            <property name="repeatIteration" value="0" />
          </properties>
        </test-case>
        <test-case id="1483" name="CanvasDrawsOffsetLinkGeometry" fullname="NowNodeGraphTests.CanvasDrawsOffsetLinkGeometry" methodname="CanvasDrawsOffsetLinkGeometry" classname="NowNodeGraphTests" runstate="Runnable" seed="1324034880" result="Passed" start-time="2026-07-03 16:39:57Z" end-time="2026-07-03 16:39:57Z" duration="0.000311" asserts="0">
          <properties>
            <property name="retryIteration" value="0" />
            <property name="repeatIteration" value="0" />
          </properties>
        </test-case>
        <test-case id="1477" name="CanvasKeyboardUndoRedoUsesTextInputShortcuts" fullname="NowNodeGraphTests.CanvasKeyboardUndoRedoUsesTextInputShortcuts" methodname="CanvasKeyboardUndoRedoUsesTextInputShortcuts" classname="NowNodeGraphTests" runstate="Runnable" seed="2133511467" result="Passed" start-time="2026-07-03 16:39:57Z" end-time="2026-07-03 16:39:57Z" duration="0.001178" asserts="0">
          <properties>
            <property name="retryIteration" value="0" />
            <property name="repeatIteration" value="0" />
          </properties>
        </test-case>
        <test-case id="1476" name="CanvasNodeDragRecordsHistory" fullname="NowNodeGraphTests.CanvasNodeDragRecordsHistory" methodname="CanvasNodeDragRecordsHistory" classname="NowNodeGraphTests" runstate="Runnable" seed="596738219" result="Passed" start-time="2026-07-03 16:39:57Z" end-time="2026-07-03 16:39:57Z" duration="0.001466" asserts="0">
          <properties>
            <property name="retryIteration" value="0" />
            <property name="repeatIteration" value="0" />
          </properties>
        </test-case>
        <test-case id="1453" name="CanvasUsesSchemaRendererWithContentContext" fullname="NowNodeGraphTests.CanvasUsesSchemaRendererWithContentContext" methodname="CanvasUsesSchemaRendererWithContentContext" classname="NowNodeGraphTests" runstate="Runnable" seed="1590040846" result="Passed" start-time="2026-07-03 16:39:57Z" end-time="2026-07-03 16:39:57Z" duration="0.000445" asserts="0">
          <properties>
            <property name="retryIteration" value="0" />
            <property name="repeatIteration" value="0" />
          </properties>
        </test-case>
        <test-case id="1493" name="ClickingLinkSelectsItAndDeleteRemovesIt" fullname="NowNodeGraphTests.ClickingLinkSelectsItAndDeleteRemovesIt" methodname="ClickingLinkSelectsItAndDeleteRemovesIt" classname="NowNodeGraphTests" runstate="Runnable" seed="382875594" result="Passed" start-time="2026-07-03 16:39:57Z" end-time="2026-07-03 16:39:57Z" duration="0.002123" asserts="0">
          <properties>
            <property name="retryIteration" value="0" />
            <property name="repeatIteration" value="0" />
          </properties>
        </test-case>
        <test-case id="1507" name="CompactToggleStripsNodeToPorts" fullname="NowNodeGraphTests.CompactToggleStripsNodeToPorts" methodname="CompactToggleStripsNodeToPorts" classname="NowNodeGraphTests" runstate="Runnable" seed="1172761248" result="Passed" start-time="2026-07-03 16:39:57Z" end-time="2026-07-03 16:39:57Z" duration="0.000976" asserts="0">
          <properties>
            <property name="retryIteration" value="0" />
            <property name="repeatIteration" value="0" />
          </properties>
        </test-case>
        <test-case id="1471" name="ContentRectAvoidsPortLabelLane" fullname="NowNodeGraphTests.ContentRectAvoidsPortLabelLane" methodname="ContentRectAvoidsPortLabelLane" classname="NowNodeGraphTests" runstate="Runnable" seed="210323210" result="Passed" start-time="2026-07-03 16:39:57Z" end-time="2026-07-03 16:39:57Z" duration="0.000435" asserts="0">
          <properties>
            <property name="retryIteration" value="0" />
            <property name="repeatIteration" value="0" />
          </properties>
        </test-case>
        <test-case id="1472" name="ContentRowsStayInGraphSpaceWithCanvasZoom" fullname="NowNodeGraphTests.ContentRowsStayInGraphSpaceWithCanvasZoom" methodname="ContentRowsStayInGraphSpaceWithCanvasZoom" classname="NowNodeGraphTests" runstate="Runnable" seed="194208512" result="Passed" start-time="2026-07-03 16:39:57Z" end-time="2026-07-03 16:39:57Z" duration="0.000586" asserts="0">
          <properties>
            <property name="retryIteration" value="0" />
            <property name="repeatIteration" value="0" />
          </properties>
        </test-case>
        <test-case id="1481" name="ContextMenuCanOpenFromCanvas" fullname="NowNodeGraphTests.ContextMenuCanOpenFromCanvas" methodname="ContextMenuCanOpenFromCanvas" classname="NowNodeGraphTests" runstate="Runnable" seed="418824530" result="Passed" start-time="2026-07-03 16:39:57Z" end-time="2026-07-03 16:39:57Z" duration="0.001127" asserts="0">
          <properties>
            <property name="retryIteration" value="0" />
            <property name="repeatIteration" value="0" />
          </properties>
        </test-case>
        <test-case id="1482" name="ContextMenuCreatesSchemaNodesAtGraphPosition" fullname="NowNodeGraphTests.ContextMenuCreatesSchemaNodesAtGraphPosition" methodname="ContextMenuCreatesSchemaNodesAtGraphPosition" classname="NowNodeGraphTests" runstate="Runnable" seed="1886496892" result="Passed" start-time="2026-07-03 16:39:57Z" end-time="2026-07-03 16:39:57Z" duration="0.001056" asserts="0">
          <properties>
            <property name="retryIteration" value="0" />
            <property name="repeatIteration" value="0" />
          </properties>
        </test-case>
        <test-case id="1487" name="CopyPasteShortcutsCloneSelectionWithLinks" fullname="NowNodeGraphTests.CopyPasteShortcutsCloneSelectionWithLinks" methodname="CopyPasteShortcutsCloneSelectionWithLinks" classname="NowNodeGraphTests" runstate="Runnable" seed="1726451843" result="Passed" start-time="2026-07-03 16:39:57Z" end-time="2026-07-03 16:39:57Z" duration="0.002207" asserts="0">
          <properties>
            <property name="retryIteration" value="0" />
            <property name="repeatIteration" value="0" />
          </properties>
        </test-case>
        <test-case id="1450" name="CustomCompatibilityControlsConnections" fullname="NowNodeGraphTests.CustomCompatibilityControlsConnections" methodname="CustomCompatibilityControlsConnections" classname="NowNodeGraphTests" runstate="Runnable" seed="604372105" result="Passed" start-time="2026-07-03 16:39:57Z" end-time="2026-07-03 16:39:57Z" duration="0.000330" asserts="0">
          <properties>
            <property name="retryIteration" value="0" />
            <property name="repeatIteration" value="0" />
          </properties>
        </test-case>
        <test-case id="1455" name="CustomRendererReceivesFrameworkDrawCalls" fullname="NowNodeGraphTests.CustomRendererReceivesFrameworkDrawCalls" methodname="CustomRendererReceivesFrameworkDrawCalls" classname="NowNodeGraphTests" runstate="Runnable" seed="664286701" result="Passed" start-time="2026-07-03 16:39:57Z" end-time="2026-07-03 16:39:57Z" duration="0.000346" asserts="0">
          <properties>
            <property name="retryIteration" value="0" />
            <property name="repeatIteration" value="0" />
          </properties>
        </test-case>
        <test-case id="1488" name="CutShortcutRemovesNodesAndPasteRestoresCopies" fullname="NowNodeGraphTests.CutShortcutRemovesNodesAndPasteRestoresCopies" methodname="CutShortcutRemovesNodesAndPasteRestoresCopies" classname="NowNodeGraphTests" runstate="Runnable" seed="312332046" result="Passed" start-time="2026-07-03 16:39:57Z" end-time="2026-07-03 16:39:57Z" duration="0.000905" asserts="0">
          <properties>
            <property name="retryIteration" value="0" />
            <property name="repeatIteration" value="0" />
          </properties>
        </test-case>
        <test-case id="1467" name="DraggingNodeDrawsSnapGuide" fullname="NowNodeGraphTests.DraggingNodeDrawsSnapGuide" methodname="DraggingNodeDrawsSnapGuide" classname="NowNodeGraphTests" runstate="Runnable" seed="1536974543" result="Passed" start-time="2026-07-03 16:39:57Z" end-time="2026-07-03 16:39:57Z" duration="0.002487" asserts="0">
          <properties>
            <property name="retryIteration" value="0" />
            <property name="repeatIteration" value="0" />
          </properties>
        </test-case>
        <test-case id="1462" name="DraggingNodeGridSnapUsesGraphUnitsWithZoom" fullname="NowNodeGraphTests.DraggingNodeGridSnapUsesGraphUnitsWithZoom" methodname="DraggingNodeGridSnapUsesGraphUnitsWithZoom" classname="NowNodeGraphTests" runstate="Runnable" seed="94213807" result="Passed" start-time="2026-07-03 16:39:57Z" end-time="2026-07-03 16:39:57Z" duration="0.001042" asserts="0">
          <properties>
            <property name="retryIteration" value="0" />
            <property name="repeatIteration" value="0" />
          </properties>
        </test-case>
        <test-case id="1466" name="DraggingNodeIgnoresFarAwayAlignment" fullname="NowNodeGraphTests.DraggingNodeIgnoresFarAwayAlignment" methodname="DraggingNodeIgnoresFarAwayAlignment" classname="NowNodeGraphTests" runstate="Runnable" seed="1178734644" result="Passed" start-time="2026-07-03 16:39:57Z" end-time="2026-07-03 16:39:57Z" duration="0.000782" asserts="0">
          <properties>
            <property name="retryIteration" value="0" />
            <property name="repeatIteration" value="0" />
          </properties>
        </test-case>
        <test-case id="1460" name="DraggingNodeMovesPosition" fullname="NowNodeGraphTests.DraggingNodeMovesPosition" methodname="DraggingNodeMovesPosition" classname="NowNodeGraphTests" runstate="Runnable" seed="677627963" result="Passed" start-time="2026-07-03 16:39:57Z" end-time="2026-07-03 16:39:57Z" duration="0.000947" asserts="0">
          <properties>
            <property name="retryIteration" value="0" />
            <property name="repeatIteration" value="0" />
          </properties>
        </test-case>
        <test-case id="1464" name="DraggingNodeReleasesSnapWhenPointerMovesPastThreshold" fullname="NowNodeGraphTests.DraggingNodeReleasesSnapWhenPointerMovesPastThreshold" methodname="DraggingNodeReleasesSnapWhenPointerMovesPastThreshold" classname="NowNodeGraphTests" runstate="Runnable" seed="1076626840" result="Passed" start-time="2026-07-03 16:39:57Z" end-time="2026-07-03 16:39:57Z" duration="0.003485" asserts="0">
          <properties>
            <property name="retryIteration" value="0" />
            <property name="repeatIteration" value="0" />
          </properties>
        </test-case>
        <test-case id="1465" name="DraggingNodeSnapReleaseUsesGraphDistanceWithZoom" fullname="NowNodeGraphTests.DraggingNodeSnapReleaseUsesGraphDistanceWithZoom" methodname="DraggingNodeSnapReleaseUsesGraphDistanceWithZoom" classname="NowNodeGraphTests" runstate="Runnable" seed="1675209496" result="Passed" start-time="2026-07-03 16:39:57Z" end-time="2026-07-03 16:39:57Z" duration="0.001756" asserts="0">
          <properties>
            <property name="retryIteration" value="0" />
            <property name="repeatIteration" value="0" />
          </properties>
        </test-case>
        <test-case id="1461" name="DraggingNodeSnapsToGridByDefault" fullname="NowNodeGraphTests.DraggingNodeSnapsToGridByDefault" methodname="DraggingNodeSnapsToGridByDefault" classname="NowNodeGraphTests" runstate="Runnable" seed="1157208553" result="Passed" start-time="2026-07-03 16:39:57Z" end-time="2026-07-03 16:39:57Z" duration="0.000478" asserts="0">
          <properties>
            <property name="retryIteration" value="0" />
            <property name="repeatIteration" value="0" />
          </properties>
        </test-case>
        <test-case id="1463" name="DraggingNodeSnapsToNearbyNodeAlignment" fullname="NowNodeGraphTests.DraggingNodeSnapsToNearbyNodeAlignment" methodname="DraggingNodeSnapsToNearbyNodeAlignment" classname="NowNodeGraphTests" runstate="Runnable" seed="927321625" result="Passed" start-time="2026-07-03 16:39:57Z" end-time="2026-07-03 16:39:57Z" duration="0.000755" asserts="0">
          <properties>
            <property name="retryIteration" value="0" />
            <property name="repeatIteration" value="0" />
          </properties>
        </test-case>
        <test-case id="1470" name="DraggingOutputToInputCreatesLink" fullname="NowNodeGraphTests.DraggingOutputToInputCreatesLink" methodname="DraggingOutputToInputCreatesLink" classname="NowNodeGraphTests" runstate="Runnable" seed="1574667092" result="Passed" start-time="2026-07-03 16:39:57Z" end-time="2026-07-03 16:39:57Z" duration="0.001818" asserts="0">
          <properties>
            <property name="retryIteration" value="0" />
            <property name="repeatIteration" value="0" />
          </properties>
        </test-case>
        <test-case id="1469" name="DraggingSelectedNodesSnapsSelectionBounds" fullname="NowNodeGraphTests.DraggingSelectedNodesSnapsSelectionBounds" methodname="DraggingSelectedNodesSnapsSelectionBounds" classname="NowNodeGraphTests" runstate="Runnable" seed="1303254858" result="Passed" start-time="2026-07-03 16:39:57Z" end-time="2026-07-03 16:39:57Z" duration="0.000809" asserts="0">
          <properties>
            <property name="retryIteration" value="0" />
            <property name="repeatIteration" value="0" />
          </properties>
        </test-case>
        <test-case id="1474" name="DragSelectSelectsOverlappingNodes" fullname="NowNodeGraphTests.DragSelectSelectsOverlappingNodes" methodname="DragSelectSelectsOverlappingNodes" classname="NowNodeGraphTests" runstate="Runnable" seed="1474184506" result="Passed" start-time="2026-07-03 16:39:57Z" end-time="2026-07-03 16:39:57Z" duration="0.000582" asserts="0">
          <properties>
            <property name="retryIteration" value="0" />
            <property name="repeatIteration" value="0" />
          </properties>
        </test-case>
        <test-case id="1502" name="DragWireToEmptyOpensConnectionSearchAndAutoWires" fullname="NowNodeGraphTests.DragWireToEmptyOpensConnectionSearchAndAutoWires" methodname="DragWireToEmptyOpensConnectionSearchAndAutoWires" classname="NowNodeGraphTests" runstate="Runnable" seed="1948769696" result="Passed" start-time="2026-07-03 16:39:57Z" end-time="2026-07-03 16:39:57Z" duration="0.003521" asserts="0">
          <properties>
            <property name="retryIteration" value="0" />
            <property name="repeatIteration" value="0" />
          </properties>
        </test-case>
        <test-case id="1485" name="DroppingPickedLinkOutsideUnplugsIt" fullname="NowNodeGraphTests.DroppingPickedLinkOutsideUnplugsIt" methodname="DroppingPickedLinkOutsideUnplugsIt" classname="NowNodeGraphTests" runstate="Runnable" seed="425706594" result="Passed" start-time="2026-07-03 16:39:57Z" end-time="2026-07-03 16:39:57Z" duration="0.000958" asserts="0">
          <properties>
            <property name="retryIteration" value="0" />
            <property name="repeatIteration" value="0" />
          </properties>
        </test-case>
        <test-case id="1489" name="DuplicateShortcutOffsetsCopyAndSelectsIt" fullname="NowNodeGraphTests.DuplicateShortcutOffsetsCopyAndSelectsIt" methodname="DuplicateShortcutOffsetsCopyAndSelectsIt" classname="NowNodeGraphTests" runstate="Runnable" seed="337230615" result="Passed" start-time="2026-07-03 16:39:57Z" end-time="2026-07-03 16:39:57Z" duration="0.000763" asserts="0">
          <properties>
            <property name="retryIteration" value="0" />
            <property name="repeatIteration" value="0" />
          </properties>
        </test-case>
        <test-case id="1449" name="EnforcesOutputConnectionLimit" fullname="NowNodeGraphTests.EnforcesOutputConnectionLimit" methodname="EnforcesOutputConnectionLimit" classname="NowNodeGraphTests" runstate="Runnable" seed="1320461729" result="Passed" start-time="2026-07-03 16:39:57Z" end-time="2026-07-03 16:39:57Z" duration="0.000291" asserts="0">
          <properties>
            <property name="retryIteration" value="0" />
            <property name="repeatIteration" value="0" />
          </properties>
        </test-case>
        <test-case id="1491" name="EscapeCancelsPickedLinkDrag" fullname="NowNodeGraphTests.EscapeCancelsPickedLinkDrag" methodname="EscapeCancelsPickedLinkDrag" classname="NowNodeGraphTests" runstate="Runnable" seed="932196487" result="Passed" start-time="2026-07-03 16:39:57Z" end-time="2026-07-03 16:39:57Z" duration="0.000854" asserts="0">
          <properties>
            <property name="retryIteration" value="0" />
            <property name="repeatIteration" value="0" />
          </properties>
        </test-case>
        <test-case id="1513" name="EvaluatorBreaksCyclesWithFallback" fullname="NowNodeGraphTests.EvaluatorBreaksCyclesWithFallback" methodname="EvaluatorBreaksCyclesWithFallback" classname="NowNodeGraphTests" runstate="Runnable" seed="1897002362" result="Passed" start-time="2026-07-03 16:39:57Z" end-time="2026-07-03 16:39:57Z" duration="0.003360" asserts="0">
          <properties>
            <property name="retryIteration" value="0" />
            <property name="repeatIteration" value="0" />
          </properties>
        </test-case>
        <test-case id="1511" name="EvaluatorComputesConnectedGraph" fullname="NowNodeGraphTests.EvaluatorComputesConnectedGraph" methodname="EvaluatorComputesConnectedGraph" classname="NowNodeGraphTests" runstate="Runnable" seed="302186009" result="Passed" start-time="2026-07-03 16:39:57Z" end-time="2026-07-03 16:39:57Z" duration="0.000338" asserts="0">
          <properties>
            <property name="retryIteration" value="0" />
            <property name="repeatIteration" value="0" />
          </properties>
        </test-case>
        <test-case id="1515" name="EvaluatorEvaluatesRequestedOutputPort" fullname="NowNodeGraphTests.EvaluatorEvaluatesRequestedOutputPort" methodname="EvaluatorEvaluatesRequestedOutputPort" classname="NowNodeGraphTests" runstate="Runnable" seed="1146377217" result="Passed" start-time="2026-07-03 16:39:57Z" end-time="2026-07-03 16:39:57Z" duration="0.000309" asserts="0">
          <properties>
            <property name="retryIteration" value="0" />
            <property name="repeatIteration" value="0" />
          </properties>
        </test-case>
        <test-case id="1512" name="EvaluatorFallsBackForUnconnectedInputs" fullname="NowNodeGraphTests.EvaluatorFallsBackForUnconnectedInputs" methodname="EvaluatorFallsBackForUnconnectedInputs" classname="NowNodeGraphTests" runstate="Runnable" seed="1712120344" result="Passed" start-time="2026-07-03 16:39:57Z" end-time="2026-07-03 16:39:57Z" duration="0.000244" asserts="0">
          <properties>
            <property name="retryIteration" value="0" />
            <property name="repeatIteration" value="0" />
          </properties>
        </test-case>
        <test-case id="1514" name="EvaluatorMemoizesSharedUpstreamNodesPerCall" fullname="NowNodeGraphTests.EvaluatorMemoizesSharedUpstreamNodesPerCall" methodname="EvaluatorMemoizesSharedUpstreamNodesPerCall" classname="NowNodeGraphTests" runstate="Runnable" seed="2090392935" result="Passed" start-time="2026-07-03 16:39:57Z" end-time="2026-07-03 16:39:57Z" duration="0.000305" asserts="0">
          <properties>
            <property name="retryIteration" value="0" />
            <property name="repeatIteration" value="0" />
          </properties>
        </test-case>
        <test-case id="1516" name="EvaluatorTryEvaluateReportsMissingHandlersAndNodes" fullname="NowNodeGraphTests.EvaluatorTryEvaluateReportsMissingHandlersAndNodes" methodname="EvaluatorTryEvaluateReportsMissingHandlersAndNodes" classname="NowNodeGraphTests" runstate="Runnable" seed="1701564545" result="Passed" start-time="2026-07-03 16:39:57Z" end-time="2026-07-03 16:39:57Z" duration="0.000371" asserts="0">
          <properties>
            <property name="retryIteration" value="0" />
            <property name="repeatIteration" value="0" />
          </properties>
        </test-case>
        <test-case id="1510" name="FindsInputLinkFeedingPort" fullname="NowNodeGraphTests.FindsInputLinkFeedingPort" methodname="FindsInputLinkFeedingPort" classname="NowNodeGraphTests" runstate="Runnable" seed="1762831931" result="Passed" start-time="2026-07-03 16:39:57Z" end-time="2026-07-03 16:39:57Z" duration="0.000175" asserts="0">
          <properties>
            <property name="retryIteration" value="0" />
            <property name="repeatIteration" value="0" />
          </properties>
        </test-case>
        <test-case id="1492" name="FrameShortcutCentersView" fullname="NowNodeGraphTests.FrameShortcutCentersView" methodname="FrameShortcutCentersView" classname="NowNodeGraphTests" runstate="Runnable" seed="1959625977" result="Passed" start-time="2026-07-03 16:39:57Z" end-time="2026-07-03 16:39:57Z" duration="0.000933" asserts="0">
          <properties>
            <property name="retryIteration" value="0" />
            <property name="repeatIteration" value="0" />
          </properties>
        </test-case>
        <test-case id="1456" name="GridSnapRoundsNodeSizeToGrid" fullname="NowNodeGraphTests.GridSnapRoundsNodeSizeToGrid" methodname="GridSnapRoundsNodeSizeToGrid" classname="NowNodeGraphTests" runstate="Runnable" seed="1357511331" result="Passed" start-time="2026-07-03 16:39:57Z" end-time="2026-07-03 16:39:57Z" duration="0.000200" asserts="0">
          <properties>
            <property name="retryIteration" value="0" />
            <property name="repeatIteration" value="0" />
          </properties>
        </test-case>
        <test-case id="1475" name="HistoryRestoresNodeMovement" fullname="NowNodeGraphTests.HistoryRestoresNodeMovement" methodname="HistoryRestoresNodeMovement" classname="NowNodeGraphTests" runstate="Runnable" seed="1341029657" result="Passed" start-time="2026-07-03 16:39:57Z" end-time="2026-07-03 16:39:57Z" duration="0.000238" asserts="0">
          <properties>
            <property name="retryIteration" value="0" />
            <property name="repeatIteration" value="0" />
          </properties>
        </test-case>
        <test-case id="1468" name="HoldingOptionWhileDraggingBypassesNodeSnapping" fullname="NowNodeGraphTests.HoldingOptionWhileDraggingBypassesNodeSnapping" methodname="HoldingOptionWhileDraggingBypassesNodeSnapping" classname="NowNodeGraphTests" runstate="Runnable" seed="150565745" result="Passed" start-time="2026-07-03 16:39:57Z" end-time="2026-07-03 16:39:57Z" duration="0.000489" asserts="0">
          <properties>
            <property name="retryIteration" value="0" />
            <property name="repeatIteration" value="0" />
          </properties>
        </test-case>
        <test-case id="1503" name="LinkReleaseSnapsToNearbyCompatiblePort" fullname="NowNodeGraphTests.LinkReleaseSnapsToNearbyCompatiblePort" methodname="LinkReleaseSnapsToNearbyCompatiblePort" classname="NowNodeGraphTests" runstate="Runnable" seed="981688139" result="Passed" start-time="2026-07-03 16:39:57Z" end-time="2026-07-03 16:39:57Z" duration="0.000577" asserts="0">
          <properties>
            <property name="retryIteration" value="0" />
            <property name="repeatIteration" value="0" />
          </properties>
        </test-case>
        <test-case id="1500" name="MarqueeCommandSubtractsFromSelection" fullname="NowNodeGraphTests.MarqueeCommandSubtractsFromSelection" methodname="MarqueeCommandSubtractsFromSelection" classname="NowNodeGraphTests" runstate="Runnable" seed="1658846661" result="Passed" start-time="2026-07-03 16:39:57Z" end-time="2026-07-03 16:39:57Z" duration="0.000855" asserts="0">
          <properties>
            <property name="retryIteration" value="0" />
            <property name="repeatIteration" value="0" />
          </properties>
        </test-case>
        <test-case id="1499" name="MarqueeShiftAddsToSelection" fullname="NowNodeGraphTests.MarqueeShiftAddsToSelection" methodname="MarqueeShiftAddsToSelection" classname="NowNodeGraphTests" runstate="Runnable" seed="1883174241" result="Passed" start-time="2026-07-03 16:39:57Z" end-time="2026-07-03 16:39:57Z" duration="0.000722" asserts="0">
          <properties>
            <property name="retryIteration" value="0" />
            <property name="repeatIteration" value="0" />
          </properties>
        </test-case>
        <test-case id="1473" name="NodeBodyControlsReceivePointerInput" fullname="NowNodeGraphTests.NodeBodyControlsReceivePointerInput" methodname="NodeBodyControlsReceivePointerInput" classname="NowNodeGraphTests" runstate="Runnable" seed="1206250083" result="Passed" start-time="2026-07-03 16:39:57Z" end-time="2026-07-03 16:39:57Z" duration="0.001273" asserts="0">
          <properties>
            <property name="retryIteration" value="0" />
            <property name="repeatIteration" value="0" />
          </properties>
        </test-case>
        <test-case id="1505" name="PanWithPrimaryDragReplacesMarquee" fullname="NowNodeGraphTests.PanWithPrimaryDragReplacesMarquee" methodname="PanWithPrimaryDragReplacesMarquee" classname="NowNodeGraphTests" runstate="Runnable" seed="484480193" result="Passed" start-time="2026-07-03 16:39:57Z" end-time="2026-07-03 16:39:57Z" duration="0.000557" asserts="0">
          <properties>
            <property name="retryIteration" value="0" />
            <property name="repeatIteration" value="0" />
          </properties>
        </test-case>
        <test-case id="1484" name="PickingUpOccupiedInputLinkRewiresIt" fullname="NowNodeGraphTests.PickingUpOccupiedInputLinkRewiresIt" methodname="PickingUpOccupiedInputLinkRewiresIt" classname="NowNodeGraphTests" runstate="Runnable" seed="1162401329" result="Passed" start-time="2026-07-03 16:39:57Z" end-time="2026-07-03 16:39:57Z" duration="0.001083" asserts="0">
          <properties>
            <property name="retryIteration" value="0" />
            <property name="repeatIteration" value="0" />
          </properties>
        </test-case>
        <test-case id="1494" name="PortContextsReportConnectivity" fullname="NowNodeGraphTests.PortContextsReportConnectivity" methodname="PortContextsReportConnectivity" classname="NowNodeGraphTests" runstate="Runnable" seed="1955500891" result="Passed" start-time="2026-07-03 16:39:57Z" end-time="2026-07-03 16:39:57Z" duration="0.000203" asserts="0">
          <properties>
            <property name="retryIteration" value="0" />
            <property name="repeatIteration" value="0" />
          </properties>
        </test-case>
        <test-case id="1506" name="PreviewExpandsNodeBelowBody" fullname="NowNodeGraphTests.PreviewExpandsNodeBelowBody" methodname="PreviewExpandsNodeBelowBody" classname="NowNodeGraphTests" runstate="Runnable" seed="951017861" result="Passed" start-time="2026-07-03 16:39:57Z" end-time="2026-07-03 16:39:57Z" duration="0.000323" asserts="0">
          <properties>
            <property name="retryIteration" value="0" />
            <property name="repeatIteration" value="0" />
          </properties>
        </test-case>
        <test-case id="1447" name="RejectsMismatchedPortTypes" fullname="NowNodeGraphTests.RejectsMismatchedPortTypes" methodname="RejectsMismatchedPortTypes" classname="NowNodeGraphTests" runstate="Runnable" seed="1284074191" result="Passed" start-time="2026-07-03 16:39:57Z" end-time="2026-07-03 16:39:57Z" duration="0.000186" asserts="0">
          <properties>
            <property name="retryIteration" value="0" />
            <property name="repeatIteration" value="0" />
          </properties>
        </test-case>
        <test-case id="1448" name="ReplacesSingleInputLink" fullname="NowNodeGraphTests.ReplacesSingleInputLink" methodname="ReplacesSingleInputLink" classname="NowNodeGraphTests" runstate="Runnable" seed="1276384057" result="Passed" start-time="2026-07-03 16:39:57Z" end-time="2026-07-03 16:39:57Z" duration="0.000212" asserts="0">
          <properties>
            <property name="retryIteration" value="0" />
            <property name="repeatIteration" value="0" />
          </properties>
        </test-case>
        <test-case id="1486" name="ReplugToSamePortKeepsLinkWithoutHistory" fullname="NowNodeGraphTests.ReplugToSamePortKeepsLinkWithoutHistory" methodname="ReplugToSamePortKeepsLinkWithoutHistory" classname="NowNodeGraphTests" runstate="Runnable" seed="1238835237" result="Passed" start-time="2026-07-03 16:39:57Z" end-time="2026-07-03 16:39:57Z" duration="0.000894" asserts="0">
          <properties>
            <property name="retryIteration" value="0" />
            <property name="repeatIteration" value="0" />
          </properties>
        </test-case>
        <test-case id="1495" name="RerouteNodesArePillsAndForwardValues" fullname="NowNodeGraphTests.RerouteNodesArePillsAndForwardValues" methodname="RerouteNodesArePillsAndForwardValues" classname="NowNodeGraphTests" runstate="Runnable" seed="271045308" result="Passed" start-time="2026-07-03 16:39:57Z" end-time="2026-07-03 16:39:57Z" duration="0.000564" asserts="0">
          <properties>
            <property name="retryIteration" value="0" />
            <property name="repeatIteration" value="0" />
          </properties>
        </test-case>
        <test-case id="1504" name="RightDragPansWithoutOpeningMenu" fullname="NowNodeGraphTests.RightDragPansWithoutOpeningMenu" methodname="RightDragPansWithoutOpeningMenu" classname="NowNodeGraphTests" runstate="Runnable" seed="832771040" result="Passed" start-time="2026-07-03 16:39:57Z" end-time="2026-07-03 16:39:57Z" duration="0.000561" asserts="0">
          <properties>
            <property name="retryIteration" value="0" />
            <property name="repeatIteration" value="0" />
          </properties>
        </test-case>
        <test-case id="1452" name="SchemaConnectionRulesCanBridgeDifferentTypes" fullname="NowNodeGraphTests.SchemaConnectionRulesCanBridgeDifferentTypes" methodname="SchemaConnectionRulesCanBridgeDifferentTypes" classname="NowNodeGraphTests" runstate="Runnable" seed="1265089488" result="Passed" start-time="2026-07-03 16:39:57Z" end-time="2026-07-03 16:39:57Z" duration="0.000219" asserts="0">
          <properties>
            <property name="retryIteration" value="0" />
            <property name="repeatIteration" value="0" />
          </properties>
        </test-case>
        <test-case id="1451" name="SchemaCreatesNodeDefinitionsWithIntegerIds" fullname="NowNodeGraphTests.SchemaCreatesNodeDefinitionsWithIntegerIds" methodname="SchemaCreatesNodeDefinitionsWithIntegerIds" classname="NowNodeGraphTests" runstate="Runnable" seed="2090646873" result="Passed" start-time="2026-07-03 16:39:57Z" end-time="2026-07-03 16:39:57Z" duration="0.000389" asserts="0">
          <properties>
            <property name="retryIteration" value="0" />
            <property name="repeatIteration" value="0" />
          </properties>
        </test-case>
        <test-case id="1490" name="SelectAllShortcutSelectsEveryNode" fullname="NowNodeGraphTests.SelectAllShortcutSelectsEveryNode" methodname="SelectAllShortcutSelectsEveryNode" classname="NowNodeGraphTests" runstate="Runnable" seed="1859439493" result="Passed" start-time="2026-07-03 16:39:57Z" end-time="2026-07-03 16:39:57Z" duration="0.000653" asserts="0">
          <properties>
            <property name="retryIteration" value="0" />
            <property name="repeatIteration" value="0" />
          </properties>
        </test-case>
        <test-case id="1496" name="SpaceOpensNodeSearchAndEnterCreatesNode" fullname="NowNodeGraphTests.SpaceOpensNodeSearchAndEnterCreatesNode" methodname="SpaceOpensNodeSearchAndEnterCreatesNode" classname="NowNodeGraphTests" runstate="Runnable" seed="1381950089" result="Passed" start-time="2026-07-03 16:39:57Z" end-time="2026-07-03 16:39:57Z" duration="0.000969" asserts="0">
          <properties>
            <property name="retryIteration" value="0" />
            <property name="repeatIteration" value="0" />
          </properties>
        </test-case>
        <test-case id="1497" name="SpaceOpensSearchWithoutImmediatelyCreatingNode" fullname="NowNodeGraphTests.SpaceOpensSearchWithoutImmediatelyCreatingNode" methodname="SpaceOpensSearchWithoutImmediatelyCreatingNode" classname="NowNodeGraphTests" runstate="Runnable" seed="301540658" result="Passed" start-time="2026-07-03 16:39:57Z" end-time="2026-07-03 16:39:57Z" duration="0.001449" asserts="0">
          <properties>
            <property name="retryIteration" value="0" />
            <property name="repeatIteration" value="0" />
          </properties>
        </test-case>
        <test-case id="1508" name="TypeColorsDriveLinkGradients" fullname="NowNodeGraphTests.TypeColorsDriveLinkGradients" methodname="TypeColorsDriveLinkGradients" classname="NowNodeGraphTests" runstate="Runnable" seed="1587234610" result="Passed" start-time="2026-07-03 16:39:57Z" end-time="2026-07-03 16:39:57Z" duration="0.000574" asserts="0">
          <properties>
            <property name="retryIteration" value="0" />
            <property name="repeatIteration" value="0" />
          </properties>
        </test-case>
        <test-case id="1458" name="ViewProvidesRendererToCanvas" fullname="NowNodeGraphTests.ViewProvidesRendererToCanvas" methodname="ViewProvidesRendererToCanvas" classname="NowNodeGraphTests" runstate="Runnable" seed="1711603221" result="Passed" start-time="2026-07-03 16:39:57Z" end-time="2026-07-03 16:39:57Z" duration="0.000410" asserts="0">
          <properties>
            <property name="retryIteration" value="0" />
            <property name="repeatIteration" value="0" />
          </properties>
        </test-case>
      </test-suite>
      <test-suite type="TestFixture" id="1517" name="NowPerformanceTests" fullname="NowPerformanceTests" classname="NowPerformanceTests" runstate="Runnable" testcasecount="23" result="Passed" start-time="2026-07-03 16:39:57Z" end-time="2026-07-03 16:40:00Z" duration="3.307623" total="23" passed="23" failed="0" inconclusive="0" skipped="0" asserts="0">
        <properties />
        <test-case id="1525" name="ActualDocsGlassDemoGraphicRebuild" fullname="NowPerformanceTests.ActualDocsGlassDemoGraphicRebuild" methodname="ActualDocsGlassDemoGraphicRebuild" classname="NowPerformanceTests" runstate="Runnable" seed="923829021" result="Passed" start-time="2026-07-03 16:39:57Z" end-time="2026-07-03 16:39:57Z" duration="0.304380" asserts="0">
          <properties>
            <property name="Category" value="Performance" />
            <property name="retryIteration" value="0" />
            <property name="repeatIteration" value="0" />
          </properties>
          <output><![CDATA[Time in Milliseconds
Min:		0.76 ms
Median:		0.77 ms
Max:		0.83 ms
Avg:		0.78 ms
StdDev:		0.02 ms
SampleCount:	20
Sum:		15.63 ms
First samples:	█▂▆▁▂▂▂▂▁▁▁█▂▃▃▂▁▇▃▁
Histogram:	█▄▂▁▂


##performancetestresult2:{"Name":"NowPerformanceTests.ActualDocsGlassDemoGraphicRebuild","ClassName":"NowPerformanceTests","MethodName":"ActualDocsGlassDemoGraphicRebuild","Version":"1","Categories":["Performance"],"SampleGroups":[{"Name":"Time","Unit":2,"IncreaseIsBetter":false,"Samples":[0.832099999999997,0.7757000000000005,0.8153000000000077,0.7639999999999958,0.7746999999999957,0.7688999999999879,0.7764000000000095,0.768100000000004,0.7652999999999963,0.7609000000000066,0.7626999999999953,0.8345999999999947,0.7731999999999886,0.7796000000000021,0.7768000000000086,0.7742000000000076,0.7642000000000024,0.8245999999999896,0.7827000000000055,0.7606999999999999],"Min":0.7606999999999999,"Max":0.8345999999999947,"Median":0.7744500000000016,"Average":0.7817349999999997,"StandardDeviation":0.023506239065404528,"Sum":15.634699999999996}]}
]]></output>
        </test-case>
        <test-case id="1524" name="ActualDocsOverviewGraphicRebuild" fullname="NowPerformanceTests.ActualDocsOverviewGraphicRebuild" methodname="ActualDocsOverviewGraphicRebuild" classname="NowPerformanceTests" runstate="Runnable" seed="1635833765" result="Passed" start-time="2026-07-03 16:39:57Z" end-time="2026-07-03 16:39:57Z" duration="0.241570" asserts="0">
          <properties>
            <property name="Category" value="Performance" />
            <property name="retryIteration" value="0" />
            <property name="repeatIteration" value="0" />
          </properties>
          <output><![CDATA[Time in Milliseconds
Min:		1.44 ms
Median:		1.46 ms
Max:		1.61 ms
Avg:		1.47 ms
StdDev:		0.04 ms
SampleCount:	20
Sum:		29.30 ms
First samples:	▁▂█▂▁▂▂▁▂▂▂▂▂▂▁▃▃▂▂▂
Histogram:	█▅▂▁▂


##performancetestresult2:{"Name":"NowPerformanceTests.ActualDocsOverviewGraphicRebuild","ClassName":"NowPerformanceTests","MethodName":"ActualDocsOverviewGraphicRebuild","Version":"1","Categories":["Performance"],"SampleGroups":[{"Name":"Time","Unit":2,"IncreaseIsBetter":false,"Samples":[1.4435999999999965,1.466000000000001,1.6074000000000056,1.4554000000000045,1.4359000000000038,1.4497,1.4540999999999969,1.4431000000000012,1.4598000000000014,1.455600000000004,1.4604,1.4602000000000004,1.4716999999999985,1.4521000000000016,1.4468999999999995,1.4937999999999932,1.4771000000000072,1.4686999999999984,1.452299999999994,1.4499999999999887],"Min":1.4359000000000038,"Max":1.6074000000000056,"Median":1.4555000000000043,"Average":1.4651899999999998,"StandardDeviation":0.03505839271843589,"Sum":29.303799999999997}]}
]]></output>
        </test-case>
        <test-case id="1534" name="AnimationCurveFieldFrameBuild" fullname="NowPerformanceTests.AnimationCurveFieldFrameBuild" methodname="AnimationCurveFieldFrameBuild" classname="NowPerformanceTests" runstate="Runnable" seed="2017892008" result="Passed" start-time="2026-07-03 16:39:57Z" end-time="2026-07-03 16:39:58Z" duration="0.177641" asserts="0">
          <properties>
            <property name="Category" value="Performance" />
            <property name="retryIteration" value="0" />
            <property name="repeatIteration" value="0" />
          </properties>
          <output><![CDATA[Time in Milliseconds
Min:		0.04 ms
Median:		0.04 ms
Max:		0.04 ms
Avg:		0.04 ms
StdDev:		0.00 ms
SampleCount:	20
Sum:		0.75 ms
First samples:	▄▄▄▄▃▇▂▅▂▃█▂▂▅▂▂▃▁▄▂
Histogram:	█▅▃▁▂


##performancetestresult2:{"Name":"NowPerformanceTests.AnimationCurveFieldFrameBuild","ClassName":"NowPerformanceTests","MethodName":"AnimationCurveFieldFrameBuild","Version":"1","Categories":["Performance"],"SampleGroups":[{"Name":"Time","Unit":2,"IncreaseIsBetter":false,"Samples":[0.03770000000000007,0.03769999999999918,0.03769999999999918,0.03770000000000007,0.037400000000000769,0.038300000000000448,0.03730000000000011,0.037799999999999837,0.037199999999999459,0.03750000000000053,0.03840000000000021,0.03730000000000011,0.03730000000000011,0.03790000000000049,0.03730000000000011,0.03729999999999922,0.03739999999999988,0.03709999999999969,0.0376000000000003,0.037200000000000347],"Min":0.03709999999999969,"Max":0.03840000000000021,"Median":0.03745000000000065,"Average":0.037555000000000008,"StandardDeviation":0.0003442019755900018,"Sum":0.7511000000000001}]}
]]></output>
        </test-case>
        <test-case id="1522" name="DocsCompositeGraphicRebuild" fullname="NowPerformanceTests.DocsCompositeGraphicRebuild" methodname="DocsCompositeGraphicRebuild" classname="NowPerformanceTests" runstate="Runnable" seed="1946301496" result="Passed" start-time="2026-07-03 16:39:58Z" end-time="2026-07-03 16:39:58Z" duration="0.200310" asserts="0">
          <properties>
            <property name="Category" value="Performance" />
            <property name="retryIteration" value="0" />
            <property name="repeatIteration" value="0" />
          </properties>
          <output><![CDATA[Time in Milliseconds
Min:		0.79 ms
Median:		0.81 ms
Max:		0.86 ms
Avg:		0.81 ms
StdDev:		0.01 ms
SampleCount:	20
Sum:		16.29 ms
First samples:	▄▄▃▂█▅▄▄▃▂▃▃▁▇▂▅▂▃▂▂
Histogram:	█▆▃▁▂


##performancetestresult2:{"Name":"NowPerformanceTests.DocsCompositeGraphicRebuild","ClassName":"NowPerformanceTests","MethodName":"DocsCompositeGraphicRebuild","Version":"1","Categories":["Performance"],"SampleGroups":[{"Name":"Time","Unit":2,"IncreaseIsBetter":false,"Samples":[0.8196000000000012,0.8158000000000012,0.809899999999999,0.8003000000000018,0.8553999999999995,0.8300000000000019,0.8159000000000027,0.8210000000000015,0.8135000000000012,0.8010999999999982,0.8057999999999979,0.8079999999999998,0.7919000000000018,0.8444000000000003,0.8055000000000021,0.8244000000000007,0.8042000000000016,0.8118999999999979,0.8039999999999985,0.8049999999999997],"Min":0.7919000000000018,"Max":0.8553999999999995,"Median":0.8108999999999984,"Average":0.8143800000000004,"StandardDeviation":0.014837641321989203,"Sum":16.28760000000001}]}
]]></output>
        </test-case>
        <test-case id="1523" name="DocsCompositeGraphicRebuildWithoutLayoutMeasurePass" fullname="NowPerformanceTests.DocsCompositeGraphicRebuildWithoutLayoutMeasurePass" methodname="DocsCompositeGraphicRebuildWithoutLayoutMeasurePass" classname="NowPerformanceTests" runstate="Runnable" seed="1917048573" result="Passed" start-time="2026-07-03 16:39:58Z" end-time="2026-07-03 16:39:58Z" duration="0.191075" asserts="0">
          <properties>
            <property name="Category" value="Performance" />
            <property name="retryIteration" value="0" />
            <property name="repeatIteration" value="0" />
          </properties>
          <output><![CDATA[Time in Milliseconds
Min:		0.62 ms
Median:		0.63 ms
Max:		0.67 ms
Avg:		0.63 ms
StdDev:		0.01 ms
SampleCount:	20
Sum:		12.66 ms
First samples:	▆█▄▃▃▃▂▄▂▂▃▁▁▂▁▁▂▃▂▁
Histogram:	█▇▃▁▂


##performancetestresult2:{"Name":"NowPerformanceTests.DocsCompositeGraphicRebuildWithoutLayoutMeasurePass","ClassName":"NowPerformanceTests","MethodName":"DocsCompositeGraphicRebuildWithoutLayoutMeasurePass","Version":"1","Categories":["Performance"],"SampleGroups":[{"Name":"Time","Unit":2,"IncreaseIsBetter":false,"Samples":[0.6554000000000002,0.6696,0.6423999999999994,0.6352000000000002,0.6345999999999998,0.6371000000000002,0.6311999999999998,0.6406999999999989,0.6301000000000006,0.6253000000000011,0.6318000000000001,0.6221999999999994,0.6217000000000006,0.6266999999999996,0.6233000000000004,0.6207999999999991,0.6253999999999991,0.6335999999999995,0.6286000000000005,0.6242000000000019],"Min":0.6207999999999991,"Max":0.6696,"Median":0.6306500000000002,"Average":0.632995,"StandardDeviation":0.011763140524536713,"Sum":12.6599}]}
]]></output>
        </test-case>
        <test-case id="1532" name="DocsControlsFrameBuild" fullname="NowPerformanceTests.DocsControlsFrameBuild" methodname="DocsControlsFrameBuild" classname="NowPerformanceTests" runstate="Runnable" seed="1628137896" result="Passed" start-time="2026-07-03 16:39:58Z" end-time="2026-07-03 16:39:58Z" duration="0.170339" asserts="0">
          <properties>
            <property name="Category" value="Performance" />
            <property name="retryIteration" value="0" />
            <property name="repeatIteration" value="0" />
          </properties>
          <output><![CDATA[Time in Milliseconds
Min:		0.17 ms
Median:		0.21 ms
Max:		0.22 ms
Avg:		0.20 ms
StdDev:		0.02 ms
SampleCount:	20
Sum:		3.96 ms
First samples:	▇▇▂██▂▇▇▂▆▆▁▆▇▂▇▇▃▇▇
Histogram:	█▆▃▂▂


##performancetestresult2:{"Name":"NowPerformanceTests.DocsControlsFrameBuild","ClassName":"NowPerformanceTests","MethodName":"DocsControlsFrameBuild","Version":"1","Categories":["Performance"],"SampleGroups":[{"Name":"Time","Unit":2,"IncreaseIsBetter":false,"Samples":[0.21020000000000017,0.20869999999999989,0.16970000000000019,0.21620000000000018,0.21540000000000027,0.17180000000000018,0.20650000000000014,0.2124999999999999,0.17189999999999995,0.20110000000000029,0.20219999999999994,0.16610000000000015,0.20059999999999968,0.20950000000000025,0.17019999999999947,0.20920000000000006,0.21260000000000013,0.17989999999999996,0.21140000000000026,0.20949999999999936],"Min":0.16610000000000015,"Max":0.21620000000000018,"Median":0.2076,"Average":0.19776000000000003,"StandardDeviation":0.017722793233573575,"Sum":3.9552000000000007}]}
]]></output>
        </test-case>
        <test-case id="1533" name="DocsLinesAndCurveFrameBuild" fullname="NowPerformanceTests.DocsLinesAndCurveFrameBuild" methodname="DocsLinesAndCurveFrameBuild" classname="NowPerformanceTests" runstate="Runnable" seed="1583924055" result="Passed" start-time="2026-07-03 16:39:58Z" end-time="2026-07-03 16:39:58Z" duration="0.173035" asserts="0">
          <properties>
            <property name="Category" value="Performance" />
            <property name="retryIteration" value="0" />
            <property name="repeatIteration" value="0" />
          </properties>
          <output><![CDATA[Time in Milliseconds
Min:		0.13 ms
Median:		0.14 ms
Max:		0.19 ms
Avg:		0.14 ms
StdDev:		0.02 ms
SampleCount:	20
Sum:		2.86 ms
First samples:	▁▁▁▂▁▁▁▁▁▁▁▄▇▂▁▁▁▂█▂
Histogram:	█▆▃▂▂


##performancetestresult2:{"Name":"NowPerformanceTests.DocsLinesAndCurveFrameBuild","ClassName":"NowPerformanceTests","MethodName":"DocsLinesAndCurveFrameBuild","Version":"1","Categories":["Performance"],"SampleGroups":[{"Name":"Time","Unit":2,"IncreaseIsBetter":false,"Samples":[0.13580000000000004,0.1358999999999999,0.13559999999999995,0.14359999999999996,0.1361000000000001,0.13590000000000014,0.13619999999999989,0.1357999999999997,0.1368999999999998,0.13640000000000009,0.13600000000000013,0.1589999999999998,0.18149999999999978,0.14279999999999982,0.13529999999999998,0.13490000000000003,0.1341000000000001,0.1392000000000002,0.18839999999999969,0.14080000000000005],"Min":0.1341000000000001,"Max":0.18839999999999969,"Median":0.13615,"Average":0.14300999999999995,"StandardDeviation":0.015010126581744653,"Sum":2.860199999999999}]}
]]></output>
        </test-case>
        <test-case id="1531" name="DocsMarkdownFrameBuild" fullname="NowPerformanceTests.DocsMarkdownFrameBuild" methodname="DocsMarkdownFrameBuild" classname="NowPerformanceTests" runstate="Runnable" seed="609867366" result="Passed" start-time="2026-07-03 16:39:58Z" end-time="2026-07-03 16:39:58Z" duration="0.170398" asserts="0">
          <properties>
            <property name="Category" value="Performance" />
            <property name="retryIteration" value="0" />
            <property name="repeatIteration" value="0" />
          </properties>
          <output><![CDATA[Time in Milliseconds
Min:		0.20 ms
Median:		0.21 ms
Max:		0.21 ms
Avg:		0.21 ms
StdDev:		0.00 ms
SampleCount:	20
Sum:		4.14 ms
First samples:	█▂▆▁▂▂▄▇▂▄▁▁▅▁▅▇▃▄▄▆
Histogram:	█▅▃▂▂


##performancetestresult2:{"Name":"NowPerformanceTests.DocsMarkdownFrameBuild","ClassName":"NowPerformanceTests","MethodName":"DocsMarkdownFrameBuild","Version":"1","Categories":["Performance"],"SampleGroups":[{"Name":"Time","Unit":2,"IncreaseIsBetter":false,"Samples":[0.21279999999999989,0.20410000000000018,0.2105999999999999,0.2037,0.2038000000000002,0.20459999999999968,0.20699999999999986,0.2107000000000001,0.20400000000000019,0.20719999999999984,0.20359999999999979,0.20299999999999986,0.2088000000000001,0.20350000000000002,0.20859999999999968,0.21119999999999984,0.20619999999999995,0.20699999999999986,0.20709999999999963,0.20999999999999997],"Min":0.20299999999999986,"Max":0.21279999999999989,"Median":0.20699999999999986,"Average":0.20687499999999993,"StandardDeviation":0.0029767221905982156,"Sum":4.137499999999998}]}
]]></output>
        </test-case>
        <test-case id="1528" name="DocsShortTextRowsFrameBuild" fullname="NowPerformanceTests.DocsShortTextRowsFrameBuild" methodname="DocsShortTextRowsFrameBuild" classname="NowPerformanceTests" runstate="Runnable" seed="2139513823" result="Passed" start-time="2026-07-03 16:39:58Z" end-time="2026-07-03 16:39:59Z" duration="0.170206" asserts="0">
          <properties>
            <property name="Category" value="Performance" />
            <property name="retryIteration" value="0" />
            <property name="repeatIteration" value="0" />
          </properties>
          <output><![CDATA[Time in Milliseconds
Min:		0.20 ms
Median:		0.20 ms
Max:		0.24 ms
Avg:		0.20 ms
StdDev:		0.01 ms
SampleCount:	20
Sum:		4.10 ms
First samples:	▁▂▁▂▁▁▂▂▂▂▂▂▂▃█▂▃▂▃▁
Histogram:	█▆▃▂▂


##performancetestresult2:{"Name":"NowPerformanceTests.DocsShortTextRowsFrameBuild","ClassName":"NowPerformanceTests","MethodName":"DocsShortTextRowsFrameBuild","Version":"1","Categories":["Performance"],"SampleGroups":[{"Name":"Time","Unit":2,"IncreaseIsBetter":false,"Samples":[0.19680000000000009,0.20359999999999979,0.19679999999999965,0.2054999999999998,0.1997,0.19930000000000004,0.2037,0.20030000000000038,0.20649999999999925,0.2019000000000002,0.2043999999999997,0.20249999999999969,0.20579999999999999,0.20870000000000034,0.24239999999999996,0.20220000000000039,0.20920000000000006,0.20120000000000005,0.2099000000000002,0.19709999999999984],"Min":0.19679999999999965,"Max":0.24239999999999996,"Median":0.20304999999999974,"Average":0.20487499999999998,"StandardDeviation":0.00943036982307693,"Sum":4.097499999999999}]}
]]></output>
        </test-case>
        <test-case id="1526" name="DocsTextRowsFrameBuild" fullname="NowPerformanceTests.DocsTextRowsFrameBuild" methodname="DocsTextRowsFrameBuild" classname="NowPerformanceTests" runstate="Runnable" seed="704353062" result="Passed" start-time="2026-07-03 16:39:59Z" end-time="2026-07-03 16:39:59Z" duration="0.205729" asserts="0">
          <properties>
            <property name="Category" value="Performance" />
            <property name="retryIteration" value="0" />
            <property name="repeatIteration" value="0" />
          </properties>
          <output><![CDATA[Time in Milliseconds
Min:		0.99 ms
Median:		1.03 ms
Max:		1.29 ms
Avg:		1.06 ms
StdDev:		0.07 ms
SampleCount:	20
Sum:		21.16 ms
First samples:	▁▂▂▂▆▃▂▂▁▁▂▄▂▁▁▂▃█▄▂
Histogram:	█▆▃▂▂


##performancetestresult2:{"Name":"NowPerformanceTests.DocsTextRowsFrameBuild","ClassName":"NowPerformanceTests","MethodName":"DocsTextRowsFrameBuild","Version":"1","Categories":["Performance"],"SampleGroups":[{"Name":"Time","Unit":2,"IncreaseIsBetter":false,"Samples":[0.9940999999999995,1.0439000000000008,1.0190999999999982,1.0192999999999977,1.2057000000000003,1.061799999999998,1.0183,1.028500000000001,1.008700000000001,1.0048999999999993,1.055500000000002,1.1349000000000019,1.0424999999999969,1.007799999999996,1.0009000000000015,1.0155999999999992,1.0630000000000024,1.2901999999999987,1.1145999999999959,1.0290999999999997],"Min":0.9940999999999995,"Max":1.2901999999999987,"Median":1.0288000000000004,"Average":1.0579199999999996,"StandardDeviation":0.07366745957341,"Sum":21.15839999999999}]}
]]></output>
        </test-case>
        <test-case id="1529" name="DocsTextRowsMeasureOnly" fullname="NowPerformanceTests.DocsTextRowsMeasureOnly" methodname="DocsTextRowsMeasureOnly" classname="NowPerformanceTests" runstate="Runnable" seed="990371234" result="Passed" start-time="2026-07-03 16:39:59Z" end-time="2026-07-03 16:39:59Z" duration="0.165813" asserts="0">
          <properties>
            <property name="Category" value="Performance" />
            <property name="retryIteration" value="0" />
            <property name="repeatIteration" value="0" />
          </properties>
          <output><![CDATA[Time in Milliseconds
Min:		0.09 ms
Median:		0.09 ms
Max:		0.11 ms
Avg:		0.09 ms
StdDev:		0.00 ms
SampleCount:	20
Sum:		1.85 ms
First samples:	▁▁▄█▂▃▁▂▄▂▁▂▂▂▂▂▁▁▁▁
Histogram:	█▅▃▂▂


##performancetestresult2:{"Name":"NowPerformanceTests.DocsTextRowsMeasureOnly","ClassName":"NowPerformanceTests","MethodName":"DocsTextRowsMeasureOnly","Version":"1","Categories":["Performance"],"SampleGroups":[{"Name":"Time","Unit":2,"IncreaseIsBetter":false,"Samples":[0.08920000000000006,0.08960000000000001,0.09770000000000001,0.11029999999999996,0.0925999999999999,0.09450000000000003,0.09059999999999979,0.09079999999999999,0.0968,0.09109999999999996,0.09060000000000002,0.09190000000000009,0.09079999999999999,0.09079999999999999,0.09079999999999999,0.09089999999999998,0.09060000000000024,0.0907,0.0907,0.09060000000000024],"Min":0.08920000000000006,"Max":0.11029999999999996,"Median":0.09079999999999999,"Average":0.09258000000000003,"StandardDeviation":0.004598434516223956,"Sum":1.8516000000000004}]}
]]></output>
        </test-case>
        <test-case id="1530" name="DocsTextRowsMeasureOnlyWithoutShaping" fullname="NowPerformanceTests.DocsTextRowsMeasureOnlyWithoutShaping" methodname="DocsTextRowsMeasureOnlyWithoutShaping" classname="NowPerformanceTests" runstate="Runnable" seed="1332213207" result="Passed" start-time="2026-07-03 16:39:59Z" end-time="2026-07-03 16:39:59Z" duration="0.180491" asserts="0">
          <properties>
            <property name="Category" value="Performance" />
            <property name="retryIteration" value="0" />
            <property name="repeatIteration" value="0" />
          </properties>
          <output><![CDATA[Time in Milliseconds
Min:		0.19 ms
Median:		0.19 ms
Max:		0.19 ms
Avg:		0.19 ms
StdDev:		0.00 ms
SampleCount:	20
Sum:		3.82 ms
First samples:	▁▁▁▅▁▁▁▁▁▇▃▃▆▂█▄▃▄▃▄
Histogram:	█▅▃▂▂


##performancetestresult2:{"Name":"NowPerformanceTests.DocsTextRowsMeasureOnlyWithoutShaping","ClassName":"NowPerformanceTests","MethodName":"DocsTextRowsMeasureOnlyWithoutShaping","Version":"1","Categories":["Performance"],"SampleGroups":[{"Name":"Time","Unit":2,"IncreaseIsBetter":false,"Samples":[0.18960000000000044,0.18950000000000068,0.18960000000000044,0.19270000000000032,0.18960000000000044,0.18979999999999998,0.18939999999999913,0.18979999999999998,0.18960000000000044,0.19409999999999884,0.19059999999999989,0.19059999999999989,0.1936,0.19030000000000059,0.1949999999999985,0.1916999999999991,0.19120000000000027,0.19149999999999957,0.1913999999999998,0.1916999999999991],"Min":0.18939999999999913,"Max":0.1949999999999985,"Median":0.19059999999999989,"Average":0.19106499999999988,"StandardDeviation":0.0016270448672359136,"Sum":3.8212999999999974}]}
]]></output>
        </test-case>
        <test-case id="1527" name="DocsTextRowsWithoutShapingFrameBuild" fullname="NowPerformanceTests.DocsTextRowsWithoutShapingFrameBuild" methodname="DocsTextRowsWithoutShapingFrameBuild" classname="NowPerformanceTests" runstate="Runnable" seed="17152441" result="Passed" start-time="2026-07-03 16:39:59Z" end-time="2026-07-03 16:39:59Z" duration="0.203094" asserts="0">
          <properties>
            <property name="Category" value="Performance" />
            <property name="retryIteration" value="0" />
            <property name="repeatIteration" value="0" />
          </properties>
          <output><![CDATA[Time in Milliseconds
Min:		0.99 ms
Median:		1.03 ms
Max:		1.24 ms
Avg:		1.06 ms
StdDev:		0.08 ms
SampleCount:	20
Sum:		21.28 ms
First samples:	▁▁▃▆█▂▂▁▂▃█▃▂▁▁▁▆▅▂▅
Histogram:	█▅▃▂▂


##performancetestresult2:{"Name":"NowPerformanceTests.DocsTextRowsWithoutShapingFrameBuild","ClassName":"NowPerformanceTests","MethodName":"DocsTextRowsWithoutShapingFrameBuild","Version":"1","Categories":["Performance"],"SampleGroups":[{"Name":"Time","Unit":2,"IncreaseIsBetter":false,"Samples":[0.9857999999999993,1.0020000000000007,1.0419,1.1676000000000003,1.240400000000001,1.0350000000000002,1.0053,0.9911999999999992,1.0261999999999994,1.0630000000000024,1.2307999999999986,1.0692999999999984,1.0109999999999993,0.9897999999999989,0.9911999999999992,1.0015999999999999,1.1702000000000013,1.1161999999999993,1.0285999999999974,1.117799999999999],"Min":0.9857999999999993,"Max":1.240400000000001,"Median":1.0317999999999988,"Average":1.0642449999999997,"StandardDeviation":0.07963108359805257,"Sum":21.284899999999995}]}
]]></output>
        </test-case>
        <test-case id="1537" name="EffectMeshModifierIsAllocationFreeAfterWarmup" fullname="NowPerformanceTests.EffectMeshModifierIsAllocationFreeAfterWarmup" methodname="EffectMeshModifierIsAllocationFreeAfterWarmup" classname="NowPerformanceTests" runstate="Runnable" seed="80701046" result="Passed" start-time="2026-07-03 16:39:59Z" end-time="2026-07-03 16:39:59Z" duration="0.007206" asserts="0">
          <properties>
            <property name="retryIteration" value="0" />
            <property name="repeatIteration" value="0" />
          </properties>
        </test-case>
        <test-case id="1520" name="EffectModifierFrameBuild" fullname="NowPerformanceTests.EffectModifierFrameBuild" methodname="EffectModifierFrameBuild" classname="NowPerformanceTests" runstate="Runnable" seed="1783623109" result="Passed" start-time="2026-07-03 16:39:59Z" end-time="2026-07-03 16:40:00Z" duration="0.192120" asserts="0">
          <properties>
            <property name="Category" value="Performance" />
            <property name="retryIteration" value="0" />
            <property name="repeatIteration" value="0" />
          </properties>
          <output><![CDATA[Time in Milliseconds
Min:		0.73 ms
Median:		0.75 ms
Max:		1.05 ms
Avg:		0.79 ms
StdDev:		0.09 ms
SampleCount:	20
Sum:		15.89 ms
First samples:	▁▁▁▁▁▁▆▆█▁▁▁▁▁▃▃▂▁▅▂
Histogram:	█▅▃▂▂


##performancetestresult2:{"Name":"NowPerformanceTests.EffectModifierFrameBuild","ClassName":"NowPerformanceTests","MethodName":"EffectModifierFrameBuild","Version":"1","Categories":["Performance"],"SampleGroups":[{"Name":"Time","Unit":2,"IncreaseIsBetter":false,"Samples":[0.7338999999999993,0.7337000000000007,0.7483000000000004,0.7442000000000002,0.7309000000000001,0.7312000000000012,0.9555000000000007,0.9712999999999994,1.0457999999999999,0.7463999999999995,0.7302,0.7324000000000002,0.7280000000000015,0.7326999999999995,0.8356999999999992,0.8231999999999999,0.7540000000000013,0.7378999999999998,0.8918999999999997,0.7861000000000011],"Min":0.7280000000000015,"Max":1.0457999999999999,"Median":0.7452999999999999,"Average":0.7946650000000002,"StandardDeviation":0.09377740279512953,"Sum":15.893300000000004}]}
]]></output>
        </test-case>
        <test-case id="1538" name="EffectTextureModifierStableSizeIsAllocationFreeAfterWarmup" fullname="NowPerformanceTests.EffectTextureModifierStableSizeIsAllocationFreeAfterWarmup" methodname="EffectTextureModifierStableSizeIsAllocationFreeAfterWarmup" classname="NowPerformanceTests" runstate="Runnable" seed="1592948989" result="Passed" start-time="2026-07-03 16:40:00Z" end-time="2026-07-03 16:40:00Z" duration="0.008272" asserts="0">
          <properties>
            <property name="retryIteration" value="0" />
            <property name="repeatIteration" value="0" />
          </properties>
        </test-case>
        <test-case id="1540" name="GlassDiagnosticsAreAllocationFreeAfterWarmup" fullname="NowPerformanceTests.GlassDiagnosticsAreAllocationFreeAfterWarmup" methodname="GlassDiagnosticsAreAllocationFreeAfterWarmup" classname="NowPerformanceTests" runstate="Runnable" seed="969085070" result="Passed" start-time="2026-07-03 16:40:00Z" end-time="2026-07-03 16:40:00Z" duration="0.006525" asserts="0">
          <properties>
            <property name="retryIteration" value="0" />
            <property name="repeatIteration" value="0" />
          </properties>
        </test-case>
        <test-case id="1539" name="OverlayIntegerDeferIsAllocationFreeAfterWarmup" fullname="NowPerformanceTests.OverlayIntegerDeferIsAllocationFreeAfterWarmup" methodname="OverlayIntegerDeferIsAllocationFreeAfterWarmup" classname="NowPerformanceTests" runstate="Runnable" seed="1267574686" result="Passed" start-time="2026-07-03 16:40:00Z" end-time="2026-07-03 16:40:00Z" duration="0.000421" asserts="0">
          <properties>
            <property name="retryIteration" value="0" />
            <property name="repeatIteration" value="0" />
          </properties>
        </test-case>
        <test-case id="1518" name="RectangleFrameBuild" fullname="NowPerformanceTests.RectangleFrameBuild" methodname="RectangleFrameBuild" classname="NowPerformanceTests" runstate="Runnable" seed="796393473" result="Passed" start-time="2026-07-03 16:40:00Z" end-time="2026-07-03 16:40:00Z" duration="0.175048" asserts="0">
          <properties>
            <property name="Category" value="Performance" />
            <property name="retryIteration" value="0" />
            <property name="repeatIteration" value="0" />
          </properties>
          <output><![CDATA[Time in Milliseconds
Min:		0.45 ms
Median:		0.46 ms
Max:		0.48 ms
Avg:		0.46 ms
StdDev:		0.01 ms
SampleCount:	20
Sum:		9.25 ms
First samples:	▄█▄▆▄▄▅▃▃▂▄▂▃▁▄▂▂▂▂▃
Histogram:	█▅▃▂▂


##performancetestresult2:{"Name":"NowPerformanceTests.RectangleFrameBuild","ClassName":"NowPerformanceTests","MethodName":"RectangleFrameBuild","Version":"1","Categories":["Performance"],"SampleGroups":[{"Name":"Time","Unit":2,"IncreaseIsBetter":false,"Samples":[0.46419999999999997,0.4770000000000003,0.4632999999999998,0.47189999999999979,0.46280000000000057,0.46330000000000029,0.46580000000000068,0.4619,0.4624000000000006,0.4577,0.4653999999999998,0.45870000000000035,0.46119999999999986,0.4543999999999997,0.46359999999999959,0.45700000000000076,0.45669999999999968,0.4576000000000011,0.4588000000000001,0.4623999999999988],"Min":0.4543999999999997,"Max":0.4770000000000003,"Median":0.4623999999999997,"Average":0.4623050000000001,"StandardDeviation":0.005144752180620535,"Sum":9.246100000000002}]}
]]></output>
        </test-case>
        <test-case id="1535" name="RectangleFrameBuildIsAllocationFreeAfterWarmup" fullname="NowPerformanceTests.RectangleFrameBuildIsAllocationFreeAfterWarmup" methodname="RectangleFrameBuildIsAllocationFreeAfterWarmup" classname="NowPerformanceTests" runstate="Runnable" seed="1805107159" result="Passed" start-time="2026-07-03 16:40:00Z" end-time="2026-07-03 16:40:00Z" duration="0.000798" asserts="0">
          <properties>
            <property name="retryIteration" value="0" />
            <property name="repeatIteration" value="0" />
          </properties>
        </test-case>
        <test-case id="1519" name="TextFrameBuild" fullname="NowPerformanceTests.TextFrameBuild" methodname="TextFrameBuild" classname="NowPerformanceTests" runstate="Runnable" seed="1321974426" result="Passed" start-time="2026-07-03 16:40:00Z" end-time="2026-07-03 16:40:00Z" duration="0.176835" asserts="0">
          <properties>
            <property name="Category" value="Performance" />
            <property name="retryIteration" value="0" />
            <property name="repeatIteration" value="0" />
          </properties>
          <output><![CDATA[Time in Milliseconds
Min:		0.36 ms
Median:		0.36 ms
Max:		0.37 ms
Avg:		0.36 ms
StdDev:		0.00 ms
SampleCount:	20
Sum:		7.28 ms
First samples:	▁▇▂▃▅▄█▅▅▇█▅▆▇▆▅▄▃▃▃
Histogram:	█▆▃▂▂


##performancetestresult2:{"Name":"NowPerformanceTests.TextFrameBuild","ClassName":"NowPerformanceTests","MethodName":"TextFrameBuild","Version":"1","Categories":["Performance"],"SampleGroups":[{"Name":"Time","Unit":2,"IncreaseIsBetter":false,"Samples":[0.3567,0.36919999999999977,0.3578000000000001,0.3614999999999995,0.3635999999999999,0.36350000000000018,0.37040000000000009,0.3651,0.36410000000000056,0.36760000000000039,0.3696999999999999,0.36430000000000009,0.36650000000000029,0.36880000000000026,0.3664999999999985,0.36439999999999986,0.3631999999999991,0.3605999999999998,0.3606999999999996,0.36029999999999876],"Min":0.3567,"Max":0.37040000000000009,"Median":0.3642000000000003,"Average":0.3642249999999998,"StandardDeviation":0.003772383198987169,"Sum":7.284499999999996}]}
]]></output>
        </test-case>
        <test-case id="1536" name="TextFrameBuildIsAllocationFreeAfterGlyphWarmup" fullname="NowPerformanceTests.TextFrameBuildIsAllocationFreeAfterGlyphWarmup" methodname="TextFrameBuildIsAllocationFreeAfterGlyphWarmup" classname="NowPerformanceTests" runstate="Runnable" seed="1228965202" result="Passed" start-time="2026-07-03 16:40:00Z" end-time="2026-07-03 16:40:00Z" duration="0.000898" asserts="0">
          <properties>
            <property name="retryIteration" value="0" />
            <property name="repeatIteration" value="0" />
          </properties>
        </test-case>
        <test-case id="1521" name="WorldGraphicRebuild" fullname="NowPerformanceTests.WorldGraphicRebuild" methodname="WorldGraphicRebuild" classname="NowPerformanceTests" runstate="Runnable" seed="281448212" result="Passed" start-time="2026-07-03 16:40:00Z" end-time="2026-07-03 16:40:00Z" duration="0.182044" asserts="0">
          <properties>
            <property name="Category" value="Performance" />
            <property name="retryIteration" value="0" />
            <property name="repeatIteration" value="0" />
          </properties>
          <output><![CDATA[Time in Milliseconds
Min:		0.02 ms
Median:		0.02 ms
Max:		0.03 ms
Avg:		0.02 ms
StdDev:		0.00 ms
SampleCount:	20
Sum:		0.49 ms
First samples:	▆▄▃▂▂▄▁▅█▆▇▄▅▃▅▄▆▆▅▅
Histogram:	█▆▄▂▂


##performancetestresult2:{"Name":"NowPerformanceTests.WorldGraphicRebuild","ClassName":"NowPerformanceTests","MethodName":"WorldGraphicRebuild","Version":"1","Categories":["Performance"],"SampleGroups":[{"Name":"Time","Unit":2,"IncreaseIsBetter":false,"Samples":[0.0248999999999997,0.0246000000000004,0.024499999999999745,0.024399999999999978,0.024399999999999978,0.02459999999999951,0.02430000000000021,0.024699999999999279,0.025100000000000123,0.0248999999999997,0.025000000000000357,0.0246000000000004,0.024700000000000167,0.024500000000000634,0.024700000000000167,0.0246000000000004,0.02490000000000059,0.02490000000000059,0.024700000000000167,0.024699999999999279],"Min":0.02430000000000021,"Max":0.025100000000000123,"Median":0.024699999999999279,"Average":0.024685000000000069,"StandardDeviation":0.00020802644062716512,"Sum":0.49370000000000138}]}
]]></output>
        </test-case>
      </test-suite>
      <test-suite type="TestFixture" id="1541" name="NowPointerArbiterTests" fullname="NowPointerArbiterTests" classname="NowPointerArbiterTests" runstate="Runnable" testcasecount="8" result="Passed" start-time="2026-07-03 16:40:00Z" end-time="2026-07-03 16:40:00Z" duration="0.002365" total="8" passed="8" failed="0" inconclusive="0" skipped="0" asserts="0">
        <properties />
        <test-case id="1544" name="CanvasTierBeatsScreenAndWorld" fullname="NowPointerArbiterTests.CanvasTierBeatsScreenAndWorld" methodname="CanvasTierBeatsScreenAndWorld" classname="NowPointerArbiterTests" runstate="Runnable" seed="275154904" result="Passed" start-time="2026-07-03 16:40:00Z" end-time="2026-07-03 16:40:00Z" duration="0.000565" asserts="0">
          <properties>
            <property name="retryIteration" value="0" />
            <property name="repeatIteration" value="0" />
          </properties>
        </test-case>
        <test-case id="1549" name="ContentFootprintAnswersForThePreviousFrame" fullname="NowPointerArbiterTests.ContentFootprintAnswersForThePreviousFrame" methodname="ContentFootprintAnswersForThePreviousFrame" classname="NowPointerArbiterTests" runstate="Runnable" seed="457433655" result="Passed" start-time="2026-07-03 16:40:00Z" end-time="2026-07-03 16:40:00Z" duration="0.000345" asserts="0">
          <properties>
            <property name="retryIteration" value="0" />
            <property name="repeatIteration" value="0" />
          </properties>
        </test-case>
        <test-case id="1542" name="EveryoneOwnsThePointerWhenNothingClaims" fullname="NowPointerArbiterTests.EveryoneOwnsThePointerWhenNothingClaims" methodname="EveryoneOwnsThePointerWhenNothingClaims" classname="NowPointerArbiterTests" runstate="Runnable" seed="1946575094" result="Passed" start-time="2026-07-03 16:40:00Z" end-time="2026-07-03 16:40:00Z" duration="0.000102" asserts="0">
          <properties>
            <property name="retryIteration" value="0" />
            <property name="repeatIteration" value="0" />
          </properties>
        </test-case>
        <test-case id="1543" name="HigherTierClaimWinsOwnership" fullname="NowPointerArbiterTests.HigherTierClaimWinsOwnership" methodname="HigherTierClaimWinsOwnership" classname="NowPointerArbiterTests" runstate="Runnable" seed="359630603" result="Passed" start-time="2026-07-03 16:40:00Z" end-time="2026-07-03 16:40:00Z" duration="0.000105" asserts="0">
          <properties>
            <property name="retryIteration" value="0" />
            <property name="repeatIteration" value="0" />
          </properties>
        </test-case>
        <test-case id="1547" name="LaterClaimWithTheSameKeyReplacesTheEarlierOne" fullname="NowPointerArbiterTests.LaterClaimWithTheSameKeyReplacesTheEarlierOne" methodname="LaterClaimWithTheSameKeyReplacesTheEarlierOne" classname="NowPointerArbiterTests" runstate="Runnable" seed="1313413153" result="Passed" start-time="2026-07-03 16:40:00Z" end-time="2026-07-03 16:40:00Z" duration="0.000152" asserts="0">
          <properties>
            <property name="retryIteration" value="0" />
            <property name="repeatIteration" value="0" />
          </properties>
        </test-case>
        <test-case id="1546" name="MissedClaimsNeverWin" fullname="NowPointerArbiterTests.MissedClaimsNeverWin" methodname="MissedClaimsNeverWin" classname="NowPointerArbiterTests" runstate="Runnable" seed="1183274528" result="Passed" start-time="2026-07-03 16:40:00Z" end-time="2026-07-03 16:40:00Z" duration="0.000105" asserts="0">
          <properties>
            <property name="retryIteration" value="0" />
            <property name="repeatIteration" value="0" />
          </properties>
        </test-case>
        <test-case id="1548" name="OwnershipLatchesWhileTheWinnerHoldsAButton" fullname="NowPointerArbiterTests.OwnershipLatchesWhileTheWinnerHoldsAButton" methodname="OwnershipLatchesWhileTheWinnerHoldsAButton" classname="NowPointerArbiterTests" runstate="Runnable" seed="1659445118" result="Passed" start-time="2026-07-03 16:40:00Z" end-time="2026-07-03 16:40:00Z" duration="0.000153" asserts="0">
          <properties>
            <property name="retryIteration" value="0" />
            <property name="repeatIteration" value="0" />
          </properties>
        </test-case>
        <test-case id="1545" name="SmallerDepthWinsWithinTheSameTier" fullname="NowPointerArbiterTests.SmallerDepthWinsWithinTheSameTier" methodname="SmallerDepthWinsWithinTheSameTier" classname="NowPointerArbiterTests" runstate="Runnable" seed="219148950" result="Passed" start-time="2026-07-03 16:40:00Z" end-time="2026-07-03 16:40:00Z" duration="0.000111" asserts="0">
          <properties>
            <property name="retryIteration" value="0" />
            <property name="repeatIteration" value="0" />
          </properties>
        </test-case>
      </test-suite>
      <test-suite type="TestFixture" id="1550" name="NowPopupUXTests" fullname="NowPopupUXTests" classname="NowPopupUXTests" runstate="Runnable" testcasecount="8" result="Passed" start-time="2026-07-03 16:40:00Z" end-time="2026-07-03 16:40:00Z" duration="0.005888" total="8" passed="8" failed="0" inconclusive="0" skipped="0" asserts="0">
        <properties />
        <test-case id="1556" name="CancelClosesTheNestedDropdownBeforeThePopupView" fullname="NowPopupUXTests.CancelClosesTheNestedDropdownBeforeThePopupView" methodname="CancelClosesTheNestedDropdownBeforeThePopupView" classname="NowPopupUXTests" runstate="Runnable" seed="1864319857" result="Passed" start-time="2026-07-03 16:40:00Z" end-time="2026-07-03 16:40:00Z" duration="0.001259" asserts="0">
          <properties>
            <property name="retryIteration" value="0" />
            <property name="repeatIteration" value="0" />
          </properties>
        </test-case>
        <test-case id="1551" name="ComboBoxFilterStaysTypableWhileThePopupBlockIsActive" fullname="NowPopupUXTests.ComboBoxFilterStaysTypableWhileThePopupBlockIsActive" methodname="ComboBoxFilterStaysTypableWhileThePopupBlockIsActive" classname="NowPopupUXTests" runstate="Runnable" seed="1526547360" result="Passed" start-time="2026-07-03 16:40:00Z" end-time="2026-07-03 16:40:00Z" duration="0.000586" asserts="0">
          <properties>
            <property name="retryIteration" value="0" />
            <property name="repeatIteration" value="0" />
          </properties>
        </test-case>
        <test-case id="1554" name="DropdownArrowsMoveHighlightFromSelectionAndSubmitCommits" fullname="NowPopupUXTests.DropdownArrowsMoveHighlightFromSelectionAndSubmitCommits" methodname="DropdownArrowsMoveHighlightFromSelectionAndSubmitCommits" classname="NowPopupUXTests" runstate="Runnable" seed="2141565057" result="Passed" start-time="2026-07-03 16:40:00Z" end-time="2026-07-03 16:40:00Z" duration="0.000611" asserts="0">
          <properties>
            <property name="retryIteration" value="0" />
            <property name="repeatIteration" value="0" />
          </properties>
        </test-case>
        <test-case id="1553" name="DropdownFieldPressWhileOpenClosesWithoutReopening" fullname="NowPopupUXTests.DropdownFieldPressWhileOpenClosesWithoutReopening" methodname="DropdownFieldPressWhileOpenClosesWithoutReopening" classname="NowPopupUXTests" runstate="Runnable" seed="1069963324" result="Passed" start-time="2026-07-03 16:40:00Z" end-time="2026-07-03 16:40:00Z" duration="0.000546" asserts="0">
          <properties>
            <property name="retryIteration" value="0" />
            <property name="repeatIteration" value="0" />
          </properties>
        </test-case>
        <test-case id="1552" name="DropdownOutsidePressDismissesWithoutActivatingTheControlBeneath" fullname="NowPopupUXTests.DropdownOutsidePressDismissesWithoutActivatingTheControlBeneath" methodname="DropdownOutsidePressDismissesWithoutActivatingTheControlBeneath" classname="NowPopupUXTests" runstate="Runnable" seed="1067748974" result="Passed" start-time="2026-07-03 16:40:00Z" end-time="2026-07-03 16:40:00Z" duration="0.000423" asserts="0">
          <properties>
            <property name="retryIteration" value="0" />
            <property name="repeatIteration" value="0" />
          </properties>
        </test-case>
        <test-case id="1555" name="DropdownTypeToSelectJumpsToTheMatchingOption" fullname="NowPopupUXTests.DropdownTypeToSelectJumpsToTheMatchingOption" methodname="DropdownTypeToSelectJumpsToTheMatchingOption" classname="NowPopupUXTests" runstate="Runnable" seed="1457508741" result="Passed" start-time="2026-07-03 16:40:00Z" end-time="2026-07-03 16:40:00Z" duration="0.000469" asserts="0">
          <properties>
            <property name="retryIteration" value="0" />
            <property name="repeatIteration" value="0" />
          </properties>
        </test-case>
        <test-case id="1558" name="EscapeCancellingKeyCaptureDoesNotCloseTheEnclosingPopup" fullname="NowPopupUXTests.EscapeCancellingKeyCaptureDoesNotCloseTheEnclosingPopup" methodname="EscapeCancellingKeyCaptureDoesNotCloseTheEnclosingPopup" classname="NowPopupUXTests" runstate="Runnable" seed="1939472386" result="Passed" start-time="2026-07-03 16:40:00Z" end-time="2026-07-03 16:40:00Z" duration="0.000617" asserts="0">
          <properties>
            <property name="retryIteration" value="0" />
            <property name="repeatIteration" value="0" />
          </properties>
        </test-case>
        <test-case id="1557" name="OutsidePressClosesTheNestedDropdownBeforeThePopupView" fullname="NowPopupUXTests.OutsidePressClosesTheNestedDropdownBeforeThePopupView" methodname="OutsidePressClosesTheNestedDropdownBeforeThePopupView" classname="NowPopupUXTests" runstate="Runnable" seed="2031029294" result="Passed" start-time="2026-07-03 16:40:00Z" end-time="2026-07-03 16:40:00Z" duration="0.000385" asserts="0">
          <properties>
            <property name="retryIteration" value="0" />
            <property name="repeatIteration" value="0" />
          </properties>
        </test-case>
      </test-suite>
      <test-suite type="TestFixture" id="1559" name="NowRectTests" fullname="NowRectTests" classname="NowRectTests" runstate="Runnable" testcasecount="7" result="Passed" start-time="2026-07-03 16:40:00Z" end-time="2026-07-03 16:40:00Z" duration="0.001516" total="7" passed="7" failed="0" inconclusive="0" skipped="0" asserts="0">
        <properties />
        <test-case id="1564" name="ContainsUsesHalfOpenBounds" fullname="NowRectTests.ContainsUsesHalfOpenBounds" methodname="ContainsUsesHalfOpenBounds" classname="NowRectTests" runstate="Runnable" seed="1889096206" result="Passed" start-time="2026-07-03 16:40:00Z" end-time="2026-07-03 16:40:00Z" duration="0.000126" asserts="0">
          <properties>
            <property name="retryIteration" value="0" />
            <property name="repeatIteration" value="0" />
          </properties>
        </test-case>
        <test-case id="1565" name="ConvertsImplicitlyWithVector4AndRect" fullname="NowRectTests.ConvertsImplicitlyWithVector4AndRect" methodname="ConvertsImplicitlyWithVector4AndRect" classname="NowRectTests" runstate="Runnable" seed="891943837" result="Passed" start-time="2026-07-03 16:40:00Z" end-time="2026-07-03 16:40:00Z" duration="0.000186" asserts="0">
          <properties>
            <property name="retryIteration" value="0" />
            <property name="repeatIteration" value="0" />
          </properties>
        </test-case>
        <test-case id="1560" name="InsetShrinksEveryEdge" fullname="NowRectTests.InsetShrinksEveryEdge" methodname="InsetShrinksEveryEdge" classname="NowRectTests" runstate="Runnable" seed="1491275593" result="Passed" start-time="2026-07-03 16:40:00Z" end-time="2026-07-03 16:40:00Z" duration="0.000191" asserts="0">
          <properties>
            <property name="retryIteration" value="0" />
            <property name="repeatIteration" value="0" />
          </properties>
        </test-case>
        <test-case id="1563" name="IntersectReturnsOverlapOrEmpty" fullname="NowRectTests.IntersectReturnsOverlapOrEmpty" methodname="IntersectReturnsOverlapOrEmpty" classname="NowRectTests" runstate="Runnable" seed="961663011" result="Passed" start-time="2026-07-03 16:40:00Z" end-time="2026-07-03 16:40:00Z" duration="0.000114" asserts="0">
          <properties>
            <property name="retryIteration" value="0" />
            <property name="repeatIteration" value="0" />
          </properties>
        </test-case>
        <test-case id="1566" name="OffsetTranslatesPositionOnly" fullname="NowRectTests.OffsetTranslatesPositionOnly" methodname="OffsetTranslatesPositionOnly" classname="NowRectTests" runstate="Runnable" seed="976942253" result="Passed" start-time="2026-07-03 16:40:00Z" end-time="2026-07-03 16:40:00Z" duration="0.000135" asserts="0">
          <properties>
            <property name="retryIteration" value="0" />
            <property name="repeatIteration" value="0" />
          </properties>
        </test-case>
        <test-case id="1561" name="OutsetGrowsEveryEdge" fullname="NowRectTests.OutsetGrowsEveryEdge" methodname="OutsetGrowsEveryEdge" classname="NowRectTests" runstate="Runnable" seed="1099666773" result="Passed" start-time="2026-07-03 16:40:00Z" end-time="2026-07-03 16:40:00Z" duration="0.000106" asserts="0">
          <properties>
            <property name="retryIteration" value="0" />
            <property name="repeatIteration" value="0" />
          </properties>
        </test-case>
        <test-case id="1562" name="UnionContainsBothRects" fullname="NowRectTests.UnionContainsBothRects" methodname="UnionContainsBothRects" classname="NowRectTests" runstate="Runnable" seed="2082679964" result="Passed" start-time="2026-07-03 16:40:00Z" end-time="2026-07-03 16:40:00Z" duration="0.000099" asserts="0">
          <properties>
            <property name="retryIteration" value="0" />
            <property name="repeatIteration" value="0" />
          </properties>
        </test-case>
      </test-suite>
      <test-suite type="TestFixture" id="1567" name="NowRendererTests" fullname="NowRendererTests" classname="NowRendererTests" runstate="Runnable" testcasecount="46" result="Passed" start-time="2026-07-03 16:40:00Z" end-time="2026-07-03 16:40:00Z" duration="0.040436" total="46" passed="46" failed="0" inconclusive="0" skipped="0" asserts="0">
        <properties />
        <test-case id="1610" name="CanvasDrawListAutomaticallyRetainsRenderReplayForUGUIGlass" fullname="NowRendererTests.CanvasDrawListAutomaticallyRetainsRenderReplayForUGUIGlass" methodname="CanvasDrawListAutomaticallyRetainsRenderReplayForUGUIGlass" classname="NowRendererTests" runstate="Runnable" seed="801221494" result="Passed" start-time="2026-07-03 16:40:00Z" end-time="2026-07-03 16:40:00Z" duration="0.000521" asserts="0">
          <properties>
            <property name="retryIteration" value="0" />
            <property name="repeatIteration" value="0" />
          </properties>
        </test-case>
        <test-case id="1611" name="CanvasDrawListSkipsRenderReplayWithoutGlass" fullname="NowRendererTests.CanvasDrawListSkipsRenderReplayWithoutGlass" methodname="CanvasDrawListSkipsRenderReplayWithoutGlass" classname="NowRendererTests" runstate="Runnable" seed="242792623" result="Passed" start-time="2026-07-03 16:40:00Z" end-time="2026-07-03 16:40:00Z" duration="0.000226" asserts="0">
          <properties>
            <property name="retryIteration" value="0" />
            <property name="repeatIteration" value="0" />
          </properties>
        </test-case>
        <test-case id="1594" name="DrawListBuildCapturesBezierDashAndArrowGeometry" fullname="NowRendererTests.DrawListBuildCapturesBezierDashAndArrowGeometry" methodname="DrawListBuildCapturesBezierDashAndArrowGeometry" classname="NowRendererTests" runstate="Runnable" seed="1877215774" result="Passed" start-time="2026-07-03 16:40:00Z" end-time="2026-07-03 16:40:00Z" duration="0.000754" asserts="0">
          <properties>
            <property name="retryIteration" value="0" />
            <property name="repeatIteration" value="0" />
          </properties>
        </test-case>
        <test-case id="1595" name="DrawListBuildCapturesCoreShapeGeometry" fullname="NowRendererTests.DrawListBuildCapturesCoreShapeGeometry" methodname="DrawListBuildCapturesCoreShapeGeometry" classname="NowRendererTests" runstate="Runnable" seed="1724705166" result="Passed" start-time="2026-07-03 16:40:00Z" end-time="2026-07-03 16:40:00Z" duration="0.000389" asserts="0">
          <properties>
            <property name="retryIteration" value="0" />
            <property name="repeatIteration" value="0" />
          </properties>
        </test-case>
        <test-case id="1578" name="DrawListBuildCapturesGlassGeometryAndBatchData" fullname="NowRendererTests.DrawListBuildCapturesGlassGeometryAndBatchData" methodname="DrawListBuildCapturesGlassGeometryAndBatchData" classname="NowRendererTests" runstate="Runnable" seed="1642431224" result="Passed" start-time="2026-07-03 16:40:00Z" end-time="2026-07-03 16:40:00Z" duration="0.000568" asserts="0">
          <properties>
            <property name="retryIteration" value="0" />
            <property name="repeatIteration" value="0" />
          </properties>
        </test-case>
        <test-case id="1593" name="DrawListBuildCapturesLineGeometry" fullname="NowRendererTests.DrawListBuildCapturesLineGeometry" methodname="DrawListBuildCapturesLineGeometry" classname="NowRendererTests" runstate="Runnable" seed="260363395" result="Passed" start-time="2026-07-03 16:40:00Z" end-time="2026-07-03 16:40:00Z" duration="0.000257" asserts="0">
          <properties>
            <property name="retryIteration" value="0" />
            <property name="repeatIteration" value="0" />
          </properties>
        </test-case>
        <test-case id="1570" name="DrawListBuildCapturesRectangleGeometry" fullname="NowRendererTests.DrawListBuildCapturesRectangleGeometry" methodname="DrawListBuildCapturesRectangleGeometry" classname="NowRendererTests" runstate="Runnable" seed="390238918" result="Passed" start-time="2026-07-03 16:40:00Z" end-time="2026-07-03 16:40:00Z" duration="0.000254" asserts="0">
          <properties>
            <property name="retryIteration" value="0" />
            <property name="repeatIteration" value="0" />
          </properties>
        </test-case>
        <test-case id="1573" name="DrawListBuildCapturesRippleGeometry" fullname="NowRendererTests.DrawListBuildCapturesRippleGeometry" methodname="DrawListBuildCapturesRippleGeometry" classname="NowRendererTests" runstate="Runnable" seed="570632088" result="Passed" start-time="2026-07-03 16:40:00Z" end-time="2026-07-03 16:40:00Z" duration="0.001358" asserts="0">
          <properties>
            <property name="retryIteration" value="0" />
            <property name="repeatIteration" value="0" />
          </properties>
        </test-case>
        <test-case id="1574" name="DrawListClearRemovesGeometry" fullname="NowRendererTests.DrawListClearRemovesGeometry" methodname="DrawListClearRemovesGeometry" classname="NowRendererTests" runstate="Runnable" seed="383663821" result="Passed" start-time="2026-07-03 16:40:00Z" end-time="2026-07-03 16:40:00Z" duration="0.000257" asserts="0">
          <properties>
            <property name="retryIteration" value="0" />
            <property name="repeatIteration" value="0" />
          </properties>
        </test-case>
        <test-case id="1568" name="DrawListWarmupCanUseInputProviderAndClearsGeometry" fullname="NowRendererTests.DrawListWarmupCanUseInputProviderAndClearsGeometry" methodname="DrawListWarmupCanUseInputProviderAndClearsGeometry" classname="NowRendererTests" runstate="Runnable" seed="1842126632" result="Passed" start-time="2026-07-03 16:40:00Z" end-time="2026-07-03 16:40:00Z" duration="0.000454" asserts="0">
          <properties>
            <property name="retryIteration" value="0" />
            <property name="repeatIteration" value="0" />
          </properties>
        </test-case>
        <test-case id="1576" name="DrawListWarmupClearsCapturedGeometry" fullname="NowRendererTests.DrawListWarmupClearsCapturedGeometry" methodname="DrawListWarmupClearsCapturedGeometry" classname="NowRendererTests" runstate="Runnable" seed="1786116327" result="Passed" start-time="2026-07-03 16:40:00Z" end-time="2026-07-03 16:40:00Z" duration="0.000401" asserts="0">
          <properties>
            <property name="retryIteration" value="0" />
            <property name="repeatIteration" value="0" />
          </properties>
        </test-case>
        <test-case id="1569" name="DrawListWarmupClearsGeometryWhenDrawThrows" fullname="NowRendererTests.DrawListWarmupClearsGeometryWhenDrawThrows" methodname="DrawListWarmupClearsGeometryWhenDrawThrows" classname="NowRendererTests" runstate="Runnable" seed="1137531270" result="Passed" start-time="2026-07-03 16:40:00Z" end-time="2026-07-03 16:40:00Z" duration="0.000306" asserts="0">
          <properties>
            <property name="retryIteration" value="0" />
            <property name="repeatIteration" value="0" />
          </properties>
        </test-case>
        <test-case id="1582" name="GlassBlurPlanUsesHigherQualitySettingsForUiRadii" fullname="NowRendererTests.GlassBlurPlanUsesHigherQualitySettingsForUiRadii" methodname="GlassBlurPlanUsesHigherQualitySettingsForUiRadii" classname="NowRendererTests" runstate="Runnable" seed="126421673" result="Passed" start-time="2026-07-03 16:40:00Z" end-time="2026-07-03 16:40:00Z" duration="0.000202" asserts="0">
          <properties>
            <property name="retryIteration" value="0" />
            <property name="repeatIteration" value="0" />
          </properties>
        </test-case>
        <test-case id="1609" name="GlassDiagnosticsUseBoundedNonAllocEntryStorage" fullname="NowRendererTests.GlassDiagnosticsUseBoundedNonAllocEntryStorage" methodname="GlassDiagnosticsUseBoundedNonAllocEntryStorage" classname="NowRendererTests" runstate="Runnable" seed="1886290137" result="Passed" start-time="2026-07-03 16:40:00Z" end-time="2026-07-03 16:40:00Z" duration="0.000437" asserts="0">
          <properties>
            <property name="retryIteration" value="0" />
            <property name="repeatIteration" value="0" />
          </properties>
        </test-case>
        <test-case id="1579" name="GlassPreservesDrawOrderAndSplitsDifferentBlurSettings" fullname="NowRendererTests.GlassPreservesDrawOrderAndSplitsDifferentBlurSettings" methodname="GlassPreservesDrawOrderAndSplitsDifferentBlurSettings" classname="NowRendererTests" runstate="Runnable" seed="1644869455" result="Passed" start-time="2026-07-03 16:40:00Z" end-time="2026-07-03 16:40:00Z" duration="0.000369" asserts="0">
          <properties>
            <property name="retryIteration" value="0" />
            <property name="repeatIteration" value="0" />
          </properties>
        </test-case>
        <test-case id="1580" name="GlassQualityCanUseHostDefaultAndPerPaneOverride" fullname="NowRendererTests.GlassQualityCanUseHostDefaultAndPerPaneOverride" methodname="GlassQualityCanUseHostDefaultAndPerPaneOverride" classname="NowRendererTests" runstate="Runnable" seed="594656601" result="Passed" start-time="2026-07-03 16:40:00Z" end-time="2026-07-03 16:40:00Z" duration="0.000263" asserts="0">
          <properties>
            <property name="retryIteration" value="0" />
            <property name="repeatIteration" value="0" />
          </properties>
        </test-case>
        <test-case id="1612" name="GraphicCanUseReplayBackedGlassMaterial" fullname="NowRendererTests.GraphicCanUseReplayBackedGlassMaterial" methodname="GraphicCanUseReplayBackedGlassMaterial" classname="NowRendererTests" runstate="Runnable" seed="798809179" result="Passed" start-time="2026-07-03 16:40:00Z" end-time="2026-07-03 16:40:00Z" duration="0.005190" asserts="0">
          <properties>
            <property name="retryIteration" value="0" />
            <property name="repeatIteration" value="0" />
          </properties>
        </test-case>
        <test-case id="1601" name="GraphicColorMultipliesCapturedCanvasContent" fullname="NowRendererTests.GraphicColorMultipliesCapturedCanvasContent" methodname="GraphicColorMultipliesCapturedCanvasContent" classname="NowRendererTests" runstate="Runnable" seed="795621647" result="Passed" start-time="2026-07-03 16:40:00Z" end-time="2026-07-03 16:40:00Z" duration="0.001577" asserts="0">
          <properties>
            <property name="retryIteration" value="0" />
            <property name="repeatIteration" value="0" />
          </properties>
        </test-case>
        <test-case id="1603" name="GraphicDrawUsesCanvasScaleFactor" fullname="NowRendererTests.GraphicDrawUsesCanvasScaleFactor" methodname="GraphicDrawUsesCanvasScaleFactor" classname="NowRendererTests" runstate="Runnable" seed="224982363" result="Passed" start-time="2026-07-03 16:40:00Z" end-time="2026-07-03 16:40:00Z" duration="0.000913" asserts="0">
          <properties>
            <property name="retryIteration" value="0" />
            <property name="repeatIteration" value="0" />
          </properties>
        </test-case>
        <test-case id="1608" name="GraphicGlassDiagnosticsReportsUGUIReplay" fullname="NowRendererTests.GraphicGlassDiagnosticsReportsUGUIReplay" methodname="GraphicGlassDiagnosticsReportsUGUIReplay" classname="NowRendererTests" runstate="Runnable" seed="2051439362" result="Passed" start-time="2026-07-03 16:40:00Z" end-time="2026-07-03 16:40:00Z" duration="0.001562" asserts="0">
          <properties>
            <property name="retryIteration" value="0" />
            <property name="repeatIteration" value="0" />
          </properties>
        </test-case>
        <test-case id="1604" name="GraphicLayoutInputMeasuresPreferredSizeBeforeGeometryRebuild" fullname="NowRendererTests.GraphicLayoutInputMeasuresPreferredSizeBeforeGeometryRebuild" methodname="GraphicLayoutInputMeasuresPreferredSizeBeforeGeometryRebuild" classname="NowRendererTests" runstate="Runnable" seed="1267183944" result="Passed" start-time="2026-07-03 16:40:00Z" end-time="2026-07-03 16:40:00Z" duration="0.001317" asserts="0">
          <properties>
            <property name="retryIteration" value="0" />
            <property name="repeatIteration" value="0" />
          </properties>
        </test-case>
        <test-case id="1602" name="GraphicRectangleCanvasMeshPacksTextureAndRawUvs" fullname="NowRendererTests.GraphicRectangleCanvasMeshPacksTextureAndRawUvs" methodname="GraphicRectangleCanvasMeshPacksTextureAndRawUvs" classname="NowRendererTests" runstate="Runnable" seed="598771736" result="Passed" start-time="2026-07-03 16:40:00Z" end-time="2026-07-03 16:40:00Z" duration="0.001323" asserts="0">
          <properties>
            <property name="retryIteration" value="0" />
            <property name="repeatIteration" value="0" />
          </properties>
        </test-case>
        <test-case id="1613" name="GraphicUsesCustomCanvasRectangleMaterial" fullname="NowRendererTests.GraphicUsesCustomCanvasRectangleMaterial" methodname="GraphicUsesCustomCanvasRectangleMaterial" classname="NowRendererTests" runstate="Runnable" seed="143880953" result="Passed" start-time="2026-07-03 16:40:00Z" end-time="2026-07-03 16:40:00Z" duration="0.001027" asserts="0">
          <properties>
            <property name="retryIteration" value="0" />
            <property name="repeatIteration" value="0" />
          </properties>
        </test-case>
        <test-case id="1607" name="GraphicUsesReplayBackedGlassMaterialAutomatically" fullname="NowRendererTests.GraphicUsesReplayBackedGlassMaterialAutomatically" methodname="GraphicUsesReplayBackedGlassMaterialAutomatically" classname="NowRendererTests" runstate="Runnable" seed="817928943" result="Passed" start-time="2026-07-03 16:40:00Z" end-time="2026-07-03 16:40:00Z" duration="0.001047" asserts="0">
          <properties>
            <property name="retryIteration" value="0" />
            <property name="repeatIteration" value="0" />
          </properties>
        </test-case>
        <test-case id="1605" name="GraphicUsesStencilMaterialWhenUnderUnityMask" fullname="NowRendererTests.GraphicUsesStencilMaterialWhenUnderUnityMask" methodname="GraphicUsesStencilMaterialWhenUnderUnityMask" classname="NowRendererTests" runstate="Runnable" seed="1232268966" result="Passed" start-time="2026-07-03 16:40:00Z" end-time="2026-07-03 16:40:00Z" duration="0.002785" asserts="0">
          <properties>
            <property name="retryIteration" value="0" />
            <property name="repeatIteration" value="0" />
          </properties>
        </test-case>
        <test-case id="1584" name="ModifierScopeCapturesAndAppendsMeshGeometry" fullname="NowRendererTests.ModifierScopeCapturesAndAppendsMeshGeometry" methodname="ModifierScopeCapturesAndAppendsMeshGeometry" classname="NowRendererTests" runstate="Runnable" seed="1071523918" result="Passed" start-time="2026-07-03 16:40:00Z" end-time="2026-07-03 16:40:00Z" duration="0.000618" asserts="0">
          <properties>
            <property name="retryIteration" value="0" />
            <property name="repeatIteration" value="0" />
          </properties>
        </test-case>
        <test-case id="1592" name="ModifierScopeRunsControlsPassively" fullname="NowRendererTests.ModifierScopeRunsControlsPassively" methodname="ModifierScopeRunsControlsPassively" classname="NowRendererTests" runstate="Runnable" seed="337478382" result="Passed" start-time="2026-07-03 16:40:00Z" end-time="2026-07-03 16:40:00Z" duration="0.000482" asserts="0">
          <properties>
            <property name="retryIteration" value="0" />
            <property name="repeatIteration" value="0" />
          </properties>
        </test-case>
        <test-case id="1589" name="ModifierSubdivisionCanOptIntoTextGlyphSubdivision" fullname="NowRendererTests.ModifierSubdivisionCanOptIntoTextGlyphSubdivision" methodname="ModifierSubdivisionCanOptIntoTextGlyphSubdivision" classname="NowRendererTests" runstate="Runnable" seed="983110804" result="Passed" start-time="2026-07-03 16:40:00Z" end-time="2026-07-03 16:40:00Z" duration="0.000469" asserts="0">
          <properties>
            <property name="retryIteration" value="0" />
            <property name="repeatIteration" value="0" />
          </properties>
        </test-case>
        <test-case id="1588" name="ModifierSubdivisionKeepsTextGlyphQuadsByDefault" fullname="NowRendererTests.ModifierSubdivisionKeepsTextGlyphQuadsByDefault" methodname="ModifierSubdivisionKeepsTextGlyphQuadsByDefault" classname="NowRendererTests" runstate="Runnable" seed="367893842" result="Passed" start-time="2026-07-03 16:40:00Z" end-time="2026-07-03 16:40:00Z" duration="0.000373" asserts="0">
          <properties>
            <property name="retryIteration" value="0" />
            <property name="repeatIteration" value="0" />
          </properties>
        </test-case>
        <test-case id="1585" name="ModifierSubdivisionSplitsQuadGeometry" fullname="NowRendererTests.ModifierSubdivisionSplitsQuadGeometry" methodname="ModifierSubdivisionSplitsQuadGeometry" classname="NowRendererTests" runstate="Runnable" seed="527366087" result="Passed" start-time="2026-07-03 16:40:00Z" end-time="2026-07-03 16:40:00Z" duration="0.000339" asserts="0">
          <properties>
            <property name="retryIteration" value="0" />
            <property name="repeatIteration" value="0" />
          </properties>
        </test-case>
        <test-case id="1586" name="ModifierTextureBackendDrawsSubdividedSurface" fullname="NowRendererTests.ModifierTextureBackendDrawsSubdividedSurface" methodname="ModifierTextureBackendDrawsSubdividedSurface" classname="NowRendererTests" runstate="Runnable" seed="1259915352" result="Passed" start-time="2026-07-03 16:40:00Z" end-time="2026-07-03 16:40:00Z" duration="0.000701" asserts="0">
          <properties>
            <property name="retryIteration" value="0" />
            <property name="repeatIteration" value="0" />
          </properties>
        </test-case>
        <test-case id="1572" name="NativeRenderMeshPackPreservesRenderChannelsWhenAvailable" fullname="NowRendererTests.NativeRenderMeshPackPreservesRenderChannelsWhenAvailable" methodname="NativeRenderMeshPackPreservesRenderChannelsWhenAvailable" classname="NowRendererTests" runstate="Runnable" seed="390038" result="Passed" start-time="2026-07-03 16:40:00Z" end-time="2026-07-03 16:40:00Z" duration="0.000873" asserts="0">
          <properties>
            <property name="retryIteration" value="0" />
            <property name="repeatIteration" value="0" />
          </properties>
        </test-case>
        <test-case id="1583" name="NestedDrawListCaptureRestoresAmbientMask" fullname="NowRendererTests.NestedDrawListCaptureRestoresAmbientMask" methodname="NestedDrawListCaptureRestoresAmbientMask" classname="NowRendererTests" runstate="Runnable" seed="1519646639" result="Passed" start-time="2026-07-03 16:40:00Z" end-time="2026-07-03 16:40:00Z" duration="0.000401" asserts="0">
          <properties>
            <property name="retryIteration" value="0" />
            <property name="repeatIteration" value="0" />
          </properties>
        </test-case>
        <test-case id="1600" name="PipelineGraphicBuildsDrawListForTargetCamera" fullname="NowRendererTests.PipelineGraphicBuildsDrawListForTargetCamera" methodname="PipelineGraphicBuildsDrawListForTargetCamera" classname="NowRendererTests" runstate="Runnable" seed="631091835" result="Passed" start-time="2026-07-03 16:40:00Z" end-time="2026-07-03 16:40:00Z" duration="0.002991" asserts="0">
          <properties>
            <property name="retryIteration" value="0" />
            <property name="repeatIteration" value="0" />
          </properties>
        </test-case>
        <test-case id="1571" name="RectangleMeshIncludesVisualPaddingForEdgeEffects" fullname="NowRendererTests.RectangleMeshIncludesVisualPaddingForEdgeEffects" methodname="RectangleMeshIncludesVisualPaddingForEdgeEffects" classname="NowRendererTests" runstate="Runnable" seed="945593429" result="Passed" start-time="2026-07-03 16:40:00Z" end-time="2026-07-03 16:40:00Z" duration="0.000858" asserts="0">
          <properties>
            <property name="retryIteration" value="0" />
            <property name="repeatIteration" value="0" />
          </properties>
        </test-case>
        <test-case id="1581" name="RemovedTintOnlyQualityValueResolvesToBlurredDefault" fullname="NowRendererTests.RemovedTintOnlyQualityValueResolvesToBlurredDefault" methodname="RemovedTintOnlyQualityValueResolvesToBlurredDefault" classname="NowRendererTests" runstate="Runnable" seed="486958876" result="Passed" start-time="2026-07-03 16:40:00Z" end-time="2026-07-03 16:40:00Z" duration="0.000150" asserts="0">
          <properties>
            <property name="retryIteration" value="0" />
            <property name="repeatIteration" value="0" />
          </properties>
        </test-case>
        <test-case id="1575" name="RendererBuildCapturesRectangleGeometry" fullname="NowRendererTests.RendererBuildCapturesRectangleGeometry" methodname="RendererBuildCapturesRectangleGeometry" classname="NowRendererTests" runstate="Runnable" seed="105190240" result="Passed" start-time="2026-07-03 16:40:00Z" end-time="2026-07-03 16:40:00Z" duration="0.000544" asserts="0">
          <properties>
            <property name="retryIteration" value="0" />
            <property name="repeatIteration" value="0" />
          </properties>
        </test-case>
        <test-case id="1596" name="RendererBuildClearsGeometryWhenSizeIsInvalid" fullname="NowRendererTests.RendererBuildClearsGeometryWhenSizeIsInvalid" methodname="RendererBuildClearsGeometryWhenSizeIsInvalid" classname="NowRendererTests" runstate="Runnable" seed="1339153924" result="Passed" start-time="2026-07-03 16:40:00Z" end-time="2026-07-03 16:40:00Z" duration="0.000288" asserts="0">
          <properties>
            <property name="retryIteration" value="0" />
            <property name="repeatIteration" value="0" />
          </properties>
        </test-case>
        <test-case id="1597" name="RendererDrawRejectsMissingCommandBuffer" fullname="NowRendererTests.RendererDrawRejectsMissingCommandBuffer" methodname="RendererDrawRejectsMissingCommandBuffer" classname="NowRendererTests" runstate="Runnable" seed="1560750140" result="Passed" start-time="2026-07-03 16:40:00Z" end-time="2026-07-03 16:40:00Z" duration="0.000214" asserts="0">
          <properties>
            <property name="retryIteration" value="0" />
            <property name="repeatIteration" value="0" />
          </properties>
        </test-case>
        <test-case id="1599" name="RendererDrawWithoutTargetUsesSelfReplayForGlass" fullname="NowRendererTests.RendererDrawWithoutTargetUsesSelfReplayForGlass" methodname="RendererDrawWithoutTargetUsesSelfReplayForGlass" classname="NowRendererTests" runstate="Runnable" seed="2123349933" result="Passed" start-time="2026-07-03 16:40:00Z" end-time="2026-07-03 16:40:00Z" duration="0.000409" asserts="0">
          <properties>
            <property name="retryIteration" value="0" />
            <property name="repeatIteration" value="0" />
          </properties>
        </test-case>
        <test-case id="1598" name="RendererStaticDrawRejectsMissingDrawList" fullname="NowRendererTests.RendererStaticDrawRejectsMissingDrawList" methodname="RendererStaticDrawRejectsMissingDrawList" classname="NowRendererTests" runstate="Runnable" seed="1559948973" result="Passed" start-time="2026-07-03 16:40:00Z" end-time="2026-07-03 16:40:00Z" duration="0.000168" asserts="0">
          <properties>
            <property name="retryIteration" value="0" />
            <property name="repeatIteration" value="0" />
          </properties>
        </test-case>
        <test-case id="1577" name="RendererWarmupRejectsMissingDrawCallback" fullname="NowRendererTests.RendererWarmupRejectsMissingDrawCallback" methodname="RendererWarmupRejectsMissingDrawCallback" classname="NowRendererTests" runstate="Runnable" seed="1321295072" result="Passed" start-time="2026-07-03 16:40:00Z" end-time="2026-07-03 16:40:00Z" duration="0.000210" asserts="0">
          <properties>
            <property name="retryIteration" value="0" />
            <property name="repeatIteration" value="0" />
          </properties>
        </test-case>
        <test-case id="1587" name="SnapshotTextureSizeUsesUiScaleAndPixelSnappedBounds" fullname="NowRendererTests.SnapshotTextureSizeUsesUiScaleAndPixelSnappedBounds" methodname="SnapshotTextureSizeUsesUiScaleAndPixelSnappedBounds" classname="NowRendererTests" runstate="Runnable" seed="1581934112" result="Passed" start-time="2026-07-03 16:40:00Z" end-time="2026-07-03 16:40:00Z" duration="0.001790" asserts="0">
          <properties>
            <property name="retryIteration" value="0" />
            <property name="repeatIteration" value="0" />
          </properties>
        </test-case>
        <test-case id="1590" name="TextBufferBuildsCompositeNumericLabel" fullname="NowRendererTests.TextBufferBuildsCompositeNumericLabel" methodname="TextBufferBuildsCompositeNumericLabel" classname="NowRendererTests" runstate="Runnable" seed="17357227" result="Passed" start-time="2026-07-03 16:40:00Z" end-time="2026-07-03 16:40:00Z" duration="0.000696" asserts="0">
          <properties>
            <property name="retryIteration" value="0" />
            <property name="repeatIteration" value="0" />
          </properties>
        </test-case>
        <test-case id="1591" name="TextDrawsFormattedNumbers" fullname="NowRendererTests.TextDrawsFormattedNumbers" methodname="TextDrawsFormattedNumbers" classname="NowRendererTests" runstate="Runnable" seed="1336890139" result="Passed" start-time="2026-07-03 16:40:00Z" end-time="2026-07-03 16:40:00Z" duration="0.000726" asserts="0">
          <properties>
            <property name="retryIteration" value="0" />
            <property name="repeatIteration" value="0" />
          </properties>
        </test-case>
        <test-case id="1606" name="UguiMaterialsExposeRectMaskSoftnessProperties" fullname="NowRendererTests.UguiMaterialsExposeRectMaskSoftnessProperties" methodname="UguiMaterialsExposeRectMaskSoftnessProperties" classname="NowRendererTests" runstate="Runnable" seed="300656713" result="Passed" start-time="2026-07-03 16:40:00Z" end-time="2026-07-03 16:40:00Z" duration="0.000281" asserts="0">
          <properties>
            <property name="retryIteration" value="0" />
            <property name="repeatIteration" value="0" />
          </properties>
        </test-case>
      </test-suite>
      <test-suite type="TestFixture" id="1614" name="NowScreenTests" fullname="NowScreenTests" classname="NowScreenTests" runstate="Runnable" testcasecount="9" result="Passed" start-time="2026-07-03 16:40:00Z" end-time="2026-07-03 16:40:00Z" duration="0.004030" total="9" passed="9" failed="0" inconclusive="0" skipped="0" asserts="0">
        <properties />
        <test-case id="1620" name="RecommendedUIScaleNeverShrinksUI" fullname="NowScreenTests.RecommendedUIScaleNeverShrinksUI" methodname="RecommendedUIScaleNeverShrinksUI" classname="NowScreenTests" runstate="Runnable" seed="232040478" result="Passed" start-time="2026-07-03 16:40:00Z" end-time="2026-07-03 16:40:00Z" duration="0.000832" asserts="0">
          <properties>
            <property name="retryIteration" value="0" />
            <property name="repeatIteration" value="0" />
          </properties>
        </test-case>
        <test-case id="1621" name="ReferenceDpiRejectsNonPositiveValues" fullname="NowScreenTests.ReferenceDpiRejectsNonPositiveValues" methodname="ReferenceDpiRejectsNonPositiveValues" classname="NowScreenTests" runstate="Runnable" seed="1471836546" result="Passed" start-time="2026-07-03 16:40:00Z" end-time="2026-07-03 16:40:00Z" duration="0.000139" asserts="0">
          <properties>
            <property name="retryIteration" value="0" />
            <property name="repeatIteration" value="0" />
          </properties>
        </test-case>
        <test-case id="1623" name="SafeAreaFitsInsideLogicalScreen" fullname="NowScreenTests.SafeAreaFitsInsideLogicalScreen" methodname="SafeAreaFitsInsideLogicalScreen" classname="NowScreenTests" runstate="Runnable" seed="565227926" result="Passed" start-time="2026-07-03 16:40:00Z" end-time="2026-07-03 16:40:00Z" duration="0.000431" asserts="0">
          <properties>
            <property name="retryIteration" value="0" />
            <property name="repeatIteration" value="0" />
          </properties>
        </test-case>
        <test-case id="1622" name="SafeAreaIsExpressedInUIUnits" fullname="NowScreenTests.SafeAreaIsExpressedInUIUnits" methodname="SafeAreaIsExpressedInUIUnits" classname="NowScreenTests" runstate="Runnable" seed="118732609" result="Passed" start-time="2026-07-03 16:40:00Z" end-time="2026-07-03 16:40:00Z" duration="0.000198" asserts="0">
          <properties>
            <property name="retryIteration" value="0" />
            <property name="repeatIteration" value="0" />
          </properties>
        </test-case>
        <test-case id="1615" name="StartUIDefaultsToScaleOne" fullname="NowScreenTests.StartUIDefaultsToScaleOne" methodname="StartUIDefaultsToScaleOne" classname="NowScreenTests" runstate="Runnable" seed="519451068" result="Passed" start-time="2026-07-03 16:40:00Z" end-time="2026-07-03 16:40:00Z" duration="0.000140" asserts="0">
          <properties>
            <property name="retryIteration" value="0" />
            <property name="repeatIteration" value="0" />
          </properties>
        </test-case>
        <test-case id="1619" name="StartUIRejectsInvalidScale" fullname="NowScreenTests.StartUIRejectsInvalidScale" methodname="StartUIRejectsInvalidScale" classname="NowScreenTests" runstate="Runnable" seed="333048345" result="Passed" start-time="2026-07-03 16:40:00Z" end-time="2026-07-03 16:40:00Z" duration="0.000435" asserts="0">
          <properties>
            <property name="retryIteration" value="0" />
            <property name="repeatIteration" value="0" />
          </properties>
        </test-case>
        <test-case id="1618" name="StartUIWithMaskResetsScale" fullname="NowScreenTests.StartUIWithMaskResetsScale" methodname="StartUIWithMaskResetsScale" classname="NowScreenTests" runstate="Runnable" seed="1425671291" result="Passed" start-time="2026-07-03 16:40:00Z" end-time="2026-07-03 16:40:00Z" duration="0.000144" asserts="0">
          <properties>
            <property name="retryIteration" value="0" />
            <property name="repeatIteration" value="0" />
          </properties>
        </test-case>
        <test-case id="1617" name="StartUIWithScaleMapsInputToLogicalUnits" fullname="NowScreenTests.StartUIWithScaleMapsInputToLogicalUnits" methodname="StartUIWithScaleMapsInputToLogicalUnits" classname="NowScreenTests" runstate="Runnable" seed="1469263079" result="Passed" start-time="2026-07-03 16:40:00Z" end-time="2026-07-03 16:40:00Z" duration="0.000161" asserts="0">
          <properties>
            <property name="retryIteration" value="0" />
            <property name="repeatIteration" value="0" />
          </properties>
        </test-case>
        <test-case id="1616" name="StartUIWithScaleShrinksLogicalScreen" fullname="NowScreenTests.StartUIWithScaleShrinksLogicalScreen" methodname="StartUIWithScaleShrinksLogicalScreen" classname="NowScreenTests" runstate="Runnable" seed="524236627" result="Passed" start-time="2026-07-03 16:40:00Z" end-time="2026-07-03 16:40:00Z" duration="0.000147" asserts="0">
          <properties>
            <property name="retryIteration" value="0" />
            <property name="repeatIteration" value="0" />
          </properties>
        </test-case>
      </test-suite>
      <test-suite type="TestFixture" id="1624" name="NowSdfTests" fullname="NowSdfTests" classname="NowSdfTests" runstate="Runnable" testcasecount="6" result="Passed" start-time="2026-07-03 16:40:00Z" end-time="2026-07-03 16:40:00Z" duration="0.014367" total="6" passed="6" failed="0" inconclusive="0" skipped="0" asserts="0">
        <properties />
        <test-case id="1626" name="SdfSceneBindsTextureToMaterial" fullname="NowSdfTests.SdfSceneBindsTextureToMaterial" methodname="SdfSceneBindsTextureToMaterial" classname="NowSdfTests" runstate="Runnable" seed="1668275905" result="Passed" start-time="2026-07-03 16:40:00Z" end-time="2026-07-03 16:40:00Z" duration="0.006344" asserts="0">
          <properties>
            <property name="retryIteration" value="0" />
            <property name="repeatIteration" value="0" />
          </properties>
        </test-case>
        <test-case id="1628" name="SdfSceneCanUseTextAsOperationOperand" fullname="NowSdfTests.SdfSceneCanUseTextAsOperationOperand" methodname="SdfSceneCanUseTextAsOperationOperand" classname="NowSdfTests" runstate="Runnable" seed="400118463" result="Passed" start-time="2026-07-03 16:40:00Z" end-time="2026-07-03 16:40:00Z" duration="0.003144" asserts="0">
          <properties>
            <property name="retryIteration" value="0" />
            <property name="repeatIteration" value="0" />
          </properties>
        </test-case>
        <test-case id="1629" name="SdfSceneComposesReusableGraphs" fullname="NowSdfTests.SdfSceneComposesReusableGraphs" methodname="SdfSceneComposesReusableGraphs" classname="NowSdfTests" runstate="Runnable" seed="673695713" result="Passed" start-time="2026-07-03 16:40:00Z" end-time="2026-07-03 16:40:00Z" duration="0.000872" asserts="0">
          <properties>
            <property name="retryIteration" value="0" />
            <property name="repeatIteration" value="0" />
          </properties>
        </test-case>
        <test-case id="1625" name="SdfSceneEmitsSingleMaterialQuad" fullname="NowSdfTests.SdfSceneEmitsSingleMaterialQuad" methodname="SdfSceneEmitsSingleMaterialQuad" classname="NowSdfTests" runstate="Runnable" seed="1958863091" result="Passed" start-time="2026-07-03 16:40:00Z" end-time="2026-07-03 16:40:00Z" duration="0.000772" asserts="0">
          <properties>
            <property name="retryIteration" value="0" />
            <property name="repeatIteration" value="0" />
          </properties>
        </test-case>
        <test-case id="1630" name="SdfSceneMorphUploadsBothGraphsAsOneLayer" fullname="NowSdfTests.SdfSceneMorphUploadsBothGraphsAsOneLayer" methodname="SdfSceneMorphUploadsBothGraphsAsOneLayer" classname="NowSdfTests" runstate="Runnable" seed="360391023" result="Passed" start-time="2026-07-03 16:40:00Z" end-time="2026-07-03 16:40:00Z" duration="0.000998" asserts="0">
          <properties>
            <property name="retryIteration" value="0" />
            <property name="repeatIteration" value="0" />
          </properties>
        </test-case>
        <test-case id="1627" name="SdfSceneUploadsEffectSettings" fullname="NowSdfTests.SdfSceneUploadsEffectSettings" methodname="SdfSceneUploadsEffectSettings" classname="NowSdfTests" runstate="Runnable" seed="1755087278" result="Passed" start-time="2026-07-03 16:40:00Z" end-time="2026-07-03 16:40:00Z" duration="0.001465" asserts="0">
          <properties>
            <property name="retryIteration" value="0" />
            <property name="repeatIteration" value="0" />
          </properties>
        </test-case>
      </test-suite>
      <test-suite type="TestFixture" id="1631" name="NowTextAreaTests" fullname="NowTextAreaTests" classname="NowTextAreaTests" runstate="Runnable" testcasecount="24" result="Passed" start-time="2026-07-03 16:40:00Z" end-time="2026-07-03 16:40:00Z" duration="0.012343" total="24" passed="24" failed="0" inconclusive="0" skipped="0" asserts="0">
        <properties />
        <test-case id="1646" name="BackspaceAtLineStartJoinsLines" fullname="NowTextAreaTests.BackspaceAtLineStartJoinsLines" methodname="BackspaceAtLineStartJoinsLines" classname="NowTextAreaTests" runstate="Runnable" seed="688911497" result="Passed" start-time="2026-07-03 16:40:00Z" end-time="2026-07-03 16:40:00Z" duration="0.000735" asserts="0">
          <properties>
            <property name="retryIteration" value="0" />
            <property name="repeatIteration" value="0" />
          </properties>
        </test-case>
        <test-case id="1648" name="ClickPlacesCaretOnTheClickedLine" fullname="NowTextAreaTests.ClickPlacesCaretOnTheClickedLine" methodname="ClickPlacesCaretOnTheClickedLine" classname="NowTextAreaTests" runstate="Runnable" seed="1923940034" result="Passed" start-time="2026-07-03 16:40:00Z" end-time="2026-07-03 16:40:00Z" duration="0.000367" asserts="0">
          <properties>
            <property name="retryIteration" value="0" />
            <property name="repeatIteration" value="0" />
          </properties>
        </test-case>
        <test-case id="1644" name="CopyAndCutKeepNewlines" fullname="NowTextAreaTests.CopyAndCutKeepNewlines" methodname="CopyAndCutKeepNewlines" classname="NowTextAreaTests" runstate="Runnable" seed="1380765346" result="Passed" start-time="2026-07-03 16:40:00Z" end-time="2026-07-03 16:40:00Z" duration="0.000604" asserts="0">
          <properties>
            <property name="retryIteration" value="0" />
            <property name="repeatIteration" value="0" />
          </properties>
        </test-case>
        <test-case id="1649" name="DoubleClickDragExtendsByWholeWords" fullname="NowTextAreaTests.DoubleClickDragExtendsByWholeWords" methodname="DoubleClickDragExtendsByWholeWords" classname="NowTextAreaTests" runstate="Runnable" seed="1209867176" result="Passed" start-time="2026-07-03 16:40:00Z" end-time="2026-07-03 16:40:00Z" duration="0.000573" asserts="0">
          <properties>
            <property name="retryIteration" value="0" />
            <property name="repeatIteration" value="0" />
          </properties>
        </test-case>
        <test-case id="1636" name="EmptyTextHasOneEmptyLine" fullname="NowTextAreaTests.EmptyTextHasOneEmptyLine" methodname="EmptyTextHasOneEmptyLine" classname="NowTextAreaTests" runstate="Runnable" seed="893393527" result="Passed" start-time="2026-07-03 16:40:00Z" end-time="2026-07-03 16:40:00Z" duration="0.000700" asserts="0">
          <properties>
            <property name="retryIteration" value="0" />
            <property name="repeatIteration" value="0" />
          </properties>
        </test-case>
        <test-case id="1647" name="EnterInsertsNewlineInsteadOfBlurring" fullname="NowTextAreaTests.EnterInsertsNewlineInsteadOfBlurring" methodname="EnterInsertsNewlineInsteadOfBlurring" classname="NowTextAreaTests" runstate="Runnable" seed="149793573" result="Passed" start-time="2026-07-03 16:40:00Z" end-time="2026-07-03 16:40:00Z" duration="0.000280" asserts="0">
          <properties>
            <property name="retryIteration" value="0" />
            <property name="repeatIteration" value="0" />
          </properties>
        </test-case>
        <test-case id="1639" name="FocusedWheelScrollCanHideCaretUntilCaretNavigation" fullname="NowTextAreaTests.FocusedWheelScrollCanHideCaretUntilCaretNavigation" methodname="FocusedWheelScrollCanHideCaretUntilCaretNavigation" classname="NowTextAreaTests" runstate="Runnable" seed="359203747" result="Passed" start-time="2026-07-03 16:40:00Z" end-time="2026-07-03 16:40:00Z" duration="0.001494" asserts="0">
          <properties>
            <property name="retryIteration" value="0" />
            <property name="repeatIteration" value="0" />
          </properties>
        </test-case>
        <test-case id="1642" name="HomeAndEndWorkPerLineAndPerDocument" fullname="NowTextAreaTests.HomeAndEndWorkPerLineAndPerDocument" methodname="HomeAndEndWorkPerLineAndPerDocument" classname="NowTextAreaTests" runstate="Runnable" seed="453600696" result="Passed" start-time="2026-07-03 16:40:00Z" end-time="2026-07-03 16:40:00Z" duration="0.000409" asserts="0">
          <properties>
            <property name="retryIteration" value="0" />
            <property name="repeatIteration" value="0" />
          </properties>
        </test-case>
        <test-case id="1653" name="ImeCompositionSuppressesEditingKeysAndCommitInserts" fullname="NowTextAreaTests.ImeCompositionSuppressesEditingKeysAndCommitInserts" methodname="ImeCompositionSuppressesEditingKeysAndCommitInserts" classname="NowTextAreaTests" runstate="Runnable" seed="348244213" result="Passed" start-time="2026-07-03 16:40:00Z" end-time="2026-07-03 16:40:00Z" duration="0.000496" asserts="0">
          <properties>
            <property name="retryIteration" value="0" />
            <property name="repeatIteration" value="0" />
          </properties>
        </test-case>
        <test-case id="1654" name="ImeEnablesOnFocusGainAndDisablesOnLoss" fullname="NowTextAreaTests.ImeEnablesOnFocusGainAndDisablesOnLoss" methodname="ImeEnablesOnFocusGainAndDisablesOnLoss" classname="NowTextAreaTests" runstate="Runnable" seed="661093718" result="Passed" start-time="2026-07-03 16:40:00Z" end-time="2026-07-03 16:40:00Z" duration="0.000354" asserts="0">
          <properties>
            <property name="retryIteration" value="0" />
            <property name="repeatIteration" value="0" />
          </properties>
        </test-case>
        <test-case id="1632" name="LayoutCoversEveryCharacterExactlyOnce" fullname="NowTextAreaTests.LayoutCoversEveryCharacterExactlyOnce" methodname="LayoutCoversEveryCharacterExactlyOnce" classname="NowTextAreaTests" runstate="Runnable" seed="1746426424" result="Passed" start-time="2026-07-03 16:40:00Z" end-time="2026-07-03 16:40:00Z" duration="0.000294" asserts="0">
          <properties>
            <property name="retryIteration" value="0" />
            <property name="repeatIteration" value="0" />
          </properties>
        </test-case>
        <test-case id="1635" name="LayoutHardSplitsWordsWiderThanTheArea" fullname="NowTextAreaTests.LayoutHardSplitsWordsWiderThanTheArea" methodname="LayoutHardSplitsWordsWiderThanTheArea" classname="NowTextAreaTests" runstate="Runnable" seed="131990295" result="Passed" start-time="2026-07-03 16:40:00Z" end-time="2026-07-03 16:40:00Z" duration="0.000239" asserts="0">
          <properties>
            <property name="retryIteration" value="0" />
            <property name="repeatIteration" value="0" />
          </properties>
        </test-case>
        <test-case id="1633" name="LayoutSplitsOnNewlinesIncludingTrailingEmptyLine" fullname="NowTextAreaTests.LayoutSplitsOnNewlinesIncludingTrailingEmptyLine" methodname="LayoutSplitsOnNewlinesIncludingTrailingEmptyLine" classname="NowTextAreaTests" runstate="Runnable" seed="518689058" result="Passed" start-time="2026-07-03 16:40:00Z" end-time="2026-07-03 16:40:00Z" duration="0.000232" asserts="0">
          <properties>
            <property name="retryIteration" value="0" />
            <property name="repeatIteration" value="0" />
          </properties>
        </test-case>
        <test-case id="1634" name="LayoutWrapsAtWordBoundaries" fullname="NowTextAreaTests.LayoutWrapsAtWordBoundaries" methodname="LayoutWrapsAtWordBoundaries" classname="NowTextAreaTests" runstate="Runnable" seed="1191717944" result="Passed" start-time="2026-07-03 16:40:00Z" end-time="2026-07-03 16:40:00Z" duration="0.000247" asserts="0">
          <properties>
            <property name="retryIteration" value="0" />
            <property name="repeatIteration" value="0" />
          </properties>
        </test-case>
        <test-case id="1637" name="LineOfPutsWrapBoundaryOnNextLineButHardBreakEndStaysPut" fullname="NowTextAreaTests.LineOfPutsWrapBoundaryOnNextLineButHardBreakEndStaysPut" methodname="LineOfPutsWrapBoundaryOnNextLineButHardBreakEndStaysPut" classname="NowTextAreaTests" runstate="Runnable" seed="156627301" result="Passed" start-time="2026-07-03 16:40:00Z" end-time="2026-07-03 16:40:00Z" duration="0.000295" asserts="0">
          <properties>
            <property name="retryIteration" value="0" />
            <property name="repeatIteration" value="0" />
          </properties>
        </test-case>
        <test-case id="1645" name="PasteNormalizesWindowsLineEndings" fullname="NowTextAreaTests.PasteNormalizesWindowsLineEndings" methodname="PasteNormalizesWindowsLineEndings" classname="NowTextAreaTests" runstate="Runnable" seed="74378151" result="Passed" start-time="2026-07-03 16:40:00Z" end-time="2026-07-03 16:40:00Z" duration="0.000321" asserts="0">
          <properties>
            <property name="retryIteration" value="0" />
            <property name="repeatIteration" value="0" />
          </properties>
        </test-case>
        <test-case id="1652" name="SelectLineSelectsNewlineDelimitedRange" fullname="NowTextAreaTests.SelectLineSelectsNewlineDelimitedRange" methodname="SelectLineSelectsNewlineDelimitedRange" classname="NowTextAreaTests" runstate="Runnable" seed="1425255269" result="Passed" start-time="2026-07-03 16:40:00Z" end-time="2026-07-03 16:40:00Z" duration="0.000178" asserts="0">
          <properties>
            <property name="retryIteration" value="0" />
            <property name="repeatIteration" value="0" />
          </properties>
        </test-case>
        <test-case id="1643" name="ShiftDownSelectsAcrossTheNewline" fullname="NowTextAreaTests.ShiftDownSelectsAcrossTheNewline" methodname="ShiftDownSelectsAcrossTheNewline" classname="NowTextAreaTests" runstate="Runnable" seed="1607002771" result="Passed" start-time="2026-07-03 16:40:00Z" end-time="2026-07-03 16:40:00Z" duration="0.000467" asserts="0">
          <properties>
            <property name="retryIteration" value="0" />
            <property name="repeatIteration" value="0" />
          </properties>
        </test-case>
        <test-case id="1651" name="TripleClickDragExtendsByWholeLines" fullname="NowTextAreaTests.TripleClickDragExtendsByWholeLines" methodname="TripleClickDragExtendsByWholeLines" classname="NowTextAreaTests" runstate="Runnable" seed="1460414490" result="Passed" start-time="2026-07-03 16:40:00Z" end-time="2026-07-03 16:40:00Z" duration="0.000404" asserts="0">
          <properties>
            <property name="retryIteration" value="0" />
            <property name="repeatIteration" value="0" />
          </properties>
        </test-case>
        <test-case id="1650" name="TripleClickSelectsTheHardLine" fullname="NowTextAreaTests.TripleClickSelectsTheHardLine" methodname="TripleClickSelectsTheHardLine" classname="NowTextAreaTests" runstate="Runnable" seed="643624397" result="Passed" start-time="2026-07-03 16:40:00Z" end-time="2026-07-03 16:40:00Z" duration="0.000464" asserts="0">
          <properties>
            <property name="retryIteration" value="0" />
            <property name="repeatIteration" value="0" />
          </properties>
        </test-case>
        <test-case id="1638" name="TypingAndEnterBuildMultipleLines" fullname="NowTextAreaTests.TypingAndEnterBuildMultipleLines" methodname="TypingAndEnterBuildMultipleLines" classname="NowTextAreaTests" runstate="Runnable" seed="945485844" result="Passed" start-time="2026-07-03 16:40:00Z" end-time="2026-07-03 16:40:00Z" duration="0.000244" asserts="0">
          <properties>
            <property name="retryIteration" value="0" />
            <property name="repeatIteration" value="0" />
          </properties>
        </test-case>
        <test-case id="1655" name="TypingUnfocusedChangesNothing" fullname="NowTextAreaTests.TypingUnfocusedChangesNothing" methodname="TypingUnfocusedChangesNothing" classname="NowTextAreaTests" runstate="Runnable" seed="1920407805" result="Passed" start-time="2026-07-03 16:40:00Z" end-time="2026-07-03 16:40:00Z" duration="0.000151" asserts="0">
          <properties>
            <property name="retryIteration" value="0" />
            <property name="repeatIteration" value="0" />
          </properties>
        </test-case>
        <test-case id="1640" name="UpDownPreserveTheGoalColumn" fullname="NowTextAreaTests.UpDownPreserveTheGoalColumn" methodname="UpDownPreserveTheGoalColumn" classname="NowTextAreaTests" runstate="Runnable" seed="46445158" result="Passed" start-time="2026-07-03 16:40:00Z" end-time="2026-07-03 16:40:00Z" duration="0.000436" asserts="0">
          <properties>
            <property name="retryIteration" value="0" />
            <property name="repeatIteration" value="0" />
          </properties>
        </test-case>
        <test-case id="1641" name="UpFromFirstLineGoesToDocumentStartAndDownFromLastToEnd" fullname="NowTextAreaTests.UpFromFirstLineGoesToDocumentStartAndDownFromLastToEnd" methodname="UpFromFirstLineGoesToDocumentStartAndDownFromLastToEnd" classname="NowTextAreaTests" runstate="Runnable" seed="626143960" result="Passed" start-time="2026-07-03 16:40:00Z" end-time="2026-07-03 16:40:00Z" duration="0.000314" asserts="0">
          <properties>
            <property name="retryIteration" value="0" />
            <property name="repeatIteration" value="0" />
          </properties>
        </test-case>
      </test-suite>
      <test-suite type="TestFixture" id="1656" name="NowTextEditTests" fullname="NowTextEditTests" classname="NowTextEditTests" runstate="Runnable" testcasecount="15" result="Passed" start-time="2026-07-03 16:40:00Z" end-time="2026-07-03 16:40:00Z" duration="0.003022" total="15" passed="15" failed="0" inconclusive="0" skipped="0" asserts="0">
        <properties />
        <test-case id="1659" name="BackspaceRemovesPreviousCodepoint" fullname="NowTextEditTests.BackspaceRemovesPreviousCodepoint" methodname="BackspaceRemovesPreviousCodepoint" classname="NowTextEditTests" runstate="Runnable" seed="1220304578" result="Passed" start-time="2026-07-03 16:40:00Z" end-time="2026-07-03 16:40:00Z" duration="0.000134" asserts="0">
          <properties>
            <property name="retryIteration" value="0" />
            <property name="repeatIteration" value="0" />
          </properties>
        </test-case>
        <test-case id="1668" name="ClampRepairsStaleState" fullname="NowTextEditTests.ClampRepairsStaleState" methodname="ClampRepairsStaleState" classname="NowTextEditTests" runstate="Runnable" seed="1597105125" result="Passed" start-time="2026-07-03 16:40:00Z" end-time="2026-07-03 16:40:00Z" duration="0.000092" asserts="0">
          <properties>
            <property name="retryIteration" value="0" />
            <property name="repeatIteration" value="0" />
          </properties>
        </test-case>
        <test-case id="1661" name="DeleteRemovesForward" fullname="NowTextEditTests.DeleteRemovesForward" methodname="DeleteRemovesForward" classname="NowTextEditTests" runstate="Runnable" seed="1762803095" result="Passed" start-time="2026-07-03 16:40:00Z" end-time="2026-07-03 16:40:00Z" duration="0.000176" asserts="0">
          <properties>
            <property name="retryIteration" value="0" />
            <property name="repeatIteration" value="0" />
          </properties>
        </test-case>
        <test-case id="1670" name="DeleteToLineStartPrefersTheSelection" fullname="NowTextEditTests.DeleteToLineStartPrefersTheSelection" methodname="DeleteToLineStartPrefersTheSelection" classname="NowTextEditTests" runstate="Runnable" seed="1270375978" result="Passed" start-time="2026-07-03 16:40:00Z" end-time="2026-07-03 16:40:00Z" duration="0.000163" asserts="0">
          <properties>
            <property name="retryIteration" value="0" />
            <property name="repeatIteration" value="0" />
          </properties>
        </test-case>
        <test-case id="1669" name="DeleteToLineStartRemovesBackToTheHardLineStart" fullname="NowTextEditTests.DeleteToLineStartRemovesBackToTheHardLineStart" methodname="DeleteToLineStartRemovesBackToTheHardLineStart" classname="NowTextEditTests" runstate="Runnable" seed="223413472" result="Passed" start-time="2026-07-03 16:40:00Z" end-time="2026-07-03 16:40:00Z" duration="0.000118" asserts="0">
          <properties>
            <property name="retryIteration" value="0" />
            <property name="repeatIteration" value="0" />
          </properties>
        </test-case>
        <test-case id="1667" name="HomeEndAndSelectAll" fullname="NowTextEditTests.HomeEndAndSelectAll" methodname="HomeEndAndSelectAll" classname="NowTextEditTests" runstate="Runnable" seed="413783782" result="Passed" start-time="2026-07-03 16:40:00Z" end-time="2026-07-03 16:40:00Z" duration="0.000138" asserts="0">
          <properties>
            <property name="retryIteration" value="0" />
            <property name="repeatIteration" value="0" />
          </properties>
        </test-case>
        <test-case id="1657" name="InsertAppendsAtCaret" fullname="NowTextEditTests.InsertAppendsAtCaret" methodname="InsertAppendsAtCaret" classname="NowTextEditTests" runstate="Runnable" seed="1022417463" result="Passed" start-time="2026-07-03 16:40:00Z" end-time="2026-07-03 16:40:00Z" duration="0.000109" asserts="0">
          <properties>
            <property name="retryIteration" value="0" />
            <property name="repeatIteration" value="0" />
          </properties>
        </test-case>
        <test-case id="1658" name="InsertReplacesSelection" fullname="NowTextEditTests.InsertReplacesSelection" methodname="InsertReplacesSelection" classname="NowTextEditTests" runstate="Runnable" seed="1943513314" result="Passed" start-time="2026-07-03 16:40:00Z" end-time="2026-07-03 16:40:00Z" duration="0.000086" asserts="0">
          <properties>
            <property name="retryIteration" value="0" />
            <property name="repeatIteration" value="0" />
          </properties>
        </test-case>
        <test-case id="1671" name="ModifierMappingFollowsThePlatformConvention" fullname="NowTextEditTests.ModifierMappingFollowsThePlatformConvention" methodname="ModifierMappingFollowsThePlatformConvention" classname="NowTextEditTests" runstate="Runnable" seed="513818940" result="Passed" start-time="2026-07-03 16:40:00Z" end-time="2026-07-03 16:40:00Z" duration="0.000186" asserts="0">
          <properties>
            <property name="retryIteration" value="0" />
            <property name="repeatIteration" value="0" />
          </properties>
        </test-case>
        <test-case id="1663" name="MoveCollapsesSelectionToEdge" fullname="NowTextEditTests.MoveCollapsesSelectionToEdge" methodname="MoveCollapsesSelectionToEdge" classname="NowTextEditTests" runstate="Runnable" seed="799154536" result="Passed" start-time="2026-07-03 16:40:00Z" end-time="2026-07-03 16:40:00Z" duration="0.000183" asserts="0">
          <properties>
            <property name="retryIteration" value="0" />
            <property name="repeatIteration" value="0" />
          </properties>
        </test-case>
        <test-case id="1662" name="SelectionDeleteCollapsesToMin" fullname="NowTextEditTests.SelectionDeleteCollapsesToMin" methodname="SelectionDeleteCollapsesToMin" classname="NowTextEditTests" runstate="Runnable" seed="1588628437" result="Passed" start-time="2026-07-03 16:40:00Z" end-time="2026-07-03 16:40:00Z" duration="0.000100" asserts="0">
          <properties>
            <property name="retryIteration" value="0" />
            <property name="repeatIteration" value="0" />
          </properties>
        </test-case>
        <test-case id="1666" name="SelectWordExcludesQuotesAndPunctuation" fullname="NowTextEditTests.SelectWordExcludesQuotesAndPunctuation" methodname="SelectWordExcludesQuotesAndPunctuation" classname="NowTextEditTests" runstate="Runnable" seed="941279833" result="Passed" start-time="2026-07-03 16:40:00Z" end-time="2026-07-03 16:40:00Z" duration="0.000089" asserts="0">
          <properties>
            <property name="retryIteration" value="0" />
            <property name="repeatIteration" value="0" />
          </properties>
        </test-case>
        <test-case id="1664" name="ShiftMoveExtendsSelection" fullname="NowTextEditTests.ShiftMoveExtendsSelection" methodname="ShiftMoveExtendsSelection" classname="NowTextEditTests" runstate="Runnable" seed="215656515" result="Passed" start-time="2026-07-03 16:40:00Z" end-time="2026-07-03 16:40:00Z" duration="0.000113" asserts="0">
          <properties>
            <property name="retryIteration" value="0" />
            <property name="repeatIteration" value="0" />
          </properties>
        </test-case>
        <test-case id="1660" name="SurrogatePairsNeverSplit" fullname="NowTextEditTests.SurrogatePairsNeverSplit" methodname="SurrogatePairsNeverSplit" classname="NowTextEditTests" runstate="Runnable" seed="2076519214" result="Passed" start-time="2026-07-03 16:40:00Z" end-time="2026-07-03 16:40:00Z" duration="0.000120" asserts="0">
          <properties>
            <property name="retryIteration" value="0" />
            <property name="repeatIteration" value="0" />
          </properties>
        </test-case>
        <test-case id="1665" name="WordMovementSkipsWords" fullname="NowTextEditTests.WordMovementSkipsWords" methodname="WordMovementSkipsWords" classname="NowTextEditTests" runstate="Runnable" seed="1879952966" result="Passed" start-time="2026-07-03 16:40:00Z" end-time="2026-07-03 16:40:00Z" duration="0.000168" asserts="0">
          <properties>
            <property name="retryIteration" value="0" />
            <property name="repeatIteration" value="0" />
          </properties>
        </test-case>
      </test-suite>
      <test-suite type="TestFixture" id="1672" name="NowTextFieldEditingTests" fullname="NowTextFieldEditingTests" classname="NowTextFieldEditingTests" runstate="Runnable" testcasecount="8" result="Passed" start-time="2026-07-03 16:40:00Z" end-time="2026-07-03 16:40:00Z" duration="0.004251" total="8" passed="8" failed="0" inconclusive="0" skipped="0" asserts="0">
        <properties />
        <test-case id="1676" name="EnterKeepsCommittingTheEditedText" fullname="NowTextFieldEditingTests.EnterKeepsCommittingTheEditedText" methodname="EnterKeepsCommittingTheEditedText" classname="NowTextFieldEditingTests" runstate="Runnable" seed="1911720517" result="Passed" start-time="2026-07-03 16:40:00Z" end-time="2026-07-03 16:40:00Z" duration="0.000827" asserts="0">
          <properties>
            <property name="retryIteration" value="0" />
            <property name="repeatIteration" value="0" />
          </properties>
        </test-case>
        <test-case id="1677" name="EscapeRevertsNumericValueToTheFocusGainValue" fullname="NowTextFieldEditingTests.EscapeRevertsNumericValueToTheFocusGainValue" methodname="EscapeRevertsNumericValueToTheFocusGainValue" classname="NowTextFieldEditingTests" runstate="Runnable" seed="39657196" result="Passed" start-time="2026-07-03 16:40:00Z" end-time="2026-07-03 16:40:00Z" duration="0.000425" asserts="0">
          <properties>
            <property name="retryIteration" value="0" />
            <property name="repeatIteration" value="0" />
          </properties>
        </test-case>
        <test-case id="1675" name="EscapeRevertsToTheFocusGainText" fullname="NowTextFieldEditingTests.EscapeRevertsToTheFocusGainText" methodname="EscapeRevertsToTheFocusGainText" classname="NowTextFieldEditingTests" runstate="Runnable" seed="1967177946" result="Passed" start-time="2026-07-03 16:40:00Z" end-time="2026-07-03 16:40:00Z" duration="0.000289" asserts="0">
          <properties>
            <property name="retryIteration" value="0" />
            <property name="repeatIteration" value="0" />
          </properties>
        </test-case>
        <test-case id="1680" name="PlaceholderStaysVisibleWhileFocusedAndEmpty" fullname="NowTextFieldEditingTests.PlaceholderStaysVisibleWhileFocusedAndEmpty" methodname="PlaceholderStaysVisibleWhileFocusedAndEmpty" classname="NowTextFieldEditingTests" runstate="Runnable" seed="1837744634" result="Passed" start-time="2026-07-03 16:40:00Z" end-time="2026-07-03 16:40:00Z" duration="0.000286" asserts="0">
          <properties>
            <property name="retryIteration" value="0" />
            <property name="repeatIteration" value="0" />
          </properties>
        </test-case>
        <test-case id="1674" name="ShiftClickDragKeepsExtendingFromTheAnchor" fullname="NowTextFieldEditingTests.ShiftClickDragKeepsExtendingFromTheAnchor" methodname="ShiftClickDragKeepsExtendingFromTheAnchor" classname="NowTextFieldEditingTests" runstate="Runnable" seed="225026070" result="Passed" start-time="2026-07-03 16:40:00Z" end-time="2026-07-03 16:40:00Z" duration="0.000509" asserts="0">
          <properties>
            <property name="retryIteration" value="0" />
            <property name="repeatIteration" value="0" />
          </properties>
        </test-case>
        <test-case id="1673" name="ShiftClickExtendsSelectionFromTheExistingAnchor" fullname="NowTextFieldEditingTests.ShiftClickExtendsSelectionFromTheExistingAnchor" methodname="ShiftClickExtendsSelectionFromTheExistingAnchor" classname="NowTextFieldEditingTests" runstate="Runnable" seed="1165299252" result="Passed" start-time="2026-07-03 16:40:00Z" end-time="2026-07-03 16:40:00Z" duration="0.000330" asserts="0">
          <properties>
            <property name="retryIteration" value="0" />
            <property name="repeatIteration" value="0" />
          </properties>
        </test-case>
        <test-case id="1678" name="UndoAndRedoRoundTripInTheTextField" fullname="NowTextFieldEditingTests.UndoAndRedoRoundTripInTheTextField" methodname="UndoAndRedoRoundTripInTheTextField" classname="NowTextFieldEditingTests" runstate="Runnable" seed="2083041142" result="Passed" start-time="2026-07-03 16:40:00Z" end-time="2026-07-03 16:40:00Z" duration="0.000303" asserts="0">
          <properties>
            <property name="retryIteration" value="0" />
            <property name="repeatIteration" value="0" />
          </properties>
        </test-case>
        <test-case id="1679" name="UndoRestoresTextRemovedByCut" fullname="NowTextFieldEditingTests.UndoRestoresTextRemovedByCut" methodname="UndoRestoresTextRemovedByCut" classname="NowTextFieldEditingTests" runstate="Runnable" seed="29887401" result="Passed" start-time="2026-07-03 16:40:00Z" end-time="2026-07-03 16:40:00Z" duration="0.000357" asserts="0">
          <properties>
            <property name="retryIteration" value="0" />
            <property name="repeatIteration" value="0" />
          </properties>
        </test-case>
      </test-suite>
      <test-suite type="TestFixture" id="1681" name="NowTextSelectionTests" fullname="NowTextSelectionTests" classname="NowTextSelectionTests" runstate="Runnable" testcasecount="10" result="Passed" start-time="2026-07-03 16:40:00Z" end-time="2026-07-03 16:40:00Z" duration="0.006122" total="10" passed="10" failed="0" inconclusive="0" skipped="0" asserts="0">
        <properties />
        <test-case id="1687" name="ClickingOutsideClearsTheSelection" fullname="NowTextSelectionTests.ClickingOutsideClearsTheSelection" methodname="ClickingOutsideClearsTheSelection" classname="NowTextSelectionTests" runstate="Runnable" seed="2081214465" result="Passed" start-time="2026-07-03 16:40:00Z" end-time="2026-07-03 16:40:00Z" duration="0.000886" asserts="0">
          <properties>
            <property name="retryIteration" value="0" />
            <property name="repeatIteration" value="0" />
          </properties>
        </test-case>
        <test-case id="1684" name="DoubleClickDragExtendsByWholeWords" fullname="NowTextSelectionTests.DoubleClickDragExtendsByWholeWords" methodname="DoubleClickDragExtendsByWholeWords" classname="NowTextSelectionTests" runstate="Runnable" seed="1360314896" result="Passed" start-time="2026-07-03 16:40:00Z" end-time="2026-07-03 16:40:00Z" duration="0.000317" asserts="0">
          <properties>
            <property name="retryIteration" value="0" />
            <property name="repeatIteration" value="0" />
          </properties>
        </test-case>
        <test-case id="1683" name="DoubleClickSelectsWordAndSelectAllSelectsEverything" fullname="NowTextSelectionTests.DoubleClickSelectsWordAndSelectAllSelectsEverything" methodname="DoubleClickSelectsWordAndSelectAllSelectsEverything" classname="NowTextSelectionTests" runstate="Runnable" seed="1610838360" result="Passed" start-time="2026-07-03 16:40:00Z" end-time="2026-07-03 16:40:00Z" duration="0.000294" asserts="0">
          <properties>
            <property name="retryIteration" value="0" />
            <property name="repeatIteration" value="0" />
          </properties>
        </test-case>
        <test-case id="1682" name="DragSelectsAndCtrlCCopies" fullname="NowTextSelectionTests.DragSelectsAndCtrlCCopies" methodname="DragSelectsAndCtrlCCopies" classname="NowTextSelectionTests" runstate="Runnable" seed="2040922731" result="Passed" start-time="2026-07-03 16:40:00Z" end-time="2026-07-03 16:40:00Z" duration="0.000245" asserts="0">
          <properties>
            <property name="retryIteration" value="0" />
            <property name="repeatIteration" value="0" />
          </properties>
        </test-case>
        <test-case id="1690" name="HighlightRectsExtendPastRowEndForWrappedSelections" fullname="NowTextSelectionTests.HighlightRectsExtendPastRowEndForWrappedSelections" methodname="HighlightRectsExtendPastRowEndForWrappedSelections" classname="NowTextSelectionTests" runstate="Runnable" seed="1262948769" result="Passed" start-time="2026-07-03 16:40:00Z" end-time="2026-07-03 16:40:00Z" duration="0.000364" asserts="0">
          <properties>
            <property name="retryIteration" value="0" />
            <property name="repeatIteration" value="0" />
          </properties>
        </test-case>
        <test-case id="1689" name="HighlightRectsMeasureSegmentsWithTheirOwnFontStyle" fullname="NowTextSelectionTests.HighlightRectsMeasureSegmentsWithTheirOwnFontStyle" methodname="HighlightRectsMeasureSegmentsWithTheirOwnFontStyle" classname="NowTextSelectionTests" runstate="Runnable" seed="1432693113" result="Passed" start-time="2026-07-03 16:40:00Z" end-time="2026-07-03 16:40:00Z" duration="0.001641" asserts="0">
          <properties>
            <property name="retryIteration" value="0" />
            <property name="repeatIteration" value="0" />
          </properties>
        </test-case>
        <test-case id="1688" name="HighlightRectsMergeAbuttingSameRowSegments" fullname="NowTextSelectionTests.HighlightRectsMergeAbuttingSameRowSegments" methodname="HighlightRectsMergeAbuttingSameRowSegments" classname="NowTextSelectionTests" runstate="Runnable" seed="1646909748" result="Passed" start-time="2026-07-03 16:40:00Z" end-time="2026-07-03 16:40:00Z" duration="0.000407" asserts="0">
          <properties>
            <property name="retryIteration" value="0" />
            <property name="repeatIteration" value="0" />
          </properties>
        </test-case>
        <test-case id="1691" name="RightClickReportsAndPreservesTheSelection" fullname="NowTextSelectionTests.RightClickReportsAndPreservesTheSelection" methodname="RightClickReportsAndPreservesTheSelection" classname="NowTextSelectionTests" runstate="Runnable" seed="1165959406" result="Passed" start-time="2026-07-03 16:40:00Z" end-time="2026-07-03 16:40:00Z" duration="0.000376" asserts="0">
          <properties>
            <property name="retryIteration" value="0" />
            <property name="repeatIteration" value="0" />
          </properties>
        </test-case>
        <test-case id="1686" name="TripleClickDragExtendsByWholeLines" fullname="NowTextSelectionTests.TripleClickDragExtendsByWholeLines" methodname="TripleClickDragExtendsByWholeLines" classname="NowTextSelectionTests" runstate="Runnable" seed="1157432718" result="Passed" start-time="2026-07-03 16:40:00Z" end-time="2026-07-03 16:40:00Z" duration="0.000380" asserts="0">
          <properties>
            <property name="retryIteration" value="0" />
            <property name="repeatIteration" value="0" />
          </properties>
        </test-case>
        <test-case id="1685" name="TripleClickSelectsTheLine" fullname="NowTextSelectionTests.TripleClickSelectsTheLine" methodname="TripleClickSelectsTheLine" classname="NowTextSelectionTests" runstate="Runnable" seed="1402552540" result="Passed" start-time="2026-07-03 16:40:00Z" end-time="2026-07-03 16:40:00Z" duration="0.000261" asserts="0">
          <properties>
            <property name="retryIteration" value="0" />
            <property name="repeatIteration" value="0" />
          </properties>
        </test-case>
      </test-suite>
      <test-suite type="TestFixture" id="1692" name="NowTextShapingTests" fullname="NowTextShapingTests" classname="NowTextShapingTests" runstate="Runnable" testcasecount="8" result="Passed" start-time="2026-07-03 16:40:00Z" end-time="2026-07-03 16:40:00Z" duration="0.008312" total="8" passed="8" failed="0" inconclusive="0" skipped="0" asserts="0">
        <properties />
        <test-case id="1700" name="MultilineShapedDrawReservesContinuationSegments" fullname="NowTextShapingTests.MultilineShapedDrawReservesContinuationSegments" methodname="MultilineShapedDrawReservesContinuationSegments" classname="NowTextShapingTests" runstate="Runnable" seed="1536409144" result="Passed" start-time="2026-07-03 16:40:00Z" end-time="2026-07-03 16:40:00Z" duration="0.000969" asserts="0">
          <properties>
            <property name="retryIteration" value="0" />
            <property name="repeatIteration" value="0" />
          </properties>
        </test-case>
        <test-case id="1699" name="ShapedDrawProducesGeometry" fullname="NowTextShapingTests.ShapedDrawProducesGeometry" methodname="ShapedDrawProducesGeometry" classname="NowTextShapingTests" runstate="Runnable" seed="653499418" result="Passed" start-time="2026-07-03 16:40:00Z" end-time="2026-07-03 16:40:00Z" duration="0.004758" asserts="0">
          <properties>
            <property name="retryIteration" value="0" />
            <property name="repeatIteration" value="0" />
          </properties>
        </test-case>
        <test-case id="1696" name="ShapedGlyphsBakeAndResolve" fullname="NowTextShapingTests.ShapedGlyphsBakeAndResolve" methodname="ShapedGlyphsBakeAndResolve" classname="NowTextShapingTests" runstate="Runnable" seed="1752237548" result="Passed" start-time="2026-07-03 16:40:00Z" end-time="2026-07-03 16:40:00Z" duration="0.000383" asserts="0">
          <properties>
            <property name="retryIteration" value="0" />
            <property name="repeatIteration" value="0" />
          </properties>
        </test-case>
        <test-case id="1697" name="ShapedMeasureMatchesRunAdvances" fullname="NowTextShapingTests.ShapedMeasureMatchesRunAdvances" methodname="ShapedMeasureMatchesRunAdvances" classname="NowTextShapingTests" runstate="Runnable" seed="2087265943" result="Passed" start-time="2026-07-03 16:40:00Z" end-time="2026-07-03 16:40:00Z" duration="0.000213" asserts="0">
          <properties>
            <property name="retryIteration" value="0" />
            <property name="repeatIteration" value="0" />
          </properties>
        </test-case>
        <test-case id="1693" name="ShapedRunResolvesForPlainText" fullname="NowTextShapingTests.ShapedRunResolvesForPlainText" methodname="ShapedRunResolvesForPlainText" classname="NowTextShapingTests" runstate="Runnable" seed="859688418" result="Passed" start-time="2026-07-03 16:40:00Z" end-time="2026-07-03 16:40:00Z" duration="0.000191" asserts="0">
          <properties>
            <property name="retryIteration" value="0" />
            <property name="repeatIteration" value="0" />
          </properties>
        </test-case>
        <test-case id="1695" name="ShapedRunsAreRejectedForMissingGlyphs" fullname="NowTextShapingTests.ShapedRunsAreRejectedForMissingGlyphs" methodname="ShapedRunsAreRejectedForMissingGlyphs" classname="NowTextShapingTests" runstate="Runnable" seed="1917960312" result="Passed" start-time="2026-07-03 16:40:00Z" end-time="2026-07-03 16:40:00Z" duration="0.000107" asserts="0">
          <properties>
            <property name="retryIteration" value="0" />
            <property name="repeatIteration" value="0" />
          </properties>
        </test-case>
        <test-case id="1698" name="ShapingAffectsTypographyOrIsNeutral" fullname="NowTextShapingTests.ShapingAffectsTypographyOrIsNeutral" methodname="ShapingAffectsTypographyOrIsNeutral" classname="NowTextShapingTests" runstate="Runnable" seed="601227427" result="Passed" start-time="2026-07-03 16:40:00Z" end-time="2026-07-03 16:40:00Z" duration="0.000606" asserts="0">
          <properties>
            <property name="retryIteration" value="0" />
            <property name="repeatIteration" value="0" />
          </properties>
          <output><![CDATA[NotoSans applied the fi ligature; shaped glyph count < character count.
]]></output>
        </test-case>
        <test-case id="1694" name="SpanMeasureMatchesCodepointStringMeasure" fullname="NowTextShapingTests.SpanMeasureMatchesCodepointStringMeasure" methodname="SpanMeasureMatchesCodepointStringMeasure" classname="NowTextShapingTests" runstate="Runnable" seed="783373196" result="Passed" start-time="2026-07-03 16:40:00Z" end-time="2026-07-03 16:40:00Z" duration="0.000202" asserts="0">
          <properties>
            <property name="retryIteration" value="0" />
            <property name="repeatIteration" value="0" />
          </properties>
        </test-case>
      </test-suite>
      <test-suite type="TestFixture" id="1701" name="NowTextWrapTests" fullname="NowTextWrapTests" classname="NowTextWrapTests" runstate="Runnable" testcasecount="6" result="Passed" start-time="2026-07-03 16:40:00Z" end-time="2026-07-03 16:40:00Z" duration="0.002864" total="6" passed="6" failed="0" inconclusive="0" skipped="0" asserts="0">
        <properties />
        <test-case id="1706" name="DrawEmitsGeometryAndMaterializesRunsOnce" fullname="NowTextWrapTests.DrawEmitsGeometryAndMaterializesRunsOnce" methodname="DrawEmitsGeometryAndMaterializesRunsOnce" classname="NowTextWrapTests" runstate="Runnable" seed="2020418961" result="Passed" start-time="2026-07-03 16:40:00Z" end-time="2026-07-03 16:40:00Z" duration="0.000837" asserts="0">
          <properties>
            <property name="retryIteration" value="0" />
            <property name="repeatIteration" value="0" />
          </properties>
        </test-case>
        <test-case id="1704" name="OverlongWordOverflowsInsteadOfSplitting" fullname="NowTextWrapTests.OverlongWordOverflowsInsteadOfSplitting" methodname="OverlongWordOverflowsInsteadOfSplitting" classname="NowTextWrapTests" runstate="Runnable" seed="618300230" result="Passed" start-time="2026-07-03 16:40:00Z" end-time="2026-07-03 16:40:00Z" duration="0.000200" asserts="0">
          <properties>
            <property name="retryIteration" value="0" />
            <property name="repeatIteration" value="0" />
          </properties>
        </test-case>
        <test-case id="1705" name="RangeMeasureMatchesSubstringMeasure" fullname="NowTextWrapTests.RangeMeasureMatchesSubstringMeasure" methodname="RangeMeasureMatchesSubstringMeasure" classname="NowTextWrapTests" runstate="Runnable" seed="1281918226" result="Passed" start-time="2026-07-03 16:40:00Z" end-time="2026-07-03 16:40:00Z" duration="0.000194" asserts="0">
          <properties>
            <property name="retryIteration" value="0" />
            <property name="repeatIteration" value="0" />
          </properties>
        </test-case>
        <test-case id="1707" name="ResolveTextCarriesAmbientFontAndNoMask" fullname="NowTextWrapTests.ResolveTextCarriesAmbientFontAndNoMask" methodname="ResolveTextCarriesAmbientFontAndNoMask" classname="NowTextWrapTests" runstate="Runnable" seed="1948883813" result="Passed" start-time="2026-07-03 16:40:00Z" end-time="2026-07-03 16:40:00Z" duration="0.000236" asserts="0">
          <properties>
            <property name="retryIteration" value="0" />
            <property name="repeatIteration" value="0" />
          </properties>
        </test-case>
        <test-case id="1703" name="RunsReferenceSourceRangesAndNewlinesForceBreaks" fullname="NowTextWrapTests.RunsReferenceSourceRangesAndNewlinesForceBreaks" methodname="RunsReferenceSourceRangesAndNewlinesForceBreaks" classname="NowTextWrapTests" runstate="Runnable" seed="1782364444" result="Passed" start-time="2026-07-03 16:40:00Z" end-time="2026-07-03 16:40:00Z" duration="0.000274" asserts="0">
          <properties>
            <property name="retryIteration" value="0" />
            <property name="repeatIteration" value="0" />
          </properties>
        </test-case>
        <test-case id="1702" name="WideWidthKeepsOneLineAndNarrowWidthWraps" fullname="NowTextWrapTests.WideWidthKeepsOneLineAndNarrowWidthWraps" methodname="WideWidthKeepsOneLineAndNarrowWidthWraps" classname="NowTextWrapTests" runstate="Runnable" seed="1783893791" result="Passed" start-time="2026-07-03 16:40:00Z" end-time="2026-07-03 16:40:00Z" duration="0.000277" asserts="0">
          <properties>
            <property name="retryIteration" value="0" />
            <property name="repeatIteration" value="0" />
          </properties>
        </test-case>
      </test-suite>
      <test-suite type="TestFixture" id="1708" name="NowThemeAssetTests" fullname="NowThemeAssetTests" classname="NowThemeAssetTests" runstate="Runnable" testcasecount="17" result="Passed" start-time="2026-07-03 16:40:00Z" end-time="2026-07-03 16:40:00Z" duration="0.016167" total="17" passed="17" failed="0" inconclusive="0" skipped="0" asserts="0">
        <properties />
        <test-case id="1714" name="DarkThemeAssetProvidesBuiltInTokens" fullname="NowThemeAssetTests.DarkThemeAssetProvidesBuiltInTokens" methodname="DarkThemeAssetProvidesBuiltInTokens" classname="NowThemeAssetTests" runstate="Runnable" seed="1756159384" result="Passed" start-time="2026-07-03 16:40:00Z" end-time="2026-07-03 16:40:00Z" duration="0.000402" asserts="0">
          <properties>
            <property name="retryIteration" value="0" />
            <property name="repeatIteration" value="0" />
          </properties>
        </test-case>
        <test-case id="1724" name="DefaultControlStylesMatchRedesignMetrics" fullname="NowThemeAssetTests.DefaultControlStylesMatchRedesignMetrics" methodname="DefaultControlStylesMatchRedesignMetrics" classname="NowThemeAssetTests" runstate="Runnable" seed="1243856450" result="Passed" start-time="2026-07-03 16:40:00Z" end-time="2026-07-03 16:40:00Z" duration="0.000488" asserts="0">
          <properties>
            <property name="retryIteration" value="0" />
            <property name="repeatIteration" value="0" />
          </properties>
        </test-case>
        <test-case id="1719" name="DefaultPalettesMeetContrastMinimums" fullname="NowThemeAssetTests.DefaultPalettesMeetContrastMinimums" methodname="DefaultPalettesMeetContrastMinimums" classname="NowThemeAssetTests" runstate="Runnable" seed="368986228" result="Passed" start-time="2026-07-03 16:40:00Z" end-time="2026-07-03 16:40:00Z" duration="0.000639" asserts="0">
          <properties>
            <property name="retryIteration" value="0" />
            <property name="repeatIteration" value="0" />
          </properties>
        </test-case>
        <test-case id="1717" name="DefaultThemeAssetMatchesCodeDefaultsAndLinksDarkCounterpart" fullname="NowThemeAssetTests.DefaultThemeAssetMatchesCodeDefaultsAndLinksDarkCounterpart" methodname="DefaultThemeAssetMatchesCodeDefaultsAndLinksDarkCounterpart" classname="NowThemeAssetTests" runstate="Runnable" seed="272691829" result="Passed" start-time="2026-07-03 16:40:00Z" end-time="2026-07-03 16:40:00Z" duration="0.000211" asserts="0">
          <properties>
            <property name="retryIteration" value="0" />
            <property name="repeatIteration" value="0" />
          </properties>
        </test-case>
        <test-case id="1718" name="EveryColorTokenResolvesInBothDefaultPalettes" fullname="NowThemeAssetTests.EveryColorTokenResolvesInBothDefaultPalettes" methodname="EveryColorTokenResolvesInBothDefaultPalettes" classname="NowThemeAssetTests" runstate="Runnable" seed="2054356880" result="Passed" start-time="2026-07-03 16:40:00Z" end-time="2026-07-03 16:40:00Z" duration="0.000334" asserts="0">
          <properties>
            <property name="retryIteration" value="0" />
            <property name="repeatIteration" value="0" />
          </properties>
        </test-case>
        <test-case id="1720" name="LegacyPaletteDerivesExtendedRoles" fullname="NowThemeAssetTests.LegacyPaletteDerivesExtendedRoles" methodname="LegacyPaletteDerivesExtendedRoles" classname="NowThemeAssetTests" runstate="Runnable" seed="1361276538" result="Passed" start-time="2026-07-03 16:40:00Z" end-time="2026-07-03 16:40:00Z" duration="0.004401" asserts="0">
          <properties>
            <property name="retryIteration" value="0" />
            <property name="repeatIteration" value="0" />
          </properties>
        </test-case>
        <test-case id="1716" name="MaterialDarkThemeAssetUsesMaterialRendererAndDarkRoles" fullname="NowThemeAssetTests.MaterialDarkThemeAssetUsesMaterialRendererAndDarkRoles" methodname="MaterialDarkThemeAssetUsesMaterialRendererAndDarkRoles" classname="NowThemeAssetTests" runstate="Runnable" seed="1043803119" result="Passed" start-time="2026-07-03 16:40:00Z" end-time="2026-07-03 16:40:00Z" duration="0.000837" asserts="0">
          <properties>
            <property name="retryIteration" value="0" />
            <property name="repeatIteration" value="0" />
          </properties>
        </test-case>
        <test-case id="1715" name="MaterialThemeAssetUsesMaterialRendererAndDefaults" fullname="NowThemeAssetTests.MaterialThemeAssetUsesMaterialRendererAndDefaults" methodname="MaterialThemeAssetUsesMaterialRendererAndDefaults" classname="NowThemeAssetTests" runstate="Runnable" seed="935986472" result="Passed" start-time="2026-07-03 16:40:00Z" end-time="2026-07-03 16:40:00Z" duration="0.000536" asserts="0">
          <properties>
            <property name="retryIteration" value="0" />
            <property name="repeatIteration" value="0" />
          </properties>
        </test-case>
        <test-case id="1721" name="PreferDarkSwapsToLinkedCounterpart" fullname="NowThemeAssetTests.PreferDarkSwapsToLinkedCounterpart" methodname="PreferDarkSwapsToLinkedCounterpart" classname="NowThemeAssetTests" runstate="Runnable" seed="482312801" result="Passed" start-time="2026-07-03 16:40:00Z" end-time="2026-07-03 16:40:00Z" duration="0.000434" asserts="0">
          <properties>
            <property name="retryIteration" value="0" />
            <property name="repeatIteration" value="0" />
          </properties>
        </test-case>
        <test-case id="1712" name="ThemeAppliesRectanglePreset" fullname="NowThemeAssetTests.ThemeAppliesRectanglePreset" methodname="ThemeAppliesRectanglePreset" classname="NowThemeAssetTests" runstate="Runnable" seed="1283308840" result="Passed" start-time="2026-07-03 16:40:00Z" end-time="2026-07-03 16:40:00Z" duration="0.000320" asserts="0">
          <properties>
            <property name="retryIteration" value="0" />
            <property name="repeatIteration" value="0" />
          </properties>
        </test-case>
        <test-case id="1713" name="ThemeAppliesTextPresetWithoutReplacingProvidedFont" fullname="NowThemeAssetTests.ThemeAppliesTextPresetWithoutReplacingProvidedFont" methodname="ThemeAppliesTextPresetWithoutReplacingProvidedFont" classname="NowThemeAssetTests" runstate="Runnable" seed="1042413345" result="Passed" start-time="2026-07-03 16:40:00Z" end-time="2026-07-03 16:40:00Z" duration="0.000357" asserts="0">
          <properties>
            <property name="retryIteration" value="0" />
            <property name="repeatIteration" value="0" />
          </properties>
        </test-case>
        <test-case id="1709" name="ThemeDefaultsResolvePaletteTokens" fullname="NowThemeAssetTests.ThemeDefaultsResolvePaletteTokens" methodname="ThemeDefaultsResolvePaletteTokens" classname="NowThemeAssetTests" runstate="Runnable" seed="1809316420" result="Passed" start-time="2026-07-03 16:40:00Z" end-time="2026-07-03 16:40:00Z" duration="0.000198" asserts="0">
          <properties>
            <property name="retryIteration" value="0" />
            <property name="repeatIteration" value="0" />
          </properties>
        </test-case>
        <test-case id="1722" name="ThemeGeneratorAppliesDerivedPaletteToTheme" fullname="NowThemeAssetTests.ThemeGeneratorAppliesDerivedPaletteToTheme" methodname="ThemeGeneratorAppliesDerivedPaletteToTheme" classname="NowThemeAssetTests" runstate="Runnable" seed="1805593202" result="Passed" start-time="2026-07-03 16:40:00Z" end-time="2026-07-03 16:40:00Z" duration="0.001747" asserts="0">
          <properties>
            <property name="retryIteration" value="0" />
            <property name="repeatIteration" value="0" />
          </properties>
        </test-case>
        <test-case id="1723" name="ThemeGeneratorRandomPalettesAreDeterministic" fullname="NowThemeAssetTests.ThemeGeneratorRandomPalettesAreDeterministic" methodname="ThemeGeneratorRandomPalettesAreDeterministic" classname="NowThemeAssetTests" runstate="Runnable" seed="1443085324" result="Passed" start-time="2026-07-03 16:40:00Z" end-time="2026-07-03 16:40:00Z" duration="0.000398" asserts="0">
          <properties>
            <property name="retryIteration" value="0" />
            <property name="repeatIteration" value="0" />
          </properties>
        </test-case>
        <test-case id="1725" name="ThemeGeneratorSettingsAreSerializedAndCopyable" fullname="NowThemeAssetTests.ThemeGeneratorSettingsAreSerializedAndCopyable" methodname="ThemeGeneratorSettingsAreSerializedAndCopyable" classname="NowThemeAssetTests" runstate="Runnable" seed="2032382963" result="Passed" start-time="2026-07-03 16:40:00Z" end-time="2026-07-03 16:40:00Z" duration="0.002468" asserts="0">
          <properties>
            <property name="retryIteration" value="0" />
            <property name="repeatIteration" value="0" />
          </properties>
        </test-case>
        <test-case id="1711" name="ThemeInsetsRectUsingSpacingToken" fullname="NowThemeAssetTests.ThemeInsetsRectUsingSpacingToken" methodname="ThemeInsetsRectUsingSpacingToken" classname="NowThemeAssetTests" runstate="Runnable" seed="1407526683" result="Passed" start-time="2026-07-03 16:40:00Z" end-time="2026-07-03 16:40:00Z" duration="0.000431" asserts="0">
          <properties>
            <property name="retryIteration" value="0" />
            <property name="repeatIteration" value="0" />
          </properties>
        </test-case>
        <test-case id="1710" name="ThemeTokenGroupsSerializeAsFixedSlots" fullname="NowThemeAssetTests.ThemeTokenGroupsSerializeAsFixedSlots" methodname="ThemeTokenGroupsSerializeAsFixedSlots" classname="NowThemeAssetTests" runstate="Runnable" seed="564627583" result="Passed" start-time="2026-07-03 16:40:00Z" end-time="2026-07-03 16:40:00Z" duration="0.000539" asserts="0">
          <properties>
            <property name="retryIteration" value="0" />
            <property name="repeatIteration" value="0" />
          </properties>
        </test-case>
      </test-suite>
      <test-suite type="TestFixture" id="1726" name="NowUIToolkitTests" fullname="NowUIToolkitTests" classname="NowUIToolkitTests" runstate="Runnable" testcasecount="7" result="Passed" start-time="2026-07-03 16:40:00Z" end-time="2026-07-03 16:40:00Z" duration="0.023128" total="7" passed="7" failed="0" inconclusive="0" skipped="0" asserts="0">
        <properties />
        <test-case id="1728" name="UIToolkitInputProviderKeepsKeyboardNavigationUntilRelease" fullname="NowUIToolkitTests.UIToolkitInputProviderKeepsKeyboardNavigationUntilRelease" methodname="UIToolkitInputProviderKeepsKeyboardNavigationUntilRelease" classname="NowUIToolkitTests" runstate="Runnable" seed="518721472" result="Passed" start-time="2026-07-03 16:40:00Z" end-time="2026-07-03 16:40:00Z" duration="0.000638" asserts="0">
          <properties>
            <property name="retryIteration" value="0" />
            <property name="repeatIteration" value="0" />
          </properties>
        </test-case>
        <test-case id="1731" name="UIToolkitInputProviderKeepsTransientsForRepeatReadsWithinOneFrame" fullname="NowUIToolkitTests.UIToolkitInputProviderKeepsTransientsForRepeatReadsWithinOneFrame" methodname="UIToolkitInputProviderKeepsTransientsForRepeatReadsWithinOneFrame" classname="NowUIToolkitTests" runstate="Runnable" seed="439294839" result="Passed" start-time="2026-07-03 16:40:00Z" end-time="2026-07-03 16:40:00Z" duration="0.000269" asserts="0">
          <properties>
            <property name="retryIteration" value="0" />
            <property name="repeatIteration" value="0" />
          </properties>
        </test-case>
        <test-case id="1732" name="UIToolkitInputProviderNormalizesWheelDeltaToNotches" fullname="NowUIToolkitTests.UIToolkitInputProviderNormalizesWheelDeltaToNotches" methodname="UIToolkitInputProviderNormalizesWheelDeltaToNotches" classname="NowUIToolkitTests" runstate="Runnable" seed="1200726715" result="Passed" start-time="2026-07-03 16:40:00Z" end-time="2026-07-03 16:40:00Z" duration="0.000228" asserts="0">
          <properties>
            <property name="retryIteration" value="0" />
            <property name="repeatIteration" value="0" />
          </properties>
        </test-case>
        <test-case id="1727" name="UIToolkitInputProviderReportsPointerClickEdges" fullname="NowUIToolkitTests.UIToolkitInputProviderReportsPointerClickEdges" methodname="UIToolkitInputProviderReportsPointerClickEdges" classname="NowUIToolkitTests" runstate="Runnable" seed="1628631985" result="Passed" start-time="2026-07-03 16:40:00Z" end-time="2026-07-03 16:40:00Z" duration="0.000304" asserts="0">
          <properties>
            <property name="retryIteration" value="0" />
            <property name="repeatIteration" value="0" />
          </properties>
        </test-case>
        <test-case id="1729" name="UIToolkitInputProviderReportsTabFocusPulses" fullname="NowUIToolkitTests.UIToolkitInputProviderReportsTabFocusPulses" methodname="UIToolkitInputProviderReportsTabFocusPulses" classname="NowUIToolkitTests" runstate="Runnable" seed="46729624" result="Passed" start-time="2026-07-03 16:40:00Z" end-time="2026-07-03 16:40:00Z" duration="0.000282" asserts="0">
          <properties>
            <property name="retryIteration" value="0" />
            <property name="repeatIteration" value="0" />
          </properties>
        </test-case>
        <test-case id="1730" name="UIToolkitInputProviderTreatsSubmitNavigationAsPulse" fullname="NowUIToolkitTests.UIToolkitInputProviderTreatsSubmitNavigationAsPulse" methodname="UIToolkitInputProviderTreatsSubmitNavigationAsPulse" classname="NowUIToolkitTests" runstate="Runnable" seed="1557334296" result="Passed" start-time="2026-07-03 16:40:00Z" end-time="2026-07-03 16:40:00Z" duration="0.000151" asserts="0">
          <properties>
            <property name="retryIteration" value="0" />
            <property name="repeatIteration" value="0" />
          </properties>
        </test-case>
        <test-case id="1733" name="VisualElementExposesSafeDefaults" fullname="NowUIToolkitTests.VisualElementExposesSafeDefaults" methodname="VisualElementExposesSafeDefaults" classname="NowUIToolkitTests" runstate="Runnable" seed="682844855" result="Passed" start-time="2026-07-03 16:40:00Z" end-time="2026-07-03 16:40:00Z" duration="0.019918" asserts="0">
          <properties>
            <property name="retryIteration" value="0" />
            <property name="repeatIteration" value="0" />
          </properties>
        </test-case>
      </test-suite>
      <test-suite type="TestFixture" id="1734" name="NowValueControlsTests" fullname="NowValueControlsTests" classname="NowValueControlsTests" runstate="Runnable" testcasecount="36" result="Passed" start-time="2026-07-03 16:40:00Z" end-time="2026-07-03 16:40:00Z" duration="0.073399" total="36" passed="36" failed="0" inconclusive="0" skipped="0" asserts="0">
        <properties />
        <test-case id="1769" name="AnimationCurveFieldClosedDrawIsAllocationFreeAfterWarmup" fullname="NowValueControlsTests.AnimationCurveFieldClosedDrawIsAllocationFreeAfterWarmup" methodname="AnimationCurveFieldClosedDrawIsAllocationFreeAfterWarmup" classname="NowValueControlsTests" runstate="Runnable" seed="681094567" result="Passed" start-time="2026-07-03 16:40:00Z" end-time="2026-07-03 16:40:00Z" duration="0.000923" asserts="0">
          <properties>
            <property name="retryIteration" value="0" />
            <property name="repeatIteration" value="0" />
          </properties>
        </test-case>
        <test-case id="1765" name="AnimationCurveFieldDeleteKeyRemovesSelectedKey" fullname="NowValueControlsTests.AnimationCurveFieldDeleteKeyRemovesSelectedKey" methodname="AnimationCurveFieldDeleteKeyRemovesSelectedKey" classname="NowValueControlsTests" runstate="Runnable" seed="1907639997" result="Passed" start-time="2026-07-03 16:40:00Z" end-time="2026-07-03 16:40:00Z" duration="0.008656" asserts="0">
          <properties>
            <property name="retryIteration" value="0" />
            <property name="repeatIteration" value="0" />
          </properties>
        </test-case>
        <test-case id="1764" name="AnimationCurveFieldDeletesSelectedKeyFromInspector" fullname="NowValueControlsTests.AnimationCurveFieldDeletesSelectedKeyFromInspector" methodname="AnimationCurveFieldDeletesSelectedKeyFromInspector" classname="NowValueControlsTests" runstate="Runnable" seed="850251305" result="Passed" start-time="2026-07-03 16:40:00Z" end-time="2026-07-03 16:40:00Z" duration="0.001018" asserts="0">
          <properties>
            <property name="retryIteration" value="0" />
            <property name="repeatIteration" value="0" />
          </properties>
        </test-case>
        <test-case id="1763" name="AnimationCurveFieldDoubleClickCreatesKey" fullname="NowValueControlsTests.AnimationCurveFieldDoubleClickCreatesKey" methodname="AnimationCurveFieldDoubleClickCreatesKey" classname="NowValueControlsTests" runstate="Runnable" seed="781901411" result="Passed" start-time="2026-07-03 16:40:00Z" end-time="2026-07-03 16:40:00Z" duration="0.003272" asserts="0">
          <properties>
            <property name="retryIteration" value="0" />
            <property name="repeatIteration" value="0" />
          </properties>
        </test-case>
        <test-case id="1760" name="AnimationCurveFieldDraggingOutTangentUpdatesWeightedTangent" fullname="NowValueControlsTests.AnimationCurveFieldDraggingOutTangentUpdatesWeightedTangent" methodname="AnimationCurveFieldDraggingOutTangentUpdatesWeightedTangent" classname="NowValueControlsTests" runstate="Runnable" seed="121436264" result="Passed" start-time="2026-07-03 16:40:00Z" end-time="2026-07-03 16:40:00Z" duration="0.001201" asserts="0">
          <properties>
            <property name="retryIteration" value="0" />
            <property name="repeatIteration" value="0" />
          </properties>
        </test-case>
        <test-case id="1762" name="AnimationCurveFieldDraggingStepTangentAwayRestoresWeightedTangent" fullname="NowValueControlsTests.AnimationCurveFieldDraggingStepTangentAwayRestoresWeightedTangent" methodname="AnimationCurveFieldDraggingStepTangentAwayRestoresWeightedTangent" classname="NowValueControlsTests" runstate="Runnable" seed="1883218145" result="Passed" start-time="2026-07-03 16:40:00Z" end-time="2026-07-03 16:40:00Z" duration="0.001120" asserts="0">
          <properties>
            <property name="retryIteration" value="0" />
            <property name="repeatIteration" value="0" />
          </properties>
        </test-case>
        <test-case id="1761" name="AnimationCurveFieldDraggingTangentVerticalCreatesStepTangent" fullname="NowValueControlsTests.AnimationCurveFieldDraggingTangentVerticalCreatesStepTangent" methodname="AnimationCurveFieldDraggingTangentVerticalCreatesStepTangent" classname="NowValueControlsTests" runstate="Runnable" seed="416081015" result="Passed" start-time="2026-07-03 16:40:00Z" end-time="2026-07-03 16:40:00Z" duration="0.000590" asserts="0">
          <properties>
            <property name="retryIteration" value="0" />
            <property name="repeatIteration" value="0" />
          </properties>
        </test-case>
        <test-case id="1756" name="AnimationCurveFieldDragsKeyInsideTransform" fullname="NowValueControlsTests.AnimationCurveFieldDragsKeyInsideTransform" methodname="AnimationCurveFieldDragsKeyInsideTransform" classname="NowValueControlsTests" runstate="Runnable" seed="917876368" result="Passed" start-time="2026-07-03 16:40:00Z" end-time="2026-07-03 16:40:00Z" duration="0.001137" asserts="0">
          <properties>
            <property name="retryIteration" value="0" />
            <property name="repeatIteration" value="0" />
          </properties>
        </test-case>
        <test-case id="1755" name="AnimationCurveFieldDragsKeyTimeAndValue" fullname="NowValueControlsTests.AnimationCurveFieldDragsKeyTimeAndValue" methodname="AnimationCurveFieldDragsKeyTimeAndValue" classname="NowValueControlsTests" runstate="Runnable" seed="1559014577" result="Passed" start-time="2026-07-03 16:40:00Z" end-time="2026-07-03 16:40:00Z" duration="0.000715" asserts="0">
          <properties>
            <property name="retryIteration" value="0" />
            <property name="repeatIteration" value="0" />
          </properties>
        </test-case>
        <test-case id="1757" name="AnimationCurveFieldKeepsAutoBoundsStableWhileDraggingKey" fullname="NowValueControlsTests.AnimationCurveFieldKeepsAutoBoundsStableWhileDraggingKey" methodname="AnimationCurveFieldKeepsAutoBoundsStableWhileDraggingKey" classname="NowValueControlsTests" runstate="Runnable" seed="959837241" result="Passed" start-time="2026-07-03 16:40:00Z" end-time="2026-07-03 16:40:00Z" duration="0.000971" asserts="0">
          <properties>
            <property name="retryIteration" value="0" />
            <property name="repeatIteration" value="0" />
          </properties>
        </test-case>
        <test-case id="1758" name="AnimationCurveFieldKeepsDraggedKeyWhenCrossingNeighbors" fullname="NowValueControlsTests.AnimationCurveFieldKeepsDraggedKeyWhenCrossingNeighbors" methodname="AnimationCurveFieldKeepsDraggedKeyWhenCrossingNeighbors" classname="NowValueControlsTests" runstate="Runnable" seed="681787619" result="Passed" start-time="2026-07-03 16:40:00Z" end-time="2026-07-03 16:40:00Z" duration="0.001445" asserts="0">
          <properties>
            <property name="retryIteration" value="0" />
            <property name="repeatIteration" value="0" />
          </properties>
        </test-case>
        <test-case id="1759" name="AnimationCurveFieldSmoothButtonSetsSelectedTangents" fullname="NowValueControlsTests.AnimationCurveFieldSmoothButtonSetsSelectedTangents" methodname="AnimationCurveFieldSmoothButtonSetsSelectedTangents" classname="NowValueControlsTests" runstate="Runnable" seed="936899990" result="Passed" start-time="2026-07-03 16:40:00Z" end-time="2026-07-03 16:40:00Z" duration="0.000721" asserts="0">
          <properties>
            <property name="retryIteration" value="0" />
            <property name="repeatIteration" value="0" />
          </properties>
        </test-case>
        <test-case id="1741" name="ColorPickerAlphaPopupAppliesPendingAlpha" fullname="NowValueControlsTests.ColorPickerAlphaPopupAppliesPendingAlpha" methodname="ColorPickerAlphaPopupAppliesPendingAlpha" classname="NowValueControlsTests" runstate="Runnable" seed="226358635" result="Passed" start-time="2026-07-03 16:40:00Z" end-time="2026-07-03 16:40:00Z" duration="0.005704" asserts="0">
          <properties>
            <property name="retryIteration" value="0" />
            <property name="repeatIteration" value="0" />
          </properties>
        </test-case>
        <test-case id="1744" name="ColorPickerChannelSliderAppliesPendingColor" fullname="NowValueControlsTests.ColorPickerChannelSliderAppliesPendingColor" methodname="ColorPickerChannelSliderAppliesPendingColor" classname="NowValueControlsTests" runstate="Runnable" seed="879827096" result="Passed" start-time="2026-07-03 16:40:00Z" end-time="2026-07-03 16:40:00Z" duration="0.000588" asserts="0">
          <properties>
            <property name="retryIteration" value="0" />
            <property name="repeatIteration" value="0" />
          </properties>
        </test-case>
        <test-case id="1742" name="ColorPickerPopupCopiesHex" fullname="NowValueControlsTests.ColorPickerPopupCopiesHex" methodname="ColorPickerPopupCopiesHex" classname="NowValueControlsTests" runstate="Runnable" seed="1194504015" result="Passed" start-time="2026-07-03 16:40:00Z" end-time="2026-07-03 16:40:00Z" duration="0.000555" asserts="0">
          <properties>
            <property name="retryIteration" value="0" />
            <property name="repeatIteration" value="0" />
          </properties>
        </test-case>
        <test-case id="1743" name="ColorPickerPopupPastesHex" fullname="NowValueControlsTests.ColorPickerPopupPastesHex" methodname="ColorPickerPopupPastesHex" classname="NowValueControlsTests" runstate="Runnable" seed="2136234370" result="Passed" start-time="2026-07-03 16:40:00Z" end-time="2026-07-03 16:40:00Z" duration="0.000952" asserts="0">
          <properties>
            <property name="retryIteration" value="0" />
            <property name="repeatIteration" value="0" />
          </properties>
        </test-case>
        <test-case id="1740" name="ColorPickerSaturationValuePopupAppliesPendingColor" fullname="NowValueControlsTests.ColorPickerSaturationValuePopupAppliesPendingColor" methodname="ColorPickerSaturationValuePopupAppliesPendingColor" classname="NowValueControlsTests" runstate="Runnable" seed="2040265915" result="Passed" start-time="2026-07-03 16:40:00Z" end-time="2026-07-03 16:40:00Z" duration="0.000677" asserts="0">
          <properties>
            <property name="retryIteration" value="0" />
            <property name="repeatIteration" value="0" />
          </properties>
        </test-case>
        <test-case id="1766" name="EnumDropdownAppliesPendingSelection" fullname="NowValueControlsTests.EnumDropdownAppliesPendingSelection" methodname="EnumDropdownAppliesPendingSelection" classname="NowValueControlsTests" runstate="Runnable" seed="54537486" result="Passed" start-time="2026-07-03 16:40:00Z" end-time="2026-07-03 16:40:00Z" duration="0.001462" asserts="0">
          <properties>
            <property name="retryIteration" value="0" />
            <property name="repeatIteration" value="0" />
          </properties>
        </test-case>
        <test-case id="1767" name="EnumFlagsToggleSingleBitFlags" fullname="NowValueControlsTests.EnumFlagsToggleSingleBitFlags" methodname="EnumFlagsToggleSingleBitFlags" classname="NowValueControlsTests" runstate="Runnable" seed="720938508" result="Passed" start-time="2026-07-03 16:40:00Z" end-time="2026-07-03 16:40:00Z" duration="0.001433" asserts="0">
          <properties>
            <property name="retryIteration" value="0" />
            <property name="repeatIteration" value="0" />
          </properties>
        </test-case>
        <test-case id="1736" name="FloatFieldKeepsPartialTextAndClampsParsedValue" fullname="NowValueControlsTests.FloatFieldKeepsPartialTextAndClampsParsedValue" methodname="FloatFieldKeepsPartialTextAndClampsParsedValue" classname="NowValueControlsTests" runstate="Runnable" seed="1728654270" result="Passed" start-time="2026-07-03 16:40:00Z" end-time="2026-07-03 16:40:00Z" duration="0.000398" asserts="0">
          <properties>
            <property name="retryIteration" value="0" />
            <property name="repeatIteration" value="0" />
          </properties>
        </test-case>
        <test-case id="1768" name="GradientFieldClosedDrawIsAllocationFreeAfterWarmup" fullname="NowValueControlsTests.GradientFieldClosedDrawIsAllocationFreeAfterWarmup" methodname="GradientFieldClosedDrawIsAllocationFreeAfterWarmup" classname="NowValueControlsTests" runstate="Runnable" seed="1413429973" result="Passed" start-time="2026-07-03 16:40:00Z" end-time="2026-07-03 16:40:00Z" duration="0.007988" asserts="0">
          <properties>
            <property name="retryIteration" value="0" />
            <property name="repeatIteration" value="0" />
          </properties>
        </test-case>
        <test-case id="1753" name="GradientFieldDeleteKeyRemovesSelectedAlphaKey" fullname="NowValueControlsTests.GradientFieldDeleteKeyRemovesSelectedAlphaKey" methodname="GradientFieldDeleteKeyRemovesSelectedAlphaKey" classname="NowValueControlsTests" runstate="Runnable" seed="607863363" result="Passed" start-time="2026-07-03 16:40:00Z" end-time="2026-07-03 16:40:00Z" duration="0.006290" asserts="0">
          <properties>
            <property name="retryIteration" value="0" />
            <property name="repeatIteration" value="0" />
          </properties>
        </test-case>
        <test-case id="1754" name="GradientFieldDeleteKeyRemovesSelectedColorKey" fullname="NowValueControlsTests.GradientFieldDeleteKeyRemovesSelectedColorKey" methodname="GradientFieldDeleteKeyRemovesSelectedColorKey" classname="NowValueControlsTests" runstate="Runnable" seed="1613009397" result="Passed" start-time="2026-07-03 16:40:00Z" end-time="2026-07-03 16:40:00Z" duration="0.002381" asserts="0">
          <properties>
            <property name="retryIteration" value="0" />
            <property name="repeatIteration" value="0" />
          </properties>
        </test-case>
        <test-case id="1752" name="GradientFieldDoubleClickCreatesAlphaKey" fullname="NowValueControlsTests.GradientFieldDoubleClickCreatesAlphaKey" methodname="GradientFieldDoubleClickCreatesAlphaKey" classname="NowValueControlsTests" runstate="Runnable" seed="524592499" result="Passed" start-time="2026-07-03 16:40:00Z" end-time="2026-07-03 16:40:00Z" duration="0.003457" asserts="0">
          <properties>
            <property name="retryIteration" value="0" />
            <property name="repeatIteration" value="0" />
          </properties>
        </test-case>
        <test-case id="1751" name="GradientFieldDoubleClickCreatesColorKey" fullname="NowValueControlsTests.GradientFieldDoubleClickCreatesColorKey" methodname="GradientFieldDoubleClickCreatesColorKey" classname="NowValueControlsTests" runstate="Runnable" seed="2104795902" result="Passed" start-time="2026-07-03 16:40:00Z" end-time="2026-07-03 16:40:00Z" duration="0.003382" asserts="0">
          <properties>
            <property name="retryIteration" value="0" />
            <property name="repeatIteration" value="0" />
          </properties>
        </test-case>
        <test-case id="1746" name="GradientFieldDragsColorKeyTime" fullname="NowValueControlsTests.GradientFieldDragsColorKeyTime" methodname="GradientFieldDragsColorKeyTime" classname="NowValueControlsTests" runstate="Runnable" seed="660983112" result="Passed" start-time="2026-07-03 16:40:00Z" end-time="2026-07-03 16:40:00Z" duration="0.001661" asserts="0">
          <properties>
            <property name="retryIteration" value="0" />
            <property name="repeatIteration" value="0" />
          </properties>
        </test-case>
        <test-case id="1748" name="GradientFieldInlineColorEditorChangesSelectedColor" fullname="NowValueControlsTests.GradientFieldInlineColorEditorChangesSelectedColor" methodname="GradientFieldInlineColorEditorChangesSelectedColor" classname="NowValueControlsTests" runstate="Runnable" seed="1603578512" result="Passed" start-time="2026-07-03 16:40:00Z" end-time="2026-07-03 16:40:00Z" duration="0.001294" asserts="0">
          <properties>
            <property name="retryIteration" value="0" />
            <property name="repeatIteration" value="0" />
          </properties>
        </test-case>
        <test-case id="1747" name="GradientFieldKeepsDraggedColorKeyWhenCrossingNeighbors" fullname="NowValueControlsTests.GradientFieldKeepsDraggedColorKeyWhenCrossingNeighbors" methodname="GradientFieldKeepsDraggedColorKeyWhenCrossingNeighbors" classname="NowValueControlsTests" runstate="Runnable" seed="356151635" result="Passed" start-time="2026-07-03 16:40:00Z" end-time="2026-07-03 16:40:00Z" duration="0.002300" asserts="0">
          <properties>
            <property name="retryIteration" value="0" />
            <property name="repeatIteration" value="0" />
          </properties>
        </test-case>
        <test-case id="1749" name="GradientFieldPressingAlphaKeyOnlySelectsIt" fullname="NowValueControlsTests.GradientFieldPressingAlphaKeyOnlySelectsIt" methodname="GradientFieldPressingAlphaKeyOnlySelectsIt" classname="NowValueControlsTests" runstate="Runnable" seed="317549352" result="Passed" start-time="2026-07-03 16:40:00Z" end-time="2026-07-03 16:40:00Z" duration="0.001177" asserts="0">
          <properties>
            <property name="retryIteration" value="0" />
            <property name="repeatIteration" value="0" />
          </properties>
        </test-case>
        <test-case id="1770" name="GradientFieldPreviewRefreshesWhenValueChanges" fullname="NowValueControlsTests.GradientFieldPreviewRefreshesWhenValueChanges" methodname="GradientFieldPreviewRefreshesWhenValueChanges" classname="NowValueControlsTests" runstate="Runnable" seed="329409372" result="Passed" start-time="2026-07-03 16:40:00Z" end-time="2026-07-03 16:40:00Z" duration="0.001329" asserts="0">
          <properties>
            <property name="retryIteration" value="0" />
            <property name="repeatIteration" value="0" />
          </properties>
        </test-case>
        <test-case id="1745" name="GradientFieldPreviewUsesCachedTexture" fullname="NowValueControlsTests.GradientFieldPreviewUsesCachedTexture" methodname="GradientFieldPreviewUsesCachedTexture" classname="NowValueControlsTests" runstate="Runnable" seed="1595094531" result="Passed" start-time="2026-07-03 16:40:00Z" end-time="2026-07-03 16:40:00Z" duration="0.000538" asserts="0">
          <properties>
            <property name="retryIteration" value="0" />
            <property name="repeatIteration" value="0" />
          </properties>
        </test-case>
        <test-case id="1750" name="GradientFieldSelectedAlphaSliderChangesAlpha" fullname="NowValueControlsTests.GradientFieldSelectedAlphaSliderChangesAlpha" methodname="GradientFieldSelectedAlphaSliderChangesAlpha" classname="NowValueControlsTests" runstate="Runnable" seed="1453794093" result="Passed" start-time="2026-07-03 16:40:00Z" end-time="2026-07-03 16:40:00Z" duration="0.002309" asserts="0">
          <properties>
            <property name="retryIteration" value="0" />
            <property name="repeatIteration" value="0" />
          </properties>
        </test-case>
        <test-case id="1737" name="IntFieldClampsExistingValue" fullname="NowValueControlsTests.IntFieldClampsExistingValue" methodname="IntFieldClampsExistingValue" classname="NowValueControlsTests" runstate="Runnable" seed="1696657725" result="Passed" start-time="2026-07-03 16:40:00Z" end-time="2026-07-03 16:40:00Z" duration="0.000400" asserts="0">
          <properties>
            <property name="retryIteration" value="0" />
            <property name="repeatIteration" value="0" />
          </properties>
        </test-case>
        <test-case id="1738" name="IntSliderSnapsToWholeNumbers" fullname="NowValueControlsTests.IntSliderSnapsToWholeNumbers" methodname="IntSliderSnapsToWholeNumbers" classname="NowValueControlsTests" runstate="Runnable" seed="1515097438" result="Passed" start-time="2026-07-03 16:40:00Z" end-time="2026-07-03 16:40:00Z" duration="0.000446" asserts="0">
          <properties>
            <property name="retryIteration" value="0" />
            <property name="repeatIteration" value="0" />
          </properties>
        </test-case>
        <test-case id="1735" name="ValueFieldsUseControlRendererFrames" fullname="NowValueControlsTests.ValueFieldsUseControlRendererFrames" methodname="ValueFieldsUseControlRendererFrames" classname="NowValueControlsTests" runstate="Runnable" seed="1527279049" result="Passed" start-time="2026-07-03 16:40:00Z" end-time="2026-07-03 16:40:00Z" duration="0.001091" asserts="0">
          <properties>
            <property name="retryIteration" value="0" />
            <property name="repeatIteration" value="0" />
          </properties>
        </test-case>
        <test-case id="1739" name="VectorFieldClampsComponents" fullname="NowValueControlsTests.VectorFieldClampsComponents" methodname="VectorFieldClampsComponents" classname="NowValueControlsTests" runstate="Runnable" seed="791522099" result="Passed" start-time="2026-07-03 16:40:00Z" end-time="2026-07-03 16:40:00Z" duration="0.000612" asserts="0">
          <properties>
            <property name="retryIteration" value="0" />
            <property name="repeatIteration" value="0" />
          </properties>
        </test-case>
      </test-suite>
      <test-suite type="TestFixture" id="1771" name="NowViewStackTests" fullname="NowViewStackTests" classname="NowViewStackTests" runstate="Runnable" testcasecount="10" result="Passed" start-time="2026-07-03 16:40:00Z" end-time="2026-07-03 16:40:00Z" duration="0.077686" total="10" passed="10" failed="0" inconclusive="0" skipped="0" asserts="0">
        <properties />
        <test-case id="1778" name="CoveredViewsDrawPassively" fullname="NowViewStackTests.CoveredViewsDrawPassively" methodname="CoveredViewsDrawPassively" classname="NowViewStackTests" runstate="Runnable" seed="1093783147" result="Passed" start-time="2026-07-03 16:40:00Z" end-time="2026-07-03 16:40:00Z" duration="0.000550" asserts="0">
          <properties>
            <property name="retryIteration" value="0" />
            <property name="repeatIteration" value="0" />
          </properties>
        </test-case>
        <test-case id="1781" name="ExitTransitionKeepsViewUntilCompletion" fullname="NowViewStackTests.ExitTransitionKeepsViewUntilCompletion" methodname="ExitTransitionKeepsViewUntilCompletion" classname="NowViewStackTests" runstate="Runnable" seed="1357899641" result="Passed" start-time="2026-07-03 16:40:00Z" end-time="2026-07-03 16:40:00Z" duration="0.072386" asserts="0">
          <properties>
            <property name="retryIteration" value="0" />
            <property name="repeatIteration" value="0" />
          </properties>
        </test-case>
        <test-case id="1776" name="FullScreenCancelClosesTop" fullname="NowViewStackTests.FullScreenCancelClosesTop" methodname="FullScreenCancelClosesTop" classname="NowViewStackTests" runstate="Runnable" seed="409304431" result="Passed" start-time="2026-07-03 16:40:00Z" end-time="2026-07-03 16:40:00Z" duration="0.000608" asserts="0">
          <properties>
            <property name="retryIteration" value="0" />
            <property name="repeatIteration" value="0" />
          </properties>
        </test-case>
        <test-case id="1780" name="HandleReturnedDuringDrawCanCancelPendingPush" fullname="NowViewStackTests.HandleReturnedDuringDrawCanCancelPendingPush" methodname="HandleReturnedDuringDrawCanCancelPendingPush" classname="NowViewStackTests" runstate="Runnable" seed="110784119" result="Passed" start-time="2026-07-03 16:40:00Z" end-time="2026-07-03 16:40:00Z" duration="0.000701" asserts="0">
          <properties>
            <property name="retryIteration" value="0" />
            <property name="repeatIteration" value="0" />
          </properties>
        </test-case>
        <test-case id="1774" name="KeyedDuplicatePushThrows" fullname="NowViewStackTests.KeyedDuplicatePushThrows" methodname="KeyedDuplicatePushThrows" classname="NowViewStackTests" runstate="Runnable" seed="2127673141" result="Passed" start-time="2026-07-03 16:40:00Z" end-time="2026-07-03 16:40:00Z" duration="0.000630" asserts="0">
          <properties>
            <property name="retryIteration" value="0" />
            <property name="repeatIteration" value="0" />
          </properties>
        </test-case>
        <test-case id="1777" name="ModalPopupBlocksUnderlyingPointerNextFrame" fullname="NowViewStackTests.ModalPopupBlocksUnderlyingPointerNextFrame" methodname="ModalPopupBlocksUnderlyingPointerNextFrame" classname="NowViewStackTests" runstate="Runnable" seed="1860972465" result="Passed" start-time="2026-07-03 16:40:00Z" end-time="2026-07-03 16:40:00Z" duration="0.000356" asserts="0">
          <properties>
            <property name="retryIteration" value="0" />
            <property name="repeatIteration" value="0" />
          </properties>
        </test-case>
        <test-case id="1775" name="PopupOutsideClickClosesTop" fullname="NowViewStackTests.PopupOutsideClickClosesTop" methodname="PopupOutsideClickClosesTop" classname="NowViewStackTests" runstate="Runnable" seed="917980929" result="Passed" start-time="2026-07-03 16:40:00Z" end-time="2026-07-03 16:40:00Z" duration="0.000212" asserts="0">
          <properties>
            <property name="retryIteration" value="0" />
            <property name="repeatIteration" value="0" />
          </properties>
        </test-case>
        <test-case id="1779" name="PushDuringDrawIsDeferredUntilNextFrame" fullname="NowViewStackTests.PushDuringDrawIsDeferredUntilNextFrame" methodname="PushDuringDrawIsDeferredUntilNextFrame" classname="NowViewStackTests" runstate="Runnable" seed="335418313" result="Passed" start-time="2026-07-03 16:40:00Z" end-time="2026-07-03 16:40:00Z" duration="0.000285" asserts="0">
          <properties>
            <property name="retryIteration" value="0" />
            <property name="repeatIteration" value="0" />
          </properties>
        </test-case>
        <test-case id="1772" name="PushWithoutStoredHandleCanPopTop" fullname="NowViewStackTests.PushWithoutStoredHandleCanPopTop" methodname="PushWithoutStoredHandleCanPopTop" classname="NowViewStackTests" runstate="Runnable" seed="1855190895" result="Passed" start-time="2026-07-03 16:40:00Z" end-time="2026-07-03 16:40:00Z" duration="0.000231" asserts="0">
          <properties>
            <property name="retryIteration" value="0" />
            <property name="repeatIteration" value="0" />
          </properties>
        </test-case>
        <test-case id="1773" name="ReturnedHandleCanCloseSpecificEntry" fullname="NowViewStackTests.ReturnedHandleCanCloseSpecificEntry" methodname="ReturnedHandleCanCloseSpecificEntry" classname="NowViewStackTests" runstate="Runnable" seed="303087746" result="Passed" start-time="2026-07-03 16:40:00Z" end-time="2026-07-03 16:40:00Z" duration="0.000210" asserts="0">
          <properties>
            <property name="retryIteration" value="0" />
            <property name="repeatIteration" value="0" />
          </properties>
        </test-case>
      </test-suite>
      <test-suite type="TestFixture" id="1243" name="NowWideNumericFieldTests" fullname="NowWideNumericFieldTests" classname="NowWideNumericFieldTests" runstate="Runnable" testcasecount="5" result="Passed" start-time="2026-07-03 16:40:00Z" end-time="2026-07-03 16:40:00Z" duration="0.002756" total="5" passed="5" failed="0" inconclusive="0" skipped="0" asserts="0">
        <properties />
        <test-case id="1244" name="DoubleFieldClampsToRange" fullname="NowWideNumericFieldTests.DoubleFieldClampsToRange" methodname="DoubleFieldClampsToRange" classname="NowWideNumericFieldTests" runstate="Runnable" seed="405041530" result="Passed" start-time="2026-07-03 16:40:00Z" end-time="2026-07-03 16:40:00Z" duration="0.000475" asserts="0">
          <properties>
            <property name="retryIteration" value="0" />
            <property name="repeatIteration" value="0" />
          </properties>
        </test-case>
        <test-case id="1245" name="DoubleFieldWithoutEditsReturnsFalse" fullname="NowWideNumericFieldTests.DoubleFieldWithoutEditsReturnsFalse" methodname="DoubleFieldWithoutEditsReturnsFalse" classname="NowWideNumericFieldTests" runstate="Runnable" seed="677035979" result="Passed" start-time="2026-07-03 16:40:00Z" end-time="2026-07-03 16:40:00Z" duration="0.000281" asserts="0">
          <properties>
            <property name="retryIteration" value="0" />
            <property name="repeatIteration" value="0" />
          </properties>
        </test-case>
        <test-case id="1246" name="LongFieldClampsToRange" fullname="NowWideNumericFieldTests.LongFieldClampsToRange" methodname="LongFieldClampsToRange" classname="NowWideNumericFieldTests" runstate="Runnable" seed="90897829" result="Passed" start-time="2026-07-03 16:40:00Z" end-time="2026-07-03 16:40:00Z" duration="0.000281" asserts="0">
          <properties>
            <property name="retryIteration" value="0" />
            <property name="repeatIteration" value="0" />
          </properties>
        </test-case>
        <test-case id="1248" name="RectIntVectorFieldRoundTripsWithoutEdits" fullname="NowWideNumericFieldTests.RectIntVectorFieldRoundTripsWithoutEdits" methodname="RectIntVectorFieldRoundTripsWithoutEdits" classname="NowWideNumericFieldTests" runstate="Runnable" seed="1407239294" result="Passed" start-time="2026-07-03 16:40:00Z" end-time="2026-07-03 16:40:00Z" duration="0.000749" asserts="0">
          <properties>
            <property name="retryIteration" value="0" />
            <property name="repeatIteration" value="0" />
          </properties>
        </test-case>
        <test-case id="1247" name="RectVectorFieldRoundTripsWithoutEdits" fullname="NowWideNumericFieldTests.RectVectorFieldRoundTripsWithoutEdits" methodname="RectVectorFieldRoundTripsWithoutEdits" classname="NowWideNumericFieldTests" runstate="Runnable" seed="56356525" result="Passed" start-time="2026-07-03 16:40:00Z" end-time="2026-07-03 16:40:00Z" duration="0.000290" asserts="0">
          <properties>
            <property name="retryIteration" value="0" />
            <property name="repeatIteration" value="0" />
          </properties>
        </test-case>
      </test-suite>
      <test-suite type="TestFixture" id="1782" name="NowWorldGraphicTests" fullname="NowWorldGraphicTests" classname="NowWorldGraphicTests" runstate="Runnable" testcasecount="29" result="Passed" start-time="2026-07-03 16:40:00Z" end-time="2026-07-03 16:40:00Z" duration="0.038094" total="29" passed="29" failed="0" inconclusive="0" skipped="0" asserts="0">
        <properties />
        <test-case id="1798" name="BackWorldGraphicReceivesClickWhereFrontGraphicDoesNotCover" fullname="NowWorldGraphicTests.BackWorldGraphicReceivesClickWhereFrontGraphicDoesNotCover" methodname="BackWorldGraphicReceivesClickWhereFrontGraphicDoesNotCover" classname="NowWorldGraphicTests" runstate="Runnable" seed="610266663" result="Passed" start-time="2026-07-03 16:40:00Z" end-time="2026-07-03 16:40:00Z" duration="0.007109" asserts="0">
          <properties>
            <property name="retryIteration" value="0" />
            <property name="repeatIteration" value="0" />
          </properties>
        </test-case>
        <test-case id="1807" name="DepthModeUsesMaterialClone" fullname="NowWorldGraphicTests.DepthModeUsesMaterialClone" methodname="DepthModeUsesMaterialClone" classname="NowWorldGraphicTests" runstate="Runnable" seed="425141186" result="Passed" start-time="2026-07-03 16:40:00Z" end-time="2026-07-03 16:40:00Z" duration="0.001228" asserts="0">
          <properties>
            <property name="retryIteration" value="0" />
            <property name="repeatIteration" value="0" />
          </properties>
        </test-case>
        <test-case id="1797" name="OverlappingWorldGraphicsRouteClickToFrontMostSurface" fullname="NowWorldGraphicTests.OverlappingWorldGraphicsRouteClickToFrontMostSurface" methodname="OverlappingWorldGraphicsRouteClickToFrontMostSurface" classname="NowWorldGraphicTests" runstate="Runnable" seed="1078724557" result="Passed" start-time="2026-07-03 16:40:00Z" end-time="2026-07-03 16:40:00Z" duration="0.001122" asserts="0">
          <properties>
            <property name="retryIteration" value="0" />
            <property name="repeatIteration" value="0" />
          </properties>
        </test-case>
        <test-case id="1793" name="WorldContextMenuBelongsToTheSurfaceThatOpenedIt" fullname="NowWorldGraphicTests.WorldContextMenuBelongsToTheSurfaceThatOpenedIt" methodname="WorldContextMenuBelongsToTheSurfaceThatOpenedIt" classname="NowWorldGraphicTests" runstate="Runnable" seed="1047507217" result="Passed" start-time="2026-07-03 16:40:00Z" end-time="2026-07-03 16:40:00Z" duration="0.001940" asserts="0">
          <properties>
            <property name="retryIteration" value="0" />
            <property name="repeatIteration" value="0" />
          </properties>
        </test-case>
        <test-case id="1791" name="WorldContextMenuItemClickDoesNotFallThroughToOwnContent" fullname="NowWorldGraphicTests.WorldContextMenuItemClickDoesNotFallThroughToOwnContent" methodname="WorldContextMenuItemClickDoesNotFallThroughToOwnContent" classname="NowWorldGraphicTests" runstate="Runnable" seed="1977338956" result="Passed" start-time="2026-07-03 16:40:00Z" end-time="2026-07-03 16:40:00Z" duration="0.000777" asserts="0">
          <properties>
            <property name="retryIteration" value="0" />
            <property name="repeatIteration" value="0" />
          </properties>
        </test-case>
        <test-case id="1792" name="WorldContextMenuOverhangDoesNotClickSurfaceBehind" fullname="NowWorldGraphicTests.WorldContextMenuOverhangDoesNotClickSurfaceBehind" methodname="WorldContextMenuOverhangDoesNotClickSurfaceBehind" classname="NowWorldGraphicTests" runstate="Runnable" seed="944014366" result="Passed" start-time="2026-07-03 16:40:00Z" end-time="2026-07-03 16:40:00Z" duration="0.001021" asserts="0">
          <properties>
            <property name="retryIteration" value="0" />
            <property name="repeatIteration" value="0" />
          </properties>
        </test-case>
        <test-case id="1811" name="WorldDeformerCanMoveVerticesInLocalZ" fullname="NowWorldGraphicTests.WorldDeformerCanMoveVerticesInLocalZ" methodname="WorldDeformerCanMoveVerticesInLocalZ" classname="NowWorldGraphicTests" runstate="Runnable" seed="905835661" result="Passed" start-time="2026-07-03 16:40:00Z" end-time="2026-07-03 16:40:00Z" duration="0.000645" asserts="0">
          <properties>
            <property name="retryIteration" value="0" />
            <property name="repeatIteration" value="0" />
          </properties>
        </test-case>
        <test-case id="1810" name="WorldGlassBackdropCollectsWorldGraphicsBehindRequester" fullname="NowWorldGraphicTests.WorldGlassBackdropCollectsWorldGraphicsBehindRequester" methodname="WorldGlassBackdropCollectsWorldGraphicsBehindRequester" classname="NowWorldGraphicTests" runstate="Runnable" seed="956365228" result="Passed" start-time="2026-07-03 16:40:00Z" end-time="2026-07-03 16:40:00Z" duration="0.001730" asserts="0">
          <properties>
            <property name="retryIteration" value="0" />
            <property name="repeatIteration" value="0" />
          </properties>
        </test-case>
        <test-case id="1809" name="WorldGlassBackdropModeNormalizesLegacyValues" fullname="NowWorldGraphicTests.WorldGlassBackdropModeNormalizesLegacyValues" methodname="WorldGlassBackdropModeNormalizesLegacyValues" classname="NowWorldGraphicTests" runstate="Runnable" seed="1837938442" result="Passed" start-time="2026-07-03 16:40:00Z" end-time="2026-07-03 16:40:00Z" duration="0.000342" asserts="0">
          <properties>
            <property name="retryIteration" value="0" />
            <property name="repeatIteration" value="0" />
          </properties>
        </test-case>
        <test-case id="1808" name="WorldGlassMaterialFollowsBackdropMode" fullname="NowWorldGraphicTests.WorldGlassMaterialFollowsBackdropMode" methodname="WorldGlassMaterialFollowsBackdropMode" classname="NowWorldGraphicTests" runstate="Runnable" seed="527600630" result="Passed" start-time="2026-07-03 16:40:00Z" end-time="2026-07-03 16:40:00Z" duration="0.000458" asserts="0">
          <properties>
            <property name="retryIteration" value="0" />
            <property name="repeatIteration" value="0" />
          </properties>
        </test-case>
        <test-case id="1805" name="WorldGraphicAnimationCurveFieldClickAddsPopupGeometry" fullname="NowWorldGraphicTests.WorldGraphicAnimationCurveFieldClickAddsPopupGeometry" methodname="WorldGraphicAnimationCurveFieldClickAddsPopupGeometry" classname="NowWorldGraphicTests" runstate="Runnable" seed="939631651" result="Passed" start-time="2026-07-03 16:40:00Z" end-time="2026-07-03 16:40:00Z" duration="0.002569" asserts="0">
          <properties>
            <property name="retryIteration" value="0" />
            <property name="repeatIteration" value="0" />
          </properties>
        </test-case>
        <test-case id="1786" name="WorldGraphicAntiAliasSmoothingLowersCaptureScale" fullname="NowWorldGraphicTests.WorldGraphicAntiAliasSmoothingLowersCaptureScale" methodname="WorldGraphicAntiAliasSmoothingLowersCaptureScale" classname="NowWorldGraphicTests" runstate="Runnable" seed="918760632" result="Passed" start-time="2026-07-03 16:40:00Z" end-time="2026-07-03 16:40:00Z" duration="0.000882" asserts="0">
          <properties>
            <property name="retryIteration" value="0" />
            <property name="repeatIteration" value="0" />
          </properties>
        </test-case>
        <test-case id="1788" name="WorldGraphicCanAutoSizeLayoutHeightFromFixedWidth" fullname="NowWorldGraphicTests.WorldGraphicCanAutoSizeLayoutHeightFromFixedWidth" methodname="WorldGraphicCanAutoSizeLayoutHeightFromFixedWidth" classname="NowWorldGraphicTests" runstate="Runnable" seed="1258541197" result="Passed" start-time="2026-07-03 16:40:00Z" end-time="2026-07-03 16:40:00Z" duration="0.000515" asserts="0">
          <properties>
            <property name="retryIteration" value="0" />
            <property name="repeatIteration" value="0" />
          </properties>
        </test-case>
        <test-case id="1787" name="WorldGraphicCanAutoSizeToLayoutContent" fullname="NowWorldGraphicTests.WorldGraphicCanAutoSizeToLayoutContent" methodname="WorldGraphicCanAutoSizeToLayoutContent" classname="NowWorldGraphicTests" runstate="Runnable" seed="2029899251" result="Passed" start-time="2026-07-03 16:40:00Z" end-time="2026-07-03 16:40:00Z" duration="0.000271" asserts="0">
          <properties>
            <property name="retryIteration" value="0" />
            <property name="repeatIteration" value="0" />
          </properties>
        </test-case>
        <test-case id="1804" name="WorldGraphicInputIgnoresOuterTransformStack" fullname="NowWorldGraphicTests.WorldGraphicInputIgnoresOuterTransformStack" methodname="WorldGraphicInputIgnoresOuterTransformStack" classname="NowWorldGraphicTests" runstate="Runnable" seed="1020705917" result="Passed" start-time="2026-07-03 16:40:00Z" end-time="2026-07-03 16:40:00Z" duration="0.000552" asserts="0">
          <properties>
            <property name="retryIteration" value="0" />
            <property name="repeatIteration" value="0" />
          </properties>
        </test-case>
        <test-case id="1790" name="WorldGraphicRebuildIsAllocationFreeAfterWarmup" fullname="NowWorldGraphicTests.WorldGraphicRebuildIsAllocationFreeAfterWarmup" methodname="WorldGraphicRebuildIsAllocationFreeAfterWarmup" classname="NowWorldGraphicTests" runstate="Runnable" seed="1583548456" result="Passed" start-time="2026-07-03 16:40:00Z" end-time="2026-07-03 16:40:00Z" duration="0.000400" asserts="0">
          <properties>
            <property name="retryIteration" value="0" />
            <property name="repeatIteration" value="0" />
          </properties>
        </test-case>
        <test-case id="1803" name="WorldGraphicScopesControlsPerInstance" fullname="NowWorldGraphicTests.WorldGraphicScopesControlsPerInstance" methodname="WorldGraphicScopesControlsPerInstance" classname="NowWorldGraphicTests" runstate="Runnable" seed="973276165" result="Passed" start-time="2026-07-03 16:40:00Z" end-time="2026-07-03 16:40:00Z" duration="0.000506" asserts="0">
          <properties>
            <property name="retryIteration" value="0" />
            <property name="repeatIteration" value="0" />
          </properties>
        </test-case>
        <test-case id="1789" name="WorldGraphicSkipsRebuildWhenOutsideTargetCameraFrustum" fullname="NowWorldGraphicTests.WorldGraphicSkipsRebuildWhenOutsideTargetCameraFrustum" methodname="WorldGraphicSkipsRebuildWhenOutsideTargetCameraFrustum" classname="NowWorldGraphicTests" runstate="Runnable" seed="1044820544" result="Passed" start-time="2026-07-03 16:40:00Z" end-time="2026-07-03 16:40:00Z" duration="0.000865" asserts="0">
          <properties>
            <property name="retryIteration" value="0" />
            <property name="repeatIteration" value="0" />
          </properties>
        </test-case>
        <test-case id="1785" name="WorldGraphicUsesProjectedPixelsPerUiUnitForCapture" fullname="NowWorldGraphicTests.WorldGraphicUsesProjectedPixelsPerUiUnitForCapture" methodname="WorldGraphicUsesProjectedPixelsPerUiUnitForCapture" classname="NowWorldGraphicTests" runstate="Runnable" seed="379370409" result="Passed" start-time="2026-07-03 16:40:00Z" end-time="2026-07-03 16:40:00Z" duration="0.000529" asserts="0">
          <properties>
            <property name="retryIteration" value="0" />
            <property name="repeatIteration" value="0" />
          </properties>
        </test-case>
        <test-case id="1799" name="WorldInputBlockedFreshPressDoesNotReusePreviousHover" fullname="NowWorldGraphicTests.WorldInputBlockedFreshPressDoesNotReusePreviousHover" methodname="WorldInputBlockedFreshPressDoesNotReusePreviousHover" classname="NowWorldGraphicTests" runstate="Runnable" seed="1847897170" result="Passed" start-time="2026-07-03 16:40:00Z" end-time="2026-07-03 16:40:00Z" duration="0.000662" asserts="0">
          <properties>
            <property name="retryIteration" value="0" />
            <property name="repeatIteration" value="0" />
          </properties>
        </test-case>
        <test-case id="1800" name="WorldInputBlockedReleaseKeepsCapturedPointer" fullname="NowWorldGraphicTests.WorldInputBlockedReleaseKeepsCapturedPointer" methodname="WorldInputBlockedReleaseKeepsCapturedPointer" classname="NowWorldGraphicTests" runstate="Runnable" seed="205129001" result="Passed" start-time="2026-07-03 16:40:00Z" end-time="2026-07-03 16:40:00Z" duration="0.000575" asserts="0">
          <properties>
            <property name="retryIteration" value="0" />
            <property name="repeatIteration" value="0" />
          </properties>
        </test-case>
        <test-case id="1795" name="WorldInputMapsCameraRayToSurfaceCoordinates" fullname="NowWorldGraphicTests.WorldInputMapsCameraRayToSurfaceCoordinates" methodname="WorldInputMapsCameraRayToSurfaceCoordinates" classname="NowWorldGraphicTests" runstate="Runnable" seed="844612758" result="Passed" start-time="2026-07-03 16:40:00Z" end-time="2026-07-03 16:40:00Z" duration="0.000411" asserts="0">
          <properties>
            <property name="retryIteration" value="0" />
            <property name="repeatIteration" value="0" />
          </properties>
        </test-case>
        <test-case id="1802" name="WorldInputReleaseOutsideSurfaceClearsActiveInteraction" fullname="NowWorldGraphicTests.WorldInputReleaseOutsideSurfaceClearsActiveInteraction" methodname="WorldInputReleaseOutsideSurfaceClearsActiveInteraction" classname="NowWorldGraphicTests" runstate="Runnable" seed="1429595634" result="Passed" start-time="2026-07-03 16:40:00Z" end-time="2026-07-03 16:40:00Z" duration="0.000535" asserts="0">
          <properties>
            <property name="retryIteration" value="0" />
            <property name="repeatIteration" value="0" />
          </properties>
        </test-case>
        <test-case id="1801" name="WorldInputSceneOccludedRejectsSceneBlockedRay" fullname="NowWorldGraphicTests.WorldInputSceneOccludedRejectsSceneBlockedRay" methodname="WorldInputSceneOccludedRejectsSceneBlockedRay" classname="NowWorldGraphicTests" runstate="Runnable" seed="196343481" result="Passed" start-time="2026-07-03 16:40:00Z" end-time="2026-07-03 16:40:00Z" duration="0.006928" asserts="0">
          <properties>
            <property name="retryIteration" value="0" />
            <property name="repeatIteration" value="0" />
          </properties>
        </test-case>
        <test-case id="1796" name="WorldInputUsesFrontMostGraphicAtScreenPoint" fullname="NowWorldGraphicTests.WorldInputUsesFrontMostGraphicAtScreenPoint" methodname="WorldInputUsesFrontMostGraphicAtScreenPoint" classname="NowWorldGraphicTests" runstate="Runnable" seed="514320997" result="Passed" start-time="2026-07-03 16:40:00Z" end-time="2026-07-03 16:40:00Z" duration="0.000565" asserts="0">
          <properties>
            <property name="retryIteration" value="0" />
            <property name="repeatIteration" value="0" />
          </properties>
        </test-case>
        <test-case id="1783" name="WorldMeshMapsUiCoordinatesToLocalSpace" fullname="NowWorldGraphicTests.WorldMeshMapsUiCoordinatesToLocalSpace" methodname="WorldMeshMapsUiCoordinatesToLocalSpace" classname="NowWorldGraphicTests" runstate="Runnable" seed="886615939" result="Passed" start-time="2026-07-03 16:40:00Z" end-time="2026-07-03 16:40:00Z" duration="0.000563" asserts="0">
          <properties>
            <property name="retryIteration" value="0" />
            <property name="repeatIteration" value="0" />
          </properties>
        </test-case>
        <test-case id="1794" name="WorldPopupClampShrinksToProjectedCameraView" fullname="NowWorldGraphicTests.WorldPopupClampShrinksToProjectedCameraView" methodname="WorldPopupClampShrinksToProjectedCameraView" classname="NowWorldGraphicTests" runstate="Runnable" seed="693276487" result="Passed" start-time="2026-07-03 16:40:00Z" end-time="2026-07-03 16:40:00Z" duration="0.001027" asserts="0">
          <properties>
            <property name="retryIteration" value="0" />
            <property name="repeatIteration" value="0" />
          </properties>
        </test-case>
        <test-case id="1806" name="WorldPopupFitMovesRectIntoCameraViewOnSamePlane" fullname="NowWorldGraphicTests.WorldPopupFitMovesRectIntoCameraViewOnSamePlane" methodname="WorldPopupFitMovesRectIntoCameraViewOnSamePlane" classname="NowWorldGraphicTests" runstate="Runnable" seed="1102847814" result="Passed" start-time="2026-07-03 16:40:00Z" end-time="2026-07-03 16:40:00Z" duration="0.000700" asserts="0">
          <properties>
            <property name="retryIteration" value="0" />
            <property name="repeatIteration" value="0" />
          </properties>
        </test-case>
        <test-case id="1784" name="WorldRendererPreservesMaterialBatches" fullname="NowWorldGraphicTests.WorldRendererPreservesMaterialBatches" methodname="WorldRendererPreservesMaterialBatches" classname="NowWorldGraphicTests" runstate="Runnable" seed="1983971341" result="Passed" start-time="2026-07-03 16:40:00Z" end-time="2026-07-03 16:40:00Z" duration="0.000731" asserts="0">
          <properties>
            <property name="retryIteration" value="0" />
            <property name="repeatIteration" value="0" />
          </properties>
        </test-case>
      </test-suite>
      <test-suite type="TestFixture" id="1812" name="Simple" fullname="Simple" classname="Simple" runstate="Runnable" testcasecount="9" result="Passed" start-time="2026-07-03 16:40:00Z" end-time="2026-07-03 16:40:00Z" duration="0.004746" total="9" passed="9" failed="0" inconclusive="0" skipped="0" asserts="0">
        <properties />
        <test-case id="1820" name="FontCanResolveSupplementaryPlaneGlyphs" fullname="Simple.FontCanResolveSupplementaryPlaneGlyphs" methodname="FontCanResolveSupplementaryPlaneGlyphs" classname="Simple" runstate="Runnable" seed="1200394592" result="Passed" start-time="2026-07-03 16:40:00Z" end-time="2026-07-03 16:40:00Z" duration="0.000770" asserts="0">
          <properties>
            <property name="retryIteration" value="0" />
            <property name="repeatIteration" value="0" />
          </properties>
        </test-case>
        <test-case id="1818" name="FontMeasureFallsBackWhenPreparedPrimaryFontMissesGlyph" fullname="Simple.FontMeasureFallsBackWhenPreparedPrimaryFontMissesGlyph" methodname="FontMeasureFallsBackWhenPreparedPrimaryFontMissesGlyph" classname="Simple" runstate="Runnable" seed="1733244842" result="Passed" start-time="2026-07-03 16:40:00Z" end-time="2026-07-03 16:40:00Z" duration="0.000732" asserts="0">
          <properties>
            <property name="retryIteration" value="0" />
            <property name="repeatIteration" value="0" />
          </properties>
        </test-case>
        <test-case id="1821" name="FontMeasuresTextBoundsUsingGlyphPlanes" fullname="Simple.FontMeasuresTextBoundsUsingGlyphPlanes" methodname="FontMeasuresTextBoundsUsingGlyphPlanes" classname="Simple" runstate="Runnable" seed="700078030" result="Passed" start-time="2026-07-03 16:40:00Z" end-time="2026-07-03 16:40:00Z" duration="0.000651" asserts="0">
          <properties>
            <property name="retryIteration" value="0" />
            <property name="repeatIteration" value="0" />
          </properties>
        </test-case>
        <test-case id="1817" name="FontMeasuresTextUsingGlyphAdvances" fullname="Simple.FontMeasuresTextUsingGlyphAdvances" methodname="FontMeasuresTextUsingGlyphAdvances" classname="Simple" runstate="Runnable" seed="169457134" result="Passed" start-time="2026-07-03 16:40:00Z" end-time="2026-07-03 16:40:00Z" duration="0.000412" asserts="0">
          <properties>
            <property name="retryIteration" value="0" />
            <property name="repeatIteration" value="0" />
          </properties>
        </test-case>
        <test-case id="1815" name="FontNormalizesAtlasBounds" fullname="Simple.FontNormalizesAtlasBounds" methodname="FontNormalizesAtlasBounds" classname="Simple" runstate="Runnable" seed="16764820" result="Passed" start-time="2026-07-03 16:40:00Z" end-time="2026-07-03 16:40:00Z" duration="0.000432" asserts="0">
          <properties>
            <property name="retryIteration" value="0" />
            <property name="repeatIteration" value="0" />
          </properties>
        </test-case>
        <test-case id="1819" name="FontReadsSurrogatePairAsSingleCodepoint" fullname="Simple.FontReadsSurrogatePairAsSingleCodepoint" methodname="FontReadsSurrogatePairAsSingleCodepoint" classname="Simple" runstate="Runnable" seed="219468357" result="Passed" start-time="2026-07-03 16:40:00Z" end-time="2026-07-03 16:40:00Z" duration="0.000090" asserts="0">
          <properties>
            <property name="retryIteration" value="0" />
            <property name="repeatIteration" value="0" />
          </properties>
        </test-case>
        <test-case id="1814" name="FontReturnsFalseWhenAtlasDataIsMissing" fullname="Simple.FontReturnsFalseWhenAtlasDataIsMissing" methodname="FontReturnsFalseWhenAtlasDataIsMissing" classname="Simple" runstate="Runnable" seed="1746820482" result="Passed" start-time="2026-07-03 16:40:00Z" end-time="2026-07-03 16:40:00Z" duration="0.000146" asserts="0">
          <properties>
            <property name="retryIteration" value="0" />
            <property name="repeatIteration" value="0" />
          </properties>
        </test-case>
        <test-case id="1816" name="FontSupportsSparseGlyphRanges" fullname="Simple.FontSupportsSparseGlyphRanges" methodname="FontSupportsSparseGlyphRanges" classname="Simple" runstate="Runnable" seed="2095190876" result="Passed" start-time="2026-07-03 16:40:00Z" end-time="2026-07-03 16:40:00Z" duration="0.000423" asserts="0">
          <properties>
            <property name="retryIteration" value="0" />
            <property name="repeatIteration" value="0" />
          </properties>
        </test-case>
        <test-case id="1813" name="StaticListEnsureCapacityPreservesExistingValues" fullname="Simple.StaticListEnsureCapacityPreservesExistingValues" methodname="StaticListEnsureCapacityPreservesExistingValues" classname="Simple" runstate="Runnable" seed="246646903" result="Passed" start-time="2026-07-03 16:40:00Z" end-time="2026-07-03 16:40:00Z" duration="0.000117" asserts="0">
          <properties>
            <property name="retryIteration" value="0" />
            <property name="repeatIteration" value="0" />
          </properties>
          <output><![CDATA[Saving results to: C:/Users/blenm/AppData/LocalLow/DefaultCompany/Now-UI-Unity\TestResults.xml
]]></output>
        </test-case>
      </test-suite>
    </test-suite>
  </test-suite>
</test-run>